<!doctype html public "-//w3c//dtd html 4.0 transitional//en">
<html><head>
<title>Static Call Graph - [StemWin_Port\StemWin_Port.axf]</title></head>
<body><HR>
<H1>Static Call Graph for image StemWin_Port\StemWin_Port.axf</H1><HR>
<BR><P>#&#060CALLGRAPH&#062# ARM Linker, 5060422: Last Updated: Mon Oct 14 20:57:34 2024
<BR><P>
<H3>Maximum Stack Usage =        380 bytes + Unknown(Functions without stacksize, Cycles, Untraceable Function Pointers)</H3><H3>
Call chain for Maximum Stack Depth:</H3>
EXTI0_IRQHandler &rArr; HAL_GPIO_EXTI_IRQHandler &rArr; HAL_GPIO_EXTI_Callback &rArr; rtp_test &rArr; tp_adjust &rArr; tp_adjust_info_show &rArr; lcd_show_string &rArr; lcd_show_char &rArr; lcd_draw_point &rArr; lcd_set_cursor &rArr; lcd_wr_regno
<P>
<H3>
Functions with no stack information
</H3><UL>
 <LI><a href="#[85]">BUTTON_Callback</a>
 <LI><a href="#[c9]">BUTTON_CreateIndirect</a>
 <LI><a href="#[a]">BUTTON_DrawSkinFlex</a>
 <LI><a href="#[158]">BUTTON_IsPressed</a>
 <LI><a href="#[2e7]">BUTTON_SetDefaultSkin</a>
 <LI><a href="#[2e2]">BUTTON_SetReactOnLevel</a>
 <LI><a href="#[89]">FRAMEWIN_Callback</a>
 <LI><a href="#[c8]">FRAMEWIN_CreateIndirect</a>
 <LI><a href="#[e]">FRAMEWIN_DrawSkinFlex</a>
 <LI><a href="#[164]">FRAMEWIN_GetActive</a>
 <LI><a href="#[2e3]">FRAMEWIN_GetSkinFlexProps</a>
 <LI><a href="#[168]">FRAMEWIN_GetText</a>
 <LI><a href="#[2e5]">FRAMEWIN_SetDefaultSkin</a>
 <LI><a href="#[16a]">FRAMEWIN_SetFont</a>
 <LI><a href="#[2e4]">FRAMEWIN_SetSkinFlexProps</a>
 <LI><a href="#[16e]">FRAMEWIN_SetTextAlign</a>
 <LI><a href="#[16f]">FRAMEWIN_SetTextColor</a>
 <LI><a href="#[170]">FRAMEWIN_SetTitleHeight</a>
 <LI><a href="#[15e]">FRAMEWIN__CalcPositions</a>
 <LI><a href="#[175]">FRAMEWIN__CalcTitleHeight</a>
 <LI><a href="#[d]">FRAMEWIN__GetBorderSize</a>
 <LI><a href="#[174]">FRAMEWIN__GetTitleLimits</a>
 <LI><a href="#[16d]">FRAMEWIN__UpdateButtons</a>
 <LI><a href="#[16c]">FRAMEWIN__UpdatePositions</a>
 <LI><a href="#[180]">GL_DrawBitmap</a>
 <LI><a href="#[1da]">GL_DrawCircle</a>
 <LI><a href="#[183]">GL_DrawLine1Ex</a>
 <LI><a href="#[184]">GL_DrawPoint</a>
 <LI><a href="#[186]">GL_FillCircle</a>
 <LI><a href="#[1de]">GL_FillPolygon</a>
 <LI><a href="#[187]">GL_SetDefault</a>
 <LI><a href="#[e1]">GUIMONO_DispChar</a>
 <LI><a href="#[e2]">GUIMONO_GetCharDistX</a>
 <LI><a href="#[e3]">GUIMONO_GetFontInfo</a>
 <LI><a href="#[e4]">GUIMONO_IsInFont</a>
 <LI><a href="#[d0]">GUIPROP_AA4_EXT_DispChar</a>
 <LI><a href="#[cc]">GUIPROP_DispChar</a>
 <LI><a href="#[d1]">GUIPROP_EXT_GetCharDistX</a>
 <LI><a href="#[d4]">GUIPROP_EXT_GetCharInfo</a>
 <LI><a href="#[d2]">GUIPROP_EXT_GetFontInfo</a>
 <LI><a href="#[d3]">GUIPROP_EXT_IsInFont</a>
 <LI><a href="#[8]">GUIPROP_EXT__ClearLine</a>
 <LI><a href="#[df]">GUIPROP_EXT__DispLine</a>
 <LI><a href="#[18b]">GUIPROP_EXT__FindChar</a>
 <LI><a href="#[cd]">GUIPROP_GetCharDistX</a>
 <LI><a href="#[ce]">GUIPROP_GetFontInfo</a>
 <LI><a href="#[cf]">GUIPROP_IsInFont</a>
 <LI><a href="#[18c]">GUI_AA__DrawCharAA4</a>
 <LI><a href="#[193]">GUI_ALLOC_AllocNoInit</a>
 <LI><a href="#[195]">GUI_ALLOC_AllocZero</a>
 <LI><a href="#[2f2]">GUI_ALLOC_AssignMemory</a>
 <LI><a href="#[196]">GUI_ALLOC_Free</a>
 <LI><a href="#[1c0]">GUI_ALLOC_FreeFixedBlock</a>
 <LI><a href="#[142]">GUI_ALLOC_FreePtr</a>
 <LI><a href="#[143]">GUI_ALLOC_FreePtrArray</a>
 <LI><a href="#[198]">GUI_ALLOC_GetFixedBlock</a>
 <LI><a href="#[19b]">GUI_ALLOC_GetMaxSize</a>
 <LI><a href="#[2ed]">GUI_ALLOC_GetNumFreeBytes</a>
 <LI><a href="#[259]">GUI_ALLOC_GetSize</a>
 <LI><a href="#[13f]">GUI_ALLOC_LockH</a>
 <LI><a href="#[19c]">GUI_ALLOC_Realloc</a>
 <LI><a href="#[19d]">GUI_ALLOC_RequestSize</a>
 <LI><a href="#[140]">GUI_ALLOC_UnlockH</a>
 <LI><a href="#[1bc]">GUI_ALLOC_h2p</a>
 <LI><a href="#[19e]">GUI_ARRAY_GetNumItems</a>
 <LI><a href="#[19f]">GUI_ARRAY_GetpItemLocked</a>
 <LI><a href="#[1a0]">GUI_AddDecMin</a>
 <LI><a href="#[1a2]">GUI_AddDecShift</a>
 <LI><a href="#[1a3]">GUI_CURSOR_SelectEx</a>
 <LI><a href="#[1ae]">GUI_CURSOR_SetPositionEx</a>
 <LI><a href="#[1b1]">GUI_CURSOR_Show</a>
 <LI><a href="#[2c9]">GUI_CalcColorDist</a>
 <LI><a href="#[17e]">GUI_Clear</a>
 <LI><a href="#[1b5]">GUI_CreateDialogBox</a>
 <LI><a href="#[1bd]">GUI_DEVICE_Create</a>
 <LI><a href="#[1be]">GUI_DEVICE_CreateAndLink</a>
 <LI><a href="#[1bf]">GUI_DEVICE_Delete</a>
 <LI><a href="#[1f9]">GUI_DEVICE_Link</a>
 <LI><a href="#[22d]">GUI_DEVICE_Unlink</a>
 <LI><a href="#[1ff]">GUI_DEVICE__GetpDriver</a>
 <LI><a href="#[152]">GUI_DRAW__Draw</a>
 <LI><a href="#[1c1]">GUI_DRAW__GetXSize</a>
 <LI><a href="#[1c2]">GUI_DRAW__GetYSize</a>
 <LI><a href="#[1c3]">GUI_Delay</a>
 <LI><a href="#[1c7]">GUI_DispDecAt</a>
 <LI><a href="#[1c8]">GUI_DispStringAt</a>
 <LI><a href="#[1d0]">GUI_DispStringHCenterAt</a>
 <LI><a href="#[150]">GUI_DispStringInRect</a>
 <LI><a href="#[1d5]">GUI_DispStringInRectWrap</a>
 <LI><a href="#[1a9]">GUI_DrawBitmap</a>
 <LI><a href="#[1d9]">GUI_DrawCircle</a>
 <LI><a href="#[1db]">GUI_DrawFocusRect</a>
 <LI><a href="#[98]">GUI_DrawGradientH</a>
 <LI><a href="#[97]">GUI_DrawGradientV</a>
 <LI><a href="#[155]">GUI_DrawHLine</a>
 <LI><a href="#[1dd]">GUI_DrawLine</a>
 <LI><a href="#[167]">GUI_DrawPixel</a>
 <LI><a href="#[14b]">GUI_DrawRect</a>
 <LI><a href="#[156]">GUI_DrawVLine</a>
 <LI><a href="#[1c5]">GUI_Exec</a>
 <LI><a href="#[157]">GUI_FillRect</a>
 <LI><a href="#[166]">GUI_FillRectEx</a>
 <LI><a href="#[22f]">GUI_GetBitmapPixelIndex</a>
 <LI><a href="#[2cd]">GUI_GetBitmapPixelIndexEx</a>
 <LI><a href="#[221]">GUI_GetBitsPerPixelEx</a>
 <LI><a href="#[18e]">GUI_GetBkColor</a>
 <LI><a href="#[254]">GUI_GetCharDistX</a>
 <LI><a href="#[255]">GUI_GetCharDistXEx</a>
 <LI><a href="#[14d]">GUI_GetClientRect</a>
 <LI><a href="#[18d]">GUI_GetColor</a>
 <LI><a href="#[1a4]">GUI_GetCursorLayer</a>
 <LI><a href="#[1ca]">GUI_GetFontDistY</a>
 <LI><a href="#[271]">GUI_GetFontSizeY</a>
 <LI><a href="#[1e3]">GUI_GetLayerPosEx</a>
 <LI><a href="#[206]">GUI_GetOrg</a>
 <LI><a href="#[1e5]">GUI_GetStringDistX</a>
 <LI><a href="#[1e7]">GUI_GetTime</a>
 <LI><a href="#[24c]">GUI_GetVersionString</a>
 <LI><a href="#[1cb]">GUI_GetYAdjust</a>
 <LI><a href="#[16b]">GUI_GetYSizeOfFont</a>
 <LI><a href="#[211]">GUI_GetpfColor2IndexEx</a>
 <LI><a href="#[222]">GUI_GetpfIndex2ColorEx</a>
 <LI><a href="#[1b2]">GUI_GotoXY</a>
 <LI><a href="#[1e8]">GUI_Init</a>
 <LI><a href="#[1a1]">GUI_Long2Len</a>
 <LI><a href="#[1f4]">GUI_MEMDEV_Clear</a>
 <LI><a href="#[1f5]">GUI_MEMDEV_CopyToLCD</a>
 <LI><a href="#[1fd]">GUI_MEMDEV_CreateEx</a>
 <LI><a href="#[200]">GUI_MEMDEV_CreateFixed32</a>
 <LI><a href="#[201]">GUI_MEMDEV_Delete</a>
 <LI><a href="#[203]">GUI_MEMDEV_Draw</a>
 <LI><a href="#[347]">GUI_MEMDEV_DrawPerspectiveX</a>
 <LI><a href="#[214]">GUI_MEMDEV_GetBitsPerPixel</a>
 <LI><a href="#[216]">GUI_MEMDEV_GetDataPtr</a>
 <LI><a href="#[207]">GUI_MEMDEV_GetYSize</a>
 <LI><a href="#[9f]">GUI_MEMDEV_Paint1Static</a>
 <LI><a href="#[209]">GUI_MEMDEV_ReduceYSize</a>
 <LI><a href="#[208]">GUI_MEMDEV_Select</a>
 <LI><a href="#[2e1]">GUI_MEMDEV_SetAnimationCallback</a>
 <LI><a href="#[20a]">GUI_MEMDEV_SetOrg</a>
 <LI><a href="#[219]">GUI_MEMDEV_Write</a>
 <LI><a href="#[1fe]">GUI_MEMDEV__CreateFixed</a>
 <LI><a href="#[a5]">GUI_MEMDEV__WriteToActiveAlpha</a>
 <LI><a href="#[21c]">GUI_MEMDEV__WriteToActiveAt</a>
 <LI><a href="#[a4]">GUI_MEMDEV__WriteToActiveOpaque</a>
 <LI><a href="#[272]">GUI_MergeRect</a>
 <LI><a href="#[14e]">GUI_MoveRect</a>
 <LI><a href="#[29d]">GUI_PID_GetState</a>
 <LI><a href="#[29c]">GUI_PID_IsEmpty</a>
 <LI><a href="#[225]">GUI_PID_StoreState</a>
 <LI><a href="#[227]">GUI_PollKeyMsg</a>
 <LI><a href="#[229]">GUI_ReadRectEx</a>
 <LI><a href="#[2bb]">GUI_RectsIntersect</a>
 <LI><a href="#[22b]">GUI_RestoreContext</a>
 <LI><a href="#[1ad]">GUI_SPRITE_Delete</a>
 <LI><a href="#[1b0]">GUI_SPRITE_SetPosition</a>
 <LI><a href="#[1ac]">GUI_SPRITE_Show</a>
 <LI><a href="#[1a5]">GUI_SPRITE__CreateEx</a>
 <LI><a href="#[234]">GUI_SaveContext_W</a>
 <LI><a href="#[1fc]">GUI_SelectLCD</a>
 <LI><a href="#[1a7]">GUI_SelectLayer</a>
 <LI><a href="#[1a8]">GUI_SetBkColor</a>
 <LI><a href="#[14a]">GUI_SetColor</a>
 <LI><a href="#[236]">GUI_SetColorIndex</a>
 <LI><a href="#[2f3]">GUI_SetDefaultFont</a>
 <LI><a href="#[181]">GUI_SetDrawMode</a>
 <LI><a href="#[14c]">GUI_SetFont</a>
 <LI><a href="#[1af]">GUI_SetLayerPosEx</a>
 <LI><a href="#[1aa]">GUI_SetLayerSizeEx</a>
 <LI><a href="#[1ab]">GUI_SetLayerVisEx</a>
 <LI><a href="#[1f2]">GUI_SetOrg</a>
 <LI><a href="#[1d1]">GUI_SetTextAlign</a>
 <LI><a href="#[14f]">GUI_SetTextMode</a>
 <LI><a href="#[226]">GUI_SignalEvent</a>
 <LI><a href="#[145]">GUI_StoreKey</a>
 <LI><a href="#[23b]">GUI_TIMER_Delete</a>
 <LI><a href="#[23c]">GUI_TIMER_GetFlag</a>
 <LI><a href="#[23d]">GUI_TIMER__GetFirstTimer</a>
 <LI><a href="#[23e]">GUI_TIMER__GetNextTimerLin</a>
 <LI><a href="#[240]">GUI_TOUCH_CalcCoefficients</a>
 <LI><a href="#[23f]">GUI_TOUCH_Calibrate</a>
 <LI><a href="#[245]">GUI_TOUCH_CalibratePoint</a>
 <LI><a href="#[241]">GUI_TOUCH_Exec</a>
 <LI><a href="#[244]">GUI_TOUCH_GetLayer</a>
 <LI><a href="#[368]">GUI_TOUCH_GetState</a>
 <LI><a href="#[333]">GUI_TOUCH_SetOrientation</a>
 <LI><a href="#[246]">GUI_TOUCH_StoreStateEx</a>
 <LI><a href="#[18f]">GUI_UC__GetCharCodeInc</a>
 <LI><a href="#[1cf]">GUI_UC__NumChars2NumBytes</a>
 <LI><a href="#[2cc]">GUI_USAGE_AddRect</a>
 <LI><a href="#[21d]">GUI_USAGE_BM_Create</a>
 <LI><a href="#[202]">GUI_USAGE_DecUseCnt</a>
 <LI><a href="#[21e]">GUI__AllocAlphaBuffer</a>
 <LI><a href="#[217]">GUI__AlphaPreserveTrans</a>
 <LI><a href="#[223]">GUI__CompactPixelIndices</a>
 <LI><a href="#[220]">GUI__CompactPixelIndicesEx</a>
 <LI><a href="#[1e9]">GUI__Config</a>
 <LI><a href="#[1ce]">GUI__DispLine</a>
 <LI><a href="#[1d4]">GUI__DispStringInRect</a>
 <LI><a href="#[2c8]">GUI__DivideRound32</a>
 <LI><a href="#[21f]">GUI__DoAlphaBlending</a>
 <LI><a href="#[165]">GUI__DrawTwinArc2</a>
 <LI><a href="#[154]">GUI__DrawTwinArc4</a>
 <LI><a href="#[251]">GUI__ExpandPixelIndicesEx</a>
 <LI><a href="#[253]">GUI__GetAlphaBuffer</a>
 <LI><a href="#[1cd]">GUI__GetLineDistX</a>
 <LI><a href="#[1cc]">GUI__GetLineNumChars</a>
 <LI><a href="#[1e6]">GUI__GetNumChars</a>
 <LI><a href="#[190]">GUI__GetOverlap</a>
 <LI><a href="#[250]">GUI__HandleEOLine</a>
 <LI><a href="#[28f]">GUI__IntersectRect</a>
 <LI><a href="#[1d3]">GUI__IntersectRects</a>
 <LI><a href="#[256]">GUI__ManageCache</a>
 <LI><a href="#[1d]">GUI__MixColors</a>
 <LI><a href="#[1e]">GUI__MixColorsBulk</a>
 <LI><a href="#[1dc]">GUI__ReduceRect</a>
 <LI><a href="#[1a6]">GUI__RegisterExit</a>
 <LI><a href="#[213]">GUI__SetPixelAlpha</a>
 <LI><a href="#[148]">GUI__SetText</a>
 <LI><a href="#[1d7]">GUI__WrapGetNumBytesToNextLine</a>
 <LI><a href="#[1d8]">GUI__WrapGetNumCharsDisp</a>
 <LI><a href="#[2ce]">GUI__memset16</a>
 <LI><a href="#[252]">GUI__sqrt32</a>
 <LI><a href="#[24]">HEADER_DrawSkinFlex</a>
 <LI><a href="#[2ea]">HEADER_SetDefaultSkin</a>
 <LI><a href="#[23]">LCD_AA_MixColors16</a>
 <LI><a href="#[24b]">LCD_AA_SetAndMask</a>
 <LI><a href="#[258]">LCD_Color2Index</a>
 <LI><a href="#[182]">LCD_DrawBitmap</a>
 <LI><a href="#[da]">LCD_DrawHLine</a>
 <LI><a href="#[db]">LCD_DrawPixel</a>
 <LI><a href="#[185]">LCD_DrawVLine</a>
 <LI><a href="#[18a]">LCD_FillRect</a>
 <LI><a href="#[25b]">LCD_GetBitsPerPixel</a>
 <LI><a href="#[25c]">LCD_GetBitsPerPixelEx</a>
 <LI><a href="#[1e0]">LCD_GetBkColorIndex</a>
 <LI><a href="#[1e2]">LCD_GetColorIndex</a>
 <LI><a href="#[25d]">LCD_GetNumColors</a>
 <LI><a href="#[25e]">LCD_GetNumColorsEx</a>
 <LI><a href="#[25f]">LCD_GetNumLayers</a>
 <LI><a href="#[260]">LCD_GetPalette</a>
 <LI><a href="#[257]">LCD_GetPixelColor</a>
 <LI><a href="#[261]">LCD_GetPixelIndex</a>
 <LI><a href="#[1e4]">LCD_GetPosEx</a>
 <LI><a href="#[20c]">LCD_GetVXSizeEx</a>
 <LI><a href="#[24a]">LCD_GetVXSizeMax</a>
 <LI><a href="#[20d]">LCD_GetVYSizeEx</a>
 <LI><a href="#[21a]">LCD_GetXSize</a>
 <LI><a href="#[1ed]">LCD_GetXSizeDisplay</a>
 <LI><a href="#[204]">LCD_GetXSizeEx</a>
 <LI><a href="#[1ef]">LCD_GetXSizeMax</a>
 <LI><a href="#[21b]">LCD_GetYSize</a>
 <LI><a href="#[1ee]">LCD_GetYSizeDisplay</a>
 <LI><a href="#[205]">LCD_GetYSizeEx</a>
 <LI><a href="#[1f0]">LCD_GetYSizeMax</a>
 <LI><a href="#[6]">LCD_GetpPalConvTableBM</a>
 <LI><a href="#[192]">LCD_GetpPalConvTableUncached</a>
 <LI><a href="#[191]">LCD_Index2Color</a>
 <LI><a href="#[90]">LCD_Index2Color_888</a>
 <LI><a href="#[8b]">LCD_Index2Color_8888</a>
 <LI><a href="#[d6]">LCD_Index2Color_M565</a>
 <LI><a href="#[a1]">LCD_Index2Color_M8888I</a>
 <LI><a href="#[262]">LCD_InitColors</a>
 <LI><a href="#[263]">LCD_InitLUT</a>
 <LI><a href="#[235]">LCD_SelectLCD</a>
 <LI><a href="#[17d]">LCD_SetBkColor</a>
 <LI><a href="#[268]">LCD_SetBkColorIndex</a>
 <LI><a href="#[265]">LCD_SetClipRectEx</a>
 <LI><a href="#[1fb]">LCD_SetClipRectMax</a>
 <LI><a href="#[188]">LCD_SetColor</a>
 <LI><a href="#[237]">LCD_SetColorIndex</a>
 <LI><a href="#[1f1]">LCD_SetDisplaySize</a>
 <LI><a href="#[189]">LCD_SetDrawMode</a>
 <LI><a href="#[264]">LCD_SetLUTEntryEx</a>
 <LI><a href="#[266]">LCD_SetPixelAA4_Trans</a>
 <LI><a href="#[212]">LCD_SetPixelIndex</a>
 <LI><a href="#[238]">LCD_SetPosEx</a>
 <LI><a href="#[239]">LCD_SetSizeEx</a>
 <LI><a href="#[267]">LCD_SetVSizeEx</a>
 <LI><a href="#[23a]">LCD_SetVisEx</a>
 <LI><a href="#[1fa]">LCD_UpdateColorIndices</a>
 <LI><a href="#[224]">LCD__DrawBitmap_1bpp</a>
 <LI><a href="#[34d]">LCD__GetBPP</a>
 <LI><a href="#[215]">LCD__GetBPPDevice</a>
 <LI><a href="#[92]">PROGBAR_Callback</a>
 <LI><a href="#[ca]">PROGBAR_CreateIndirect</a>
 <LI><a href="#[14]">PROGBAR_DrawSkinFlex</a>
 <LI><a href="#[26a]">PROGBAR_GetMinMax</a>
 <LI><a href="#[26b]">PROGBAR_GetValue</a>
 <LI><a href="#[2e6]">PROGBAR_SetDefaultSkin</a>
 <LI><a href="#[26c]">PROGBAR_SetFont</a>
 <LI><a href="#[26d]">PROGBAR_SetMinMax</a>
 <LI><a href="#[26e]">PROGBAR_SetTextAlign</a>
 <LI><a href="#[26f]">PROGBAR_SetValue</a>
 <LI><a href="#[273]">PROGBAR__GetTextLocked</a>
 <LI><a href="#[274]">PROGBAR__GetTextRect</a>
 <LI><a href="#[2d2]">PROGBAR__Value2Pos</a>
 <LI><a href="#[25]">SCROLLBAR_DrawSkinFlex</a>
 <LI><a href="#[2e8]">SCROLLBAR_SetDefaultSkin</a>
 <LI><a href="#[2c7]">SCROLLBAR__Rect2VRect</a>
 <LI><a href="#[26]">SLIDER_DrawSkinFlex</a>
 <LI><a href="#[277]">SLIDER_GetFlag</a>
 <LI><a href="#[2e9]">SLIDER_SetDefaultSkin</a>
 <LI><a href="#[99]">TEXT_Callback</a>
 <LI><a href="#[cb]">TEXT_CreateIndirect</a>
 <LI><a href="#[279]">TEXT_SetFont</a>
 <LI><a href="#[27a]">TEXT_SetText</a>
 <LI><a href="#[27b]">TEXT_SetTextColor</a>
 <LI><a href="#[27c]">TEXT_SetWrapMode</a>
 <LI><a href="#[144]">WIDGET_AndState</a>
 <LI><a href="#[13c]">WIDGET_HandleActive</a>
 <LI><a href="#[13e]">WIDGET_OrState</a>
 <LI><a href="#[269]">WIDGET_SetEffect</a>
 <LI><a href="#[280]">WIDGET_SetFocusable</a>
 <LI><a href="#[276]">WIDGET__DrawTriangle</a>
 <LI><a href="#[281]">WIDGET__GetClientRect</a>
 <LI><a href="#[147]">WIDGET__Init</a>
 <LI><a href="#[275]">WIDGET__RotateRect90</a>
 <LI><a href="#[1f7]">WM_Activate</a>
 <LI><a href="#[282]">WM_BringToBottom</a>
 <LI><a href="#[15c]">WM_BringToTop</a>
 <LI><a href="#[146]">WM_CreateWindowAsChild</a>
 <LI><a href="#[1f8]">WM_Deactivate</a>
 <LI><a href="#[13d]">WM_DefaultProc</a>
 <LI><a href="#[1b8]">WM_DeleteWindow</a>
 <LI><a href="#[163]">WM_DisableMemdev</a>
 <LI><a href="#[1df]">WM_Exec</a>
 <LI><a href="#[287]">WM_ForEachDesc</a>
 <LI><a href="#[29b]">WM_GetActiveWindow</a>
 <LI><a href="#[1e1]">WM_GetClientRect</a>
 <LI><a href="#[292]">WM_GetClientRectEx</a>
 <LI><a href="#[1b6]">WM_GetClientWindow</a>
 <LI><a href="#[1b9]">WM_GetDesktopWindow</a>
 <LI><a href="#[2b5]">WM_GetDesktopWindowEx</a>
 <LI><a href="#[293]">WM_GetDialogItem</a>
 <LI><a href="#[176]">WM_GetFirstChild</a>
 <LI><a href="#[1bb]">WM_GetFocusedWindow</a>
 <LI><a href="#[278]">WM_GetHasTrans</a>
 <LI><a href="#[295]">WM_GetId</a>
 <LI><a href="#[177]">WM_GetNextSibling</a>
 <LI><a href="#[17c]">WM_GetParent</a>
 <LI><a href="#[296]">WM_GetScrollbarH</a>
 <LI><a href="#[298]">WM_GetScrollbarV</a>
 <LI><a href="#[218]">WM_GetWindowOrgX</a>
 <LI><a href="#[299]">WM_GetWindowRectEx</a>
 <LI><a href="#[29a]">WM_GetWindowSizeX</a>
 <LI><a href="#[173]">WM_GetWindowSizeY</a>
 <LI><a href="#[8c]">WM_HandlePID</a>
 <LI><a href="#[2ba]">WM_HasCaptured</a>
 <LI><a href="#[161]">WM_HasFocus</a>
 <LI><a href="#[2a5]">WM_HideWindow</a>
 <LI><a href="#[1f3]">WM_Init</a>
 <LI><a href="#[270]">WM_InvalidateRect</a>
 <LI><a href="#[149]">WM_InvalidateWindow</a>
 <LI><a href="#[2a9]">WM_InvalidateWindowAndDescsEx</a>
 <LI><a href="#[2aa]">WM_IsFocusable</a>
 <LI><a href="#[160]">WM_IsWindow</a>
 <LI><a href="#[2ac]">WM_MakeModal</a>
 <LI><a href="#[17a]">WM_MoveChildTo</a>
 <LI><a href="#[2b0]">WM_MoveTo</a>
 <LI><a href="#[178]">WM_MoveWindow</a>
 <LI><a href="#[141]">WM_NotifyParent</a>
 <LI><a href="#[228]">WM_OnKey</a>
 <LI><a href="#[2a0]">WM_PID__SetPrevState</a>
 <LI><a href="#[2a4]">WM_ReleaseCapture</a>
 <LI><a href="#[179]">WM_ResizeWindow</a>
 <LI><a href="#[2a2]">WM_Screen2hWin</a>
 <LI><a href="#[2b7]">WM_SelectWindow</a>
 <LI><a href="#[27f]">WM_SendMessage</a>
 <LI><a href="#[1ba]">WM_SendMessageNoPara</a>
 <LI><a href="#[28a]">WM_SendToParent</a>
 <LI><a href="#[2b8]">WM_SetCallback</a>
 <LI><a href="#[2b9]">WM_SetCapture</a>
 <LI><a href="#[15d]">WM_SetCaptureMove</a>
 <LI><a href="#[159]">WM_SetFocus</a>
 <LI><a href="#[162]">WM_SetFocusOnNextChild</a>
 <LI><a href="#[17f]">WM_SetFocusOnPrevChild</a>
 <LI><a href="#[153]">WM_SetHasTrans</a>
 <LI><a href="#[17b]">WM_SetSize</a>
 <LI><a href="#[1d2]">WM_SetUserClipRect</a>
 <LI><a href="#[2c1]">WM_SetWindowPos</a>
 <LI><a href="#[1b7]">WM_ShowWindow</a>
 <LI><a href="#[2bf]">WM_ValidateWindow</a>
 <LI><a href="#[2c0]">WM__ActivateClipRect</a>
 <LI><a href="#[29e]">WM__AddCriticalHandle</a>
 <LI><a href="#[28c]">WM__DeleteAssocTimer</a>
 <LI><a href="#[291]">WM__ForEachDesc</a>
 <LI><a href="#[289]">WM__GetClientRectEx</a>
 <LI><a href="#[27e]">WM__GetClientRectWin</a>
 <LI><a href="#[2bc]">WM__GetFocusedChild</a>
 <LI><a href="#[2be]">WM__GetLastSibling</a>
 <LI><a href="#[1b4]">WM__GetNextIVR</a>
 <LI><a href="#[283]">WM__GetPrevSibling</a>
 <LI><a href="#[2bd]">WM__GetTopLevelLayer</a>
 <LI><a href="#[171]">WM__GetWindowSizeX</a>
 <LI><a href="#[172]">WM__GetWindowSizeY</a>
 <LI><a href="#[1b3]">WM__InitIVRSearch</a>
 <LI><a href="#[286]">WM__InsertWindowIntoList</a>
 <LI><a href="#[2a7]">WM__InvalidateDrawAndDescs</a>
 <LI><a href="#[2b2]">WM__InvalidateParent</a>
 <LI><a href="#[28d]">WM__InvalidateRect</a>
 <LI><a href="#[284]">WM__InvalidateRectEx</a>
 <LI><a href="#[15b]">WM__IsAncestor</a>
 <LI><a href="#[15a]">WM__IsAncestorOrSelf</a>
 <LI><a href="#[151]">WM__IsEnabled</a>
 <LI><a href="#[2ad]">WM__IsInModalArea</a>
 <LI><a href="#[2ab]">WM__IsWindow</a>
 <LI><a href="#[2af]">WM__MoveWindow</a>
 <LI><a href="#[9e]">WM__Paint1</a>
 <LI><a href="#[2a1]">WM__RemoveCriticalHandle</a>
 <LI><a href="#[285]">WM__RemoveWindowFromList</a>
 <LI><a href="#[15f]">WM__SendMessage</a>
 <LI><a href="#[2a3]">WM__SendMessageIfEnabled</a>
 <LI><a href="#[20b]">WM__SendMessageNoPara</a>
 <LI><a href="#[2b4]">WM__SendMsgNoData</a>
 <LI><a href="#[2ae]">WM__SendPIDMessage</a>
 <LI><a href="#[29f]">WM__SendTouchMessage</a>
 <LI><a href="#[27d]">WM__UpdateChildPositions</a>
 <LI><a href="#[1ec]">emWin_LCD_Init</a>
 <LI><a href="#[d5]">_Color2Index_M565</a>
 <LI><a href="#[d7]">_GetIndexMask_M565</a>
 <LI><a href="#[d8]">_Color2IndexBulk</a>
 <LI><a href="#[d9]">_Index2ColorBulk</a>
 <LI><a href="#[197]">_AddFreeMemory</a>
 <LI><a href="#[19a]">_RemoveHoles</a>
 <LI><a href="#[194]">_Alloc</a>
 <LI><a href="#[199]">_EnlargeBlocks</a>
 <LI><a href="#[1eb]">_InitContext</a>
 <LI><a href="#[8f]">_OnExit</a>
 <LI><a href="#[8a]">_OnExit</a>
 <LI><a href="#[1c9]">GUI_DispString.part.0</a>
 <LI><a href="#[1d6]">GUI_DispStringInRectWrap.part.1</a>
 <LI><a href="#[2cb]">_DrawBitmap</a>
 <LI><a href="#[dd]">_DrawBitmap_8888</a>
 <LI><a href="#[dc]">_DrawBitmap_M8888I</a>
 <LI><a href="#[7]">_SetPixelAlpha</a>
 <LI><a href="#[de]">_DrawBitmapHW_8888</a>
 <LI><a href="#[8d]">_OnExit</a>
 <LI><a href="#[e0]">_DrawBitmap_RLEAlpha</a>
 <LI><a href="#[a2]">_Draw</a>
 <LI><a href="#[a3]">_DrawClip</a>
 <LI><a href="#[1f6]">GUI_MEMDEV_CopyToLCDAt.part.0</a>
 <LI><a href="#[ef]">_GetDevData</a>
 <LI><a href="#[ed]">_GetDevFunc</a>
 <LI><a href="#[ec]">_SetOrg</a>
 <LI><a href="#[f0]">_GetRect</a>
 <LI><a href="#[e5]">_DrawBitmap</a>
 <LI><a href="#[ee]">_GetDevProp</a>
 <LI><a href="#[e9]">_GetPixelIndex</a>
 <LI><a href="#[ea]">_SetPixelIndex</a>
 <LI><a href="#[eb]">_XorPixel</a>
 <LI><a href="#[e8]">_FillRect</a>
 <LI><a href="#[e6]">_DrawHLine</a>
 <LI><a href="#[e7]">_DrawVLine</a>
 <LI><a href="#[20e]">GUI_MEMDEV_DrawPerspectiveX.part.0</a>
 <LI><a href="#[9c]">_OnExit</a>
 <LI><a href="#[2d0]">_Findy1</a>
 <LI><a href="#[2cf]">_Findx0</a>
 <LI><a href="#[2c3]">_Findx1</a>
 <LI><a href="#[2c6]">_Paint1Trans</a>
 <LI><a href="#[2c5]">_PaintTransChildren</a>
 <LI><a href="#[2c2]">_Findx0.constprop.10</a>
 <LI><a href="#[2c4]">_Findy1.constprop.11</a>
 <LI><a href="#[290]">WM__PaintWinAndOverlays</a>
 <LI><a href="#[9b]">_cbPaintMemDev</a>
 <LI><a href="#[2a6]">_Invalidate1Abs</a>
 <LI><a href="#[288]">WM_InvalidateRect.part.2</a>
 <LI><a href="#[9d]">_cbBackWin</a>
 <LI><a href="#[28b]">WM_DeleteWindow.part.3</a>
 <LI><a href="#[28e]">_Exec1Input</a>
 <LI><a href="#[2b3]">WM_ResizeWindow.part.11</a>
 <LI><a href="#[2a8]">WM_InvalidateWindowAndDescs.part.14</a>
 <LI><a href="#[297]">_GetDialogItem.part.5</a>
 <LI><a href="#[2d1]">_GetDialogItem</a>
 <LI><a href="#[294]">__GetDialogItem</a>
 <LI><a href="#[87]">_OnPidStateChange</a>
 <LI><a href="#[9]">_OnTouchDefault</a>
 <LI><a href="#[86]">_OnTouchReactOnLevel</a>
 <LI><a href="#[c]">_Create</a>
 <LI><a href="#[b]">_Paint</a>
 <LI><a href="#[88]">FRAMEWIN__cbClient</a>
 <LI><a href="#[11]">_GetBorderSize</a>
 <LI><a href="#[10]">_Create</a>
 <LI><a href="#[f]">_Paint</a>
 <LI><a href="#[13]">_Create</a>
 <LI><a href="#[12]">_Paint</a>
 <LI><a href="#[16]">_Create</a>
 <LI><a href="#[15]">_Paint</a>
 <LI><a href="#[18]">_Create</a>
 <LI><a href="#[a0]">_CalcPositions</a>
 <LI><a href="#[17]">_Paint</a>
 <LI><a href="#[93]">_DrawGraspH</a>
 <LI><a href="#[95]">_DrawGraspV</a>
 <LI><a href="#[2ca]">_DrawFrame</a>
 <LI><a href="#[94]">_DrawBackgroundH</a>
 <LI><a href="#[96]">_DrawBackgroundV</a>
 <LI><a href="#[1a]">_Create</a>
 <LI><a href="#[19]">_Paint</a>
 <LI><a href="#[1b]">_DrawCharAA4_Trans</a>
 <LI><a href="#[f1]">_Color2Index_8888</a>
 <LI><a href="#[f2]">_GetIndexMask_8888</a>
 <LI><a href="#[f3]">_Color2IndexBulk</a>
 <LI><a href="#[f4]">_Index2ColorBulk</a>
 <LI><a href="#[1c]">_Log2VisBuffered</a>
 <LI><a href="#[24f]">_DispLine</a>
 <LI><a href="#[ff]">_GetDevData</a>
 <LI><a href="#[fc]">_SetOrg</a>
 <LI><a href="#[fd]">_GetDevFunc</a>
 <LI><a href="#[fe]">_GetDevProp</a>
 <LI><a href="#[100]">_GetRect</a>
 <LI><a href="#[fb]">_XorPixel</a>
 <LI><a href="#[f8]">_FillRect</a>
 <LI><a href="#[233]">_DoColorConversion.isra.3</a>
 <LI><a href="#[22e]">_CreateBuffer.isra.4</a>
 <LI><a href="#[230]">_SetBkIndexBuffered</a>
 <LI><a href="#[231]">_ReleaseBuffer.isra.7</a>
 <LI><a href="#[f9]">_GetPixelIndex</a>
 <LI><a href="#[fa]">_SetPixelIndex</a>
 <LI><a href="#[22c]">_Undraw</a>
 <LI><a href="#[232]">_SpriteDraw</a>
 <LI><a href="#[f7]">_DrawVLine</a>
 <LI><a href="#[f6]">_DrawHLine</a>
 <LI><a href="#[f5]">_DrawBitmap</a>
 <LI><a href="#[101]">_GetCharCode</a>
 <LI><a href="#[102]">_GetCharSize</a>
 <LI><a href="#[103]">_CalcSizeOfChar</a>
 <LI><a href="#[104]">_Encode</a>
 <LI><a href="#[8e]">_OnExit</a>
 <LI><a href="#[21]">_GetWordWrap</a>
 <LI><a href="#[22]">_GetCharWrap</a>
 <LI><a href="#[106]">_SetBkColor</a>
 <LI><a href="#[105]">_SetColor</a>
 <LI><a href="#[107]">_SetDrawMode</a>
 <LI><a href="#[91]">_OnExit</a>
 <LI><a href="#[112]">_GetDevData</a>
 <LI><a href="#[110]">_GetDevFunc</a>
 <LI><a href="#[111]">_GetDevProp</a>
 <LI><a href="#[10f]">_SetOrg</a>
 <LI><a href="#[113]">_GetRect</a>
 <LI><a href="#[108]">_DrawBitmap</a>
 <LI><a href="#[10c]">_GetPixelIndex</a>
 <LI><a href="#[10d]">_SetPixelIndex</a>
 <LI><a href="#[10e]">_XorPixel</a>
 <LI><a href="#[10b]">_FillRect</a>
 <LI><a href="#[109]">_DrawHLine</a>
 <LI><a href="#[10a]">_DrawVLine</a>
 <LI><a href="#[114]">GUI_USAGE_BM_AddPixel</a>
 <LI><a href="#[118]">GUI_USAGE_BM_GetNextDirty</a>
 <LI><a href="#[117]">_GUI_USAGE_BM_Delete</a>
 <LI><a href="#[116]">GUI_USAGE_BM_Clear</a>
 <LI><a href="#[115]">GUI_USAGE_BM_AddHLine</a>
 <LI><a href="#[9a]">_cbInvalidateOne</a>
 <LI><a href="#[2b1]">_MoveDescendents</a>
 <LI><a href="#[11a]">_DrawUpRect</a>
 <LI><a href="#[11d]">_DrawFlat</a>
 <LI><a href="#[11c]">_DrawDownRect</a>
 <LI><a href="#[11b]">_DrawDown</a>
 <LI><a href="#[119]">_DrawUp</a>
 <LI><a href="#[121]">_DrawDownRect</a>
 <LI><a href="#[11e]">_DrawUp</a>
 <LI><a href="#[11f]">_DrawUpRect</a>
 <LI><a href="#[120]">_DrawDown</a>
 <LI><a href="#[124]">_GetIndexMask_0</a>
 <LI><a href="#[123]">_Index2Color_0</a>
 <LI><a href="#[122]">_Color2Index_0</a>
 <LI><a href="#[22a]">LCD_ReadRectEx</a>
 <LI><a href="#[2b6]">_Screen2hWin</a>
</UL>
</UL>
<P>
<H3>
Mutually Recursive functions
</H3> <LI><a href="#[43]">ADC_IRQHandler</a>&nbsp;&nbsp;&nbsp;&rArr;&nbsp;&nbsp;&nbsp;<a href="#[43]">ADC_IRQHandler</a><BR>
 <LI><a href="#[28d]">WM__InvalidateRect</a>&nbsp;&nbsp;&nbsp;&rArr;&nbsp;&nbsp;&nbsp;<a href="#[28d]">WM__InvalidateRect</a><BR>
 <LI><a href="#[2a9]">WM_InvalidateWindowAndDescsEx</a>&nbsp;&nbsp;&nbsp;&rArr;&nbsp;&nbsp;&nbsp;<a href="#[2a9]">WM_InvalidateWindowAndDescsEx</a><BR>
 <LI><a href="#[2a7]">WM__InvalidateDrawAndDescs</a>&nbsp;&nbsp;&nbsp;&rArr;&nbsp;&nbsp;&nbsp;<a href="#[2a7]">WM__InvalidateDrawAndDescs</a><BR>
 <LI><a href="#[15f]">WM__SendMessage</a>&nbsp;&nbsp;&nbsp;&rArr;&nbsp;&nbsp;&nbsp;<a href="#[13d]">WM_DefaultProc</a><BR>
 <LI><a href="#[291]">WM__ForEachDesc</a>&nbsp;&nbsp;&nbsp;&rArr;&nbsp;&nbsp;&nbsp;<a href="#[291]">WM__ForEachDesc</a><BR>
 <LI><a href="#[2b3]">WM_ResizeWindow.part.11</a>&nbsp;&nbsp;&nbsp;&rArr;&nbsp;&nbsp;&nbsp;<a href="#[27d]">WM__UpdateChildPositions</a><BR>
 <LI><a href="#[2b1]">_MoveDescendents</a>&nbsp;&nbsp;&nbsp;&rArr;&nbsp;&nbsp;&nbsp;<a href="#[2b1]">_MoveDescendents</a><BR>
 <LI><a href="#[199]">_EnlargeBlocks</a>&nbsp;&nbsp;&nbsp;&rArr;&nbsp;&nbsp;&nbsp;<a href="#[194]">_Alloc</a><BR>
 <LI><a href="#[2d0]">_Findy1</a>&nbsp;&nbsp;&nbsp;&rArr;&nbsp;&nbsp;&nbsp;<a href="#[2d0]">_Findy1</a><BR>
 <LI><a href="#[2cf]">_Findx0</a>&nbsp;&nbsp;&nbsp;&rArr;&nbsp;&nbsp;&nbsp;<a href="#[2cf]">_Findx0</a><BR>
 <LI><a href="#[2c3]">_Findx1</a>&nbsp;&nbsp;&nbsp;&rArr;&nbsp;&nbsp;&nbsp;<a href="#[2c3]">_Findx1</a><BR>
 <LI><a href="#[2b6]">_Screen2hWin</a>&nbsp;&nbsp;&nbsp;&rArr;&nbsp;&nbsp;&nbsp;<a href="#[2b6]">_Screen2hWin</a><BR>
 <LI><a href="#[2b]">BusFault_Handler</a>&nbsp;&nbsp;&nbsp;&rArr;&nbsp;&nbsp;&nbsp;<a href="#[2b]">BusFault_Handler</a><BR>
 <LI><a href="#[29]">HardFault_Handler</a>&nbsp;&nbsp;&nbsp;&rArr;&nbsp;&nbsp;&nbsp;<a href="#[29]">HardFault_Handler</a><BR>
 <LI><a href="#[2a]">MemManage_Handler</a>&nbsp;&nbsp;&nbsp;&rArr;&nbsp;&nbsp;&nbsp;<a href="#[2a]">MemManage_Handler</a><BR>
 <LI><a href="#[2c]">UsageFault_Handler</a>&nbsp;&nbsp;&nbsp;&rArr;&nbsp;&nbsp;&nbsp;<a href="#[2c]">UsageFault_Handler</a><BR>
 <LI><a href="#[297]">_GetDialogItem.part.5</a>&nbsp;&nbsp;&nbsp;&rArr;&nbsp;&nbsp;&nbsp;<a href="#[297]">_GetDialogItem.part.5</a><BR>
 <LI><a href="#[28b]">WM_DeleteWindow.part.3</a>&nbsp;&nbsp;&nbsp;&rArr;&nbsp;&nbsp;&nbsp;<a href="#[28b]">WM_DeleteWindow.part.3</a><BR>
 <LI><a href="#[2c5]">_PaintTransChildren</a>&nbsp;&nbsp;&nbsp;&rArr;&nbsp;&nbsp;&nbsp;<a href="#[2c5]">_PaintTransChildren</a><BR>
 <LI><a href="#[2a8]">WM_InvalidateWindowAndDescs.part.14</a>&nbsp;&nbsp;&nbsp;&rArr;&nbsp;&nbsp;&nbsp;<a href="#[2a8]">WM_InvalidateWindowAndDescs.part.14</a><BR>
</UL>
<P>
<H3>
Function Pointers
</H3><UL>
 <LI><a href="#[43]">ADC_IRQHandler</a> from startup_stm32f407xx.o(.text) referenced from startup_stm32f407xx.o(RESET)
 <LI><a href="#[85]">BUTTON_Callback</a> from BUTTON.o(.text.BUTTON_Callback) referenced from BUTTON.o(.text.BUTTON_CreateIndirect)
 <LI><a href="#[c9]">BUTTON_CreateIndirect</a> from BUTTON.o(.text.BUTTON_CreateIndirect) referenced 2 times from guidemo.o(.constdata)
 <LI><a href="#[a]">BUTTON_DrawSkinFlex</a> from BUTTON_SkinFlex.o(.text.BUTTON_DrawSkinFlex) referenced 2 times from BUTTON.o(.data)
 <LI><a href="#[a]">BUTTON_DrawSkinFlex</a> from BUTTON_SkinFlex.o(.text.BUTTON_DrawSkinFlex) referenced from guidemo.o(i.GUIDEMO_Main)
 <LI><a href="#[a]">BUTTON_DrawSkinFlex</a> from BUTTON_SkinFlex.o(.text.BUTTON_DrawSkinFlex) referenced from guidemo.o(i._Main)
 <LI><a href="#[2b]">BusFault_Handler</a> from stm32f4xx_it.o(i.BusFault_Handler) referenced from startup_stm32f407xx.o(RESET)
 <LI><a href="#[45]">CAN1_RX0_IRQHandler</a> from startup_stm32f407xx.o(.text) referenced from startup_stm32f407xx.o(RESET)
 <LI><a href="#[46]">CAN1_RX1_IRQHandler</a> from startup_stm32f407xx.o(.text) referenced from startup_stm32f407xx.o(RESET)
 <LI><a href="#[47]">CAN1_SCE_IRQHandler</a> from startup_stm32f407xx.o(.text) referenced from startup_stm32f407xx.o(RESET)
 <LI><a href="#[44]">CAN1_TX_IRQHandler</a> from startup_stm32f407xx.o(.text) referenced from startup_stm32f407xx.o(RESET)
 <LI><a href="#[71]">CAN2_RX0_IRQHandler</a> from startup_stm32f407xx.o(.text) referenced from startup_stm32f407xx.o(RESET)
 <LI><a href="#[72]">CAN2_RX1_IRQHandler</a> from startup_stm32f407xx.o(.text) referenced from startup_stm32f407xx.o(RESET)
 <LI><a href="#[73]">CAN2_SCE_IRQHandler</a> from startup_stm32f407xx.o(.text) referenced from startup_stm32f407xx.o(RESET)
 <LI><a href="#[70]">CAN2_TX_IRQHandler</a> from startup_stm32f407xx.o(.text) referenced from startup_stm32f407xx.o(RESET)
 <LI><a href="#[7f]">DCMI_IRQHandler</a> from startup_stm32f407xx.o(.text) referenced from startup_stm32f407xx.o(RESET)
 <LI><a href="#[3c]">DMA1_Stream0_IRQHandler</a> from startup_stm32f407xx.o(.text) referenced from startup_stm32f407xx.o(RESET)
 <LI><a href="#[3d]">DMA1_Stream1_IRQHandler</a> from startup_stm32f407xx.o(.text) referenced from startup_stm32f407xx.o(RESET)
 <LI><a href="#[3e]">DMA1_Stream2_IRQHandler</a> from startup_stm32f407xx.o(.text) referenced from startup_stm32f407xx.o(RESET)
 <LI><a href="#[3f]">DMA1_Stream3_IRQHandler</a> from startup_stm32f407xx.o(.text) referenced from startup_stm32f407xx.o(RESET)
 <LI><a href="#[40]">DMA1_Stream4_IRQHandler</a> from startup_stm32f407xx.o(.text) referenced from startup_stm32f407xx.o(RESET)
 <LI><a href="#[41]">DMA1_Stream5_IRQHandler</a> from startup_stm32f407xx.o(.text) referenced from startup_stm32f407xx.o(RESET)
 <LI><a href="#[42]">DMA1_Stream6_IRQHandler</a> from startup_stm32f407xx.o(.text) referenced from startup_stm32f407xx.o(RESET)
 <LI><a href="#[60]">DMA1_Stream7_IRQHandler</a> from startup_stm32f407xx.o(.text) referenced from startup_stm32f407xx.o(RESET)
 <LI><a href="#[69]">DMA2_Stream0_IRQHandler</a> from startup_stm32f407xx.o(.text) referenced from startup_stm32f407xx.o(RESET)
 <LI><a href="#[6a]">DMA2_Stream1_IRQHandler</a> from startup_stm32f407xx.o(.text) referenced from startup_stm32f407xx.o(RESET)
 <LI><a href="#[6b]">DMA2_Stream2_IRQHandler</a> from startup_stm32f407xx.o(.text) referenced from startup_stm32f407xx.o(RESET)
 <LI><a href="#[6c]">DMA2_Stream3_IRQHandler</a> from startup_stm32f407xx.o(.text) referenced from startup_stm32f407xx.o(RESET)
 <LI><a href="#[6d]">DMA2_Stream4_IRQHandler</a> from startup_stm32f407xx.o(.text) referenced from startup_stm32f407xx.o(RESET)
 <LI><a href="#[75]">DMA2_Stream5_IRQHandler</a> from startup_stm32f407xx.o(.text) referenced from startup_stm32f407xx.o(RESET)
 <LI><a href="#[76]">DMA2_Stream6_IRQHandler</a> from startup_stm32f407xx.o(.text) referenced from startup_stm32f407xx.o(RESET)
 <LI><a href="#[77]">DMA2_Stream7_IRQHandler</a> from startup_stm32f407xx.o(.text) referenced from startup_stm32f407xx.o(RESET)
 <LI><a href="#[2e]">DebugMon_Handler</a> from stm32f4xx_it.o(i.DebugMon_Handler) referenced from startup_stm32f407xx.o(RESET)
 <LI><a href="#[6e]">ETH_IRQHandler</a> from startup_stm32f407xx.o(.text) referenced from startup_stm32f407xx.o(RESET)
 <LI><a href="#[6f]">ETH_WKUP_IRQHandler</a> from startup_stm32f407xx.o(.text) referenced from startup_stm32f407xx.o(RESET)
 <LI><a href="#[37]">EXTI0_IRQHandler</a> from stm32f4xx_it.o(i.EXTI0_IRQHandler) referenced from startup_stm32f407xx.o(RESET)
 <LI><a href="#[59]">EXTI15_10_IRQHandler</a> from startup_stm32f407xx.o(.text) referenced from startup_stm32f407xx.o(RESET)
 <LI><a href="#[38]">EXTI1_IRQHandler</a> from startup_stm32f407xx.o(.text) referenced from startup_stm32f407xx.o(RESET)
 <LI><a href="#[39]">EXTI2_IRQHandler</a> from stm32f4xx_it.o(i.EXTI2_IRQHandler) referenced from startup_stm32f407xx.o(RESET)
 <LI><a href="#[3a]">EXTI3_IRQHandler</a> from stm32f4xx_it.o(i.EXTI3_IRQHandler) referenced from startup_stm32f407xx.o(RESET)
 <LI><a href="#[3b]">EXTI4_IRQHandler</a> from stm32f4xx_it.o(i.EXTI4_IRQHandler) referenced from startup_stm32f407xx.o(RESET)
 <LI><a href="#[48]">EXTI9_5_IRQHandler</a> from startup_stm32f407xx.o(.text) referenced from startup_stm32f407xx.o(RESET)
 <LI><a href="#[35]">FLASH_IRQHandler</a> from startup_stm32f407xx.o(.text) referenced from startup_stm32f407xx.o(RESET)
 <LI><a href="#[61]">FMC_IRQHandler</a> from startup_stm32f407xx.o(.text) referenced from startup_stm32f407xx.o(RESET)
 <LI><a href="#[81]">FPU_IRQHandler</a> from startup_stm32f407xx.o(.text) referenced from startup_stm32f407xx.o(RESET)
 <LI><a href="#[89]">FRAMEWIN_Callback</a> from FRAMEWIN.o(.text.FRAMEWIN_Callback) referenced from FRAMEWIN.o(.text.FRAMEWIN_CreateIndirect)
 <LI><a href="#[c8]">FRAMEWIN_CreateIndirect</a> from FRAMEWIN.o(.text.FRAMEWIN_CreateIndirect) referenced 2 times from guidemo.o(.constdata)
 <LI><a href="#[e]">FRAMEWIN_DrawSkinFlex</a> from FRAMEWIN_SkinFlex.o(.text.FRAMEWIN_DrawSkinFlex) referenced 4 times from FRAMEWIN.o(.data)
 <LI><a href="#[d]">FRAMEWIN__GetBorderSize</a> from FRAMEWIN.o(.text.FRAMEWIN__GetBorderSize) referenced 2 times from FRAMEWIN.o(.data)
 <LI><a href="#[88]">FRAMEWIN__cbClient</a> from FRAMEWIN.o(.text.FRAMEWIN__cbClient) referenced from FRAMEWIN.o(.text.FRAMEWIN_CreateIndirect)
 <LI><a href="#[e1]">GUIMONO_DispChar</a> from GUI_CharM.o(.text.GUIMONO_DispChar) referenced 2 times from F6x8.o(.rodata)
 <LI><a href="#[e2]">GUIMONO_GetCharDistX</a> from GUI_CharM.o(.text.GUIMONO_GetCharDistX) referenced 2 times from F6x8.o(.rodata)
 <LI><a href="#[e3]">GUIMONO_GetFontInfo</a> from GUI_CharM.o(.text.GUIMONO_GetFontInfo) referenced 2 times from F6x8.o(.rodata)
 <LI><a href="#[e4]">GUIMONO_IsInFont</a> from GUI_CharM.o(.text.GUIMONO_IsInFont) referenced 2 times from F6x8.o(.rodata)
 <LI><a href="#[d0]">GUIPROP_AA4_EXT_DispChar</a> from GUIAA_Char4Ext.o(.text.GUIPROP_AA4_EXT_DispChar) referenced 2 times from guidemo_resource.o(.constdata)
 <LI><a href="#[cc]">GUIPROP_DispChar</a> from GUI_CharP.o(.text.GUIPROP_DispChar) referenced from guidemo_resource.o(.constdata)
 <LI><a href="#[cc]">GUIPROP_DispChar</a> from GUI_CharP.o(.text.GUIPROP_DispChar) referenced 6 times from F08_1.o(.rodata)
 <LI><a href="#[d1]">GUIPROP_EXT_GetCharDistX</a> from GUI_CharPExt.o(.text.GUIPROP_EXT_GetCharDistX) referenced 2 times from guidemo_resource.o(.constdata)
 <LI><a href="#[d4]">GUIPROP_EXT_GetCharInfo</a> from GUI_CharPExt.o(.text.GUIPROP_EXT_GetCharInfo) referenced 2 times from guidemo_resource.o(.constdata)
 <LI><a href="#[d2]">GUIPROP_EXT_GetFontInfo</a> from GUI_CharPExt.o(.text.GUIPROP_EXT_GetFontInfo) referenced 2 times from guidemo_resource.o(.constdata)
 <LI><a href="#[d3]">GUIPROP_EXT_IsInFont</a> from GUI_CharPExt.o(.text.GUIPROP_EXT_IsInFont) referenced 2 times from guidemo_resource.o(.constdata)
 <LI><a href="#[8]">GUIPROP_EXT__ClearLine</a> from GUI_EncExt.o(.text.GUIPROP_EXT__ClearLine) referenced 2 times from GUI_EncExt.o(.data)
 <LI><a href="#[df]">GUIPROP_EXT__DispLine</a> from GUI_EncExt.o(.text.GUIPROP_EXT__DispLine) referenced from GUI_EncExt.o(.rodata)
 <LI><a href="#[cd]">GUIPROP_GetCharDistX</a> from GUI_CharP.o(.text.GUIPROP_GetCharDistX) referenced from guidemo_resource.o(.constdata)
 <LI><a href="#[cd]">GUIPROP_GetCharDistX</a> from GUI_CharP.o(.text.GUIPROP_GetCharDistX) referenced 6 times from F08_1.o(.rodata)
 <LI><a href="#[ce]">GUIPROP_GetFontInfo</a> from GUI_CharP.o(.text.GUIPROP_GetFontInfo) referenced from guidemo_resource.o(.constdata)
 <LI><a href="#[ce]">GUIPROP_GetFontInfo</a> from GUI_CharP.o(.text.GUIPROP_GetFontInfo) referenced 6 times from F08_1.o(.rodata)
 <LI><a href="#[cf]">GUIPROP_IsInFont</a> from GUI_CharP.o(.text.GUIPROP_IsInFont) referenced from guidemo_resource.o(.constdata)
 <LI><a href="#[cf]">GUIPROP_IsInFont</a> from GUI_CharP.o(.text.GUIPROP_IsInFont) referenced 6 times from F08_1.o(.rodata)
 <LI><a href="#[98]">GUI_DrawGradientH</a> from GUI_DrawGradient.o(.text.GUI_DrawGradientH) referenced from SCROLLBAR_SkinFlex.o(.text.SCROLLBAR_DrawSkinFlex)
 <LI><a href="#[97]">GUI_DrawGradientV</a> from GUI_DrawGradient.o(.text.GUI_DrawGradientV) referenced from SCROLLBAR_SkinFlex.o(.text.SCROLLBAR_DrawSkinFlex)
 <LI><a href="#[9f]">GUI_MEMDEV_Paint1Static</a> from GUIDEV_StaticDevices.o(.text.GUI_MEMDEV_Paint1Static) referenced from WM.o(.text.WM__PaintWinAndOverlays)
 <LI><a href="#[9f]">GUI_MEMDEV_Paint1Static</a> from GUIDEV_StaticDevices.o(.text.GUI_MEMDEV_Paint1Static) referenced from WM.o(.text._Paint1Trans)
 <LI><a href="#[a5]">GUI_MEMDEV__WriteToActiveAlpha</a> from GUIDEV_WriteToActiveAlpha.o(.text.GUI_MEMDEV__WriteToActiveAlpha) referenced from GUIDEV_32.o(.text._GetDevFunc)
 <LI><a href="#[a4]">GUI_MEMDEV__WriteToActiveOpaque</a> from GUIDEV_WriteToActiveOpaque.o(.text.GUI_MEMDEV__WriteToActiveOpaque) referenced from GUIDEV_16.o(.text._GetDevFunc)
 <LI><a href="#[115]">GUI_USAGE_BM_AddHLine</a> from GUIDEV_UsageBM.o(.text.GUI_USAGE_BM_AddHLine) referenced from GUIDEV_UsageBM.o(.rodata)
 <LI><a href="#[114]">GUI_USAGE_BM_AddPixel</a> from GUIDEV_UsageBM.o(.text.GUI_USAGE_BM_AddPixel) referenced from GUIDEV_UsageBM.o(.rodata)
 <LI><a href="#[116]">GUI_USAGE_BM_Clear</a> from GUIDEV_UsageBM.o(.text.GUI_USAGE_BM_Clear) referenced from GUIDEV_UsageBM.o(.rodata)
 <LI><a href="#[118]">GUI_USAGE_BM_GetNextDirty</a> from GUIDEV_UsageBM.o(.text.GUI_USAGE_BM_GetNextDirty) referenced from GUIDEV_UsageBM.o(.rodata)
 <LI><a href="#[1d]">GUI__MixColors</a> from GUI__Alpha.o(.text.GUI__MixColors) referenced 2 times from GUI__Alpha.o(.data)
 <LI><a href="#[1e]">GUI__MixColorsBulk</a> from GUI__Alpha.o(.text.GUI__MixColorsBulk) referenced 2 times from GUI__Alpha.o(.data)
 <LI><a href="#[80]">HASH_RNG_IRQHandler</a> from startup_stm32f407xx.o(.text) referenced from startup_stm32f407xx.o(RESET)
 <LI><a href="#[24]">HEADER_DrawSkinFlex</a> from HEADER_SkinFlex.o(.text.HEADER_DrawSkinFlex) referenced 2 times from HEADER.o(.data)
 <LI><a href="#[24]">HEADER_DrawSkinFlex</a> from HEADER_SkinFlex.o(.text.HEADER_DrawSkinFlex) referenced from guidemo.o(i.GUIDEMO_Main)
 <LI><a href="#[29]">HardFault_Handler</a> from stm32f4xx_it.o(i.HardFault_Handler) referenced from startup_stm32f407xx.o(RESET)
 <LI><a href="#[51]">I2C1_ER_IRQHandler</a> from startup_stm32f407xx.o(.text) referenced from startup_stm32f407xx.o(RESET)
 <LI><a href="#[50]">I2C1_EV_IRQHandler</a> from startup_stm32f407xx.o(.text) referenced from startup_stm32f407xx.o(RESET)
 <LI><a href="#[53]">I2C2_ER_IRQHandler</a> from startup_stm32f407xx.o(.text) referenced from startup_stm32f407xx.o(RESET)
 <LI><a href="#[52]">I2C2_EV_IRQHandler</a> from startup_stm32f407xx.o(.text) referenced from startup_stm32f407xx.o(RESET)
 <LI><a href="#[7a]">I2C3_ER_IRQHandler</a> from startup_stm32f407xx.o(.text) referenced from startup_stm32f407xx.o(RESET)
 <LI><a href="#[79]">I2C3_EV_IRQHandler</a> from startup_stm32f407xx.o(.text) referenced from startup_stm32f407xx.o(RESET)
 <LI><a href="#[23]">LCD_AA_MixColors16</a> from LCD_AA.o(.text.LCD_AA_MixColors16) referenced 2 times from LCD_AA.o(.data)
 <LI><a href="#[da]">LCD_DrawHLine</a> from LCD.o(.text.LCD_DrawHLine) referenced from GUI_Core.o(.rodata)
 <LI><a href="#[db]">LCD_DrawPixel</a> from LCD.o(.text.LCD_DrawPixel) referenced from GUI_Core.o(.rodata)
 <LI><a href="#[6]">LCD_GetpPalConvTableBM</a> from LCD_Color.o(.text.LCD_GetpPalConvTableBM) referenced 2 times from GUI_Core.o(.data)
 <LI><a href="#[90]">LCD_Index2Color_888</a> from GUICC_888_Index2Color.o(.text.LCD_Index2Color_888) referenced from GUI__Alpha.o(.text.GUI__DoAlphaBlending)
 <LI><a href="#[8b]">LCD_Index2Color_8888</a> from GUICC_8888_Index2Color.o(.text.LCD_Index2Color_8888) referenced 2 times from GUI_DrawBitmap_8888.o(.rodata)
 <LI><a href="#[8b]">LCD_Index2Color_8888</a> from GUICC_8888_Index2Color.o(.text.LCD_Index2Color_8888) referenced from GUIDEV_WriteToActiveAlpha.o(.text.GUI_MEMDEV__WriteToActiveAlpha)
 <LI><a href="#[8b]">LCD_Index2Color_8888</a> from GUICC_8888_Index2Color.o(.text.LCD_Index2Color_8888) referenced from GUI__Alpha.o(.text.GUI__DoAlphaBlending)
 <LI><a href="#[8b]">LCD_Index2Color_8888</a> from GUICC_8888_Index2Color.o(.text.LCD_Index2Color_8888) referenced from LCD_RLEAlpha.o(.text._Draw)
 <LI><a href="#[8b]">LCD_Index2Color_8888</a> from GUICC_8888_Index2Color.o(.text.LCD_Index2Color_8888) referenced from GUI_DrawBitmap_8888.o(.text._DrawBitmap_8888)
 <LI><a href="#[d6]">LCD_Index2Color_M565</a> from GUICC_M565.o(.text.LCD_Index2Color_M565) referenced from GUICC_M565.o(.rodata)
 <LI><a href="#[a1]">LCD_Index2Color_M8888I</a> from GUICC_M8888I_Index2Color.o(.text.LCD_Index2Color_M8888I) referenced from GUI_DrawBitmap_8888.o(.rodata)
 <LI><a href="#[a1]">LCD_Index2Color_M8888I</a> from GUICC_M8888I_Index2Color.o(.text.LCD_Index2Color_M8888I) referenced from GUI_DrawBitmap_8888.o(.text._DrawBitmap_M8888I)
 <LI><a href="#[2a]">MemManage_Handler</a> from stm32f4xx_it.o(i.MemManage_Handler) referenced from startup_stm32f407xx.o(RESET)
 <LI><a href="#[28]">NMI_Handler</a> from stm32f4xx_it.o(i.NMI_Handler) referenced from startup_stm32f407xx.o(RESET)
 <LI><a href="#[74]">OTG_FS_IRQHandler</a> from startup_stm32f407xx.o(.text) referenced from startup_stm32f407xx.o(RESET)
 <LI><a href="#[5b]">OTG_FS_WKUP_IRQHandler</a> from startup_stm32f407xx.o(.text) referenced from startup_stm32f407xx.o(RESET)
 <LI><a href="#[7c]">OTG_HS_EP1_IN_IRQHandler</a> from startup_stm32f407xx.o(.text) referenced from startup_stm32f407xx.o(RESET)
 <LI><a href="#[7b]">OTG_HS_EP1_OUT_IRQHandler</a> from startup_stm32f407xx.o(.text) referenced from startup_stm32f407xx.o(RESET)
 <LI><a href="#[7e]">OTG_HS_IRQHandler</a> from startup_stm32f407xx.o(.text) referenced from startup_stm32f407xx.o(RESET)
 <LI><a href="#[7d]">OTG_HS_WKUP_IRQHandler</a> from startup_stm32f407xx.o(.text) referenced from startup_stm32f407xx.o(RESET)
 <LI><a href="#[92]">PROGBAR_Callback</a> from PROGBAR.o(.text.PROGBAR_Callback) referenced from PROGBAR.o(.text.PROGBAR_CreateIndirect)
 <LI><a href="#[ca]">PROGBAR_CreateIndirect</a> from PROGBAR.o(.text.PROGBAR_CreateIndirect) referenced from guidemo.o(.constdata)
 <LI><a href="#[14]">PROGBAR_DrawSkinFlex</a> from PROGBAR_SkinFlex.o(.text.PROGBAR_DrawSkinFlex) referenced 2 times from PROGBAR.o(.data)
 <LI><a href="#[14]">PROGBAR_DrawSkinFlex</a> from PROGBAR_SkinFlex.o(.text.PROGBAR_DrawSkinFlex) referenced from guidemo.o(i.GUIDEMO_Main)
 <LI><a href="#[14]">PROGBAR_DrawSkinFlex</a> from PROGBAR_SkinFlex.o(.text.PROGBAR_DrawSkinFlex) referenced from guidemo.o(i._Main)
 <LI><a href="#[32]">PVD_IRQHandler</a> from startup_stm32f407xx.o(.text) referenced from startup_stm32f407xx.o(RESET)
 <LI><a href="#[2f]">PendSV_Handler</a> from stm32f4xx_it.o(i.PendSV_Handler) referenced from startup_stm32f407xx.o(RESET)
 <LI><a href="#[36]">RCC_IRQHandler</a> from startup_stm32f407xx.o(.text) referenced from startup_stm32f407xx.o(RESET)
 <LI><a href="#[5a]">RTC_Alarm_IRQHandler</a> from startup_stm32f407xx.o(.text) referenced from startup_stm32f407xx.o(RESET)
 <LI><a href="#[34]">RTC_WKUP_IRQHandler</a> from startup_stm32f407xx.o(.text) referenced from startup_stm32f407xx.o(RESET)
 <LI><a href="#[27]">Reset_Handler</a> from startup_stm32f407xx.o(.text) referenced from startup_stm32f407xx.o(RESET)
 <LI><a href="#[25]">SCROLLBAR_DrawSkinFlex</a> from SCROLLBAR_SkinFlex.o(.text.SCROLLBAR_DrawSkinFlex) referenced 2 times from SCROLLBAR.o(.data)
 <LI><a href="#[25]">SCROLLBAR_DrawSkinFlex</a> from SCROLLBAR_SkinFlex.o(.text.SCROLLBAR_DrawSkinFlex) referenced from guidemo.o(i.GUIDEMO_Main)
 <LI><a href="#[62]">SDIO_IRQHandler</a> from startup_stm32f407xx.o(.text) referenced from startup_stm32f407xx.o(RESET)
 <LI><a href="#[26]">SLIDER_DrawSkinFlex</a> from SLIDER_SkinFlex.o(.text.SLIDER_DrawSkinFlex) referenced 2 times from SLIDER.o(.data)
 <LI><a href="#[26]">SLIDER_DrawSkinFlex</a> from SLIDER_SkinFlex.o(.text.SLIDER_DrawSkinFlex) referenced from guidemo.o(i.GUIDEMO_Main)
 <LI><a href="#[54]">SPI1_IRQHandler</a> from startup_stm32f407xx.o(.text) referenced from startup_stm32f407xx.o(RESET)
 <LI><a href="#[55]">SPI2_IRQHandler</a> from startup_stm32f407xx.o(.text) referenced from startup_stm32f407xx.o(RESET)
 <LI><a href="#[64]">SPI3_IRQHandler</a> from startup_stm32f407xx.o(.text) referenced from startup_stm32f407xx.o(RESET)
 <LI><a href="#[2d]">SVC_Handler</a> from stm32f4xx_it.o(i.SVC_Handler) referenced from startup_stm32f407xx.o(RESET)
 <LI><a href="#[30]">SysTick_Handler</a> from stm32f4xx_it.o(i.SysTick_Handler) referenced from startup_stm32f407xx.o(RESET)
 <LI><a href="#[83]">SystemInit</a> from system_stm32f4xx.o(i.SystemInit) referenced from startup_stm32f407xx.o(.text)
 <LI><a href="#[33]">TAMP_STAMP_IRQHandler</a> from startup_stm32f407xx.o(.text) referenced from startup_stm32f407xx.o(RESET)
 <LI><a href="#[99]">TEXT_Callback</a> from TEXT.o(.text.TEXT_Callback) referenced from TEXT.o(.text.TEXT_CreateIndirect)
 <LI><a href="#[cb]">TEXT_CreateIndirect</a> from TEXT.o(.text.TEXT_CreateIndirect) referenced 2 times from guidemo.o(.constdata)
 <LI><a href="#[49]">TIM1_BRK_TIM9_IRQHandler</a> from startup_stm32f407xx.o(.text) referenced from startup_stm32f407xx.o(RESET)
 <LI><a href="#[4c]">TIM1_CC_IRQHandler</a> from startup_stm32f407xx.o(.text) referenced from startup_stm32f407xx.o(RESET)
 <LI><a href="#[4b]">TIM1_TRG_COM_TIM11_IRQHandler</a> from startup_stm32f407xx.o(.text) referenced from startup_stm32f407xx.o(RESET)
 <LI><a href="#[4a]">TIM1_UP_TIM10_IRQHandler</a> from startup_stm32f407xx.o(.text) referenced from startup_stm32f407xx.o(RESET)
 <LI><a href="#[4d]">TIM2_IRQHandler</a> from startup_stm32f407xx.o(.text) referenced from startup_stm32f407xx.o(RESET)
 <LI><a href="#[4e]">TIM3_IRQHandler</a> from startup_stm32f407xx.o(.text) referenced from startup_stm32f407xx.o(RESET)
 <LI><a href="#[4f]">TIM4_IRQHandler</a> from startup_stm32f407xx.o(.text) referenced from startup_stm32f407xx.o(RESET)
 <LI><a href="#[63]">TIM5_IRQHandler</a> from startup_stm32f407xx.o(.text) referenced from startup_stm32f407xx.o(RESET)
 <LI><a href="#[67]">TIM6_DAC_IRQHandler</a> from stm32f4xx_it.o(i.TIM6_DAC_IRQHandler) referenced from startup_stm32f407xx.o(RESET)
 <LI><a href="#[68]">TIM7_IRQHandler</a> from startup_stm32f407xx.o(.text) referenced from startup_stm32f407xx.o(RESET)
 <LI><a href="#[5c]">TIM8_BRK_TIM12_IRQHandler</a> from startup_stm32f407xx.o(.text) referenced from startup_stm32f407xx.o(RESET)
 <LI><a href="#[5f]">TIM8_CC_IRQHandler</a> from startup_stm32f407xx.o(.text) referenced from startup_stm32f407xx.o(RESET)
 <LI><a href="#[5e]">TIM8_TRG_COM_TIM14_IRQHandler</a> from startup_stm32f407xx.o(.text) referenced from startup_stm32f407xx.o(RESET)
 <LI><a href="#[5d]">TIM8_UP_TIM13_IRQHandler</a> from startup_stm32f407xx.o(.text) referenced from startup_stm32f407xx.o(RESET)
 <LI><a href="#[65]">UART4_IRQHandler</a> from startup_stm32f407xx.o(.text) referenced from startup_stm32f407xx.o(RESET)
 <LI><a href="#[66]">UART5_IRQHandler</a> from startup_stm32f407xx.o(.text) referenced from startup_stm32f407xx.o(RESET)
 <LI><a href="#[56]">USART1_IRQHandler</a> from startup_stm32f407xx.o(.text) referenced from startup_stm32f407xx.o(RESET)
 <LI><a href="#[57]">USART2_IRQHandler</a> from startup_stm32f407xx.o(.text) referenced from startup_stm32f407xx.o(RESET)
 <LI><a href="#[58]">USART3_IRQHandler</a> from startup_stm32f407xx.o(.text) referenced from startup_stm32f407xx.o(RESET)
 <LI><a href="#[78]">USART6_IRQHandler</a> from startup_stm32f407xx.o(.text) referenced from startup_stm32f407xx.o(RESET)
 <LI><a href="#[2c]">UsageFault_Handler</a> from stm32f4xx_it.o(i.UsageFault_Handler) referenced from startup_stm32f407xx.o(RESET)
 <LI><a href="#[8c]">WM_HandlePID</a> from WM_Touch.o(.text.WM_HandlePID) referenced from GUI_PID.o(.text.GUI_PID_StoreState)
 <LI><a href="#[9e]">WM__Paint1</a> from WM.o(.text.WM__Paint1) referenced from WM.o(.text.WM__PaintWinAndOverlays)
 <LI><a href="#[9e]">WM__Paint1</a> from WM.o(.text.WM__Paint1) referenced from WM.o(.text._Paint1Trans)
 <LI><a href="#[31]">WWDG_IRQHandler</a> from startup_stm32f407xx.o(.text) referenced from startup_stm32f407xx.o(RESET)
 <LI><a href="#[a0]">_CalcPositions</a> from SCROLLBAR_Skin.o(.text._CalcPositions) referenced from SCROLLBAR_Skin.o(.text._Create)
 <LI><a href="#[103]">_CalcSizeOfChar</a> from GUI_UC_EncodeNone.o(.text._CalcSizeOfChar) referenced from GUI_UC_EncodeNone.o(.rodata)
 <LI><a href="#[d8]">_Color2IndexBulk</a> from GUICC_M565.o(.text._Color2IndexBulk) referenced 2 times from GUICC_M565.o(.rodata)
 <LI><a href="#[122]">_Color2Index_0</a> from GUICC_0.o(.text._Color2Index_0) referenced from GUICC_0.o(.rodata)
 <LI><a href="#[f1]">_Color2Index_8888</a> from GUICC_8888.o(.text._Color2Index_8888) referenced from GUICC_8888.o(.rodata)
 <LI><a href="#[d5]">_Color2Index_M565</a> from GUICC_M565.o(.text._Color2Index_M565) referenced from GUICC_M565.o(.rodata)
 <LI><a href="#[c]">_Create</a> from BUTTON_Skin.o(.text._Create) referenced 12 times from BUTTON_Skin.o(.data)
 <LI><a href="#[a2]">_Draw</a> from LCD_RLEAlpha.o(.text._Draw) referenced from LCD_RLEAlpha.o(.text._DrawBitmap_RLEAlpha)
 <LI><a href="#[94]">_DrawBackgroundH</a> from SCROLLBAR_SkinFlex.o(.text._DrawBackgroundH) referenced from SCROLLBAR_SkinFlex.o(.text.SCROLLBAR_DrawSkinFlex)
 <LI><a href="#[96]">_DrawBackgroundV</a> from SCROLLBAR_SkinFlex.o(.text._DrawBackgroundV) referenced from SCROLLBAR_SkinFlex.o(.text.SCROLLBAR_DrawSkinFlex)
 <LI><a href="#[bc]">_DrawBitmap</a> from guidrv_template.o(i._DrawBitmap) referenced from guidrv_template.o(.constdata)
 <LI><a href="#[e5]">_DrawBitmap</a> from GUIDEV_16.o(.text._DrawBitmap) referenced 3 times from GUIDEV_16.o(.rodata)
 <LI><a href="#[de]">_DrawBitmapHW_8888</a> from GUI_DrawBitmap_8888.o(.text._DrawBitmapHW_8888) referenced from GUI_DrawBitmap_8888.o(.rodata)
 <LI><a href="#[dd]">_DrawBitmap_8888</a> from GUI_DrawBitmap_8888.o(.text._DrawBitmap_8888) referenced from GUI_DrawBitmap_8888.o(.rodata)
 <LI><a href="#[dc]">_DrawBitmap_M8888I</a> from GUI_DrawBitmap_8888.o(.text._DrawBitmap_M8888I) referenced from GUI_DrawBitmap_8888.o(.rodata)
 <LI><a href="#[e0]">_DrawBitmap_RLEAlpha</a> from LCD_RLEAlpha.o(.text._DrawBitmap_RLEAlpha) referenced from LCD_RLEAlpha.o(.rodata)
 <LI><a href="#[aa]">_DrawBk</a> from guidemo.o(i._DrawBk) referenced from guidemo.o(i.GUIDEMO_Main)
 <LI><a href="#[a9]">_DrawBkCircle</a> from guidemo.o(i._DrawBkCircle) referenced from guidemo.o(i.GUIDEMO_Main)
 <LI><a href="#[ab]">_DrawBkSimple</a> from guidemo.o(i._DrawBkSimple) referenced from guidemo.o(i.GUIDEMO_Main)
 <LI><a href="#[1b]">_DrawCharAA4_Trans</a> from GUIAA_Char4.o(.text._DrawCharAA4_Trans) referenced 2 times from GUIAA_Char4.o(.data)
 <LI><a href="#[a3]">_DrawClip</a> from LCD_RLEAlpha.o(.text._DrawClip) referenced from LCD_RLEAlpha.o(.text._DrawBitmap_RLEAlpha)
 <LI><a href="#[11b]">_DrawDown</a> from WIDGET_Effect_None.o(.text._DrawDown) referenced 2 times from WIDGET_Effect_None.o(.rodata)
 <LI><a href="#[11c]">_DrawDownRect</a> from WIDGET_Effect_None.o(.text._DrawDownRect) referenced 2 times from WIDGET_Effect_None.o(.rodata)
 <LI><a href="#[11d]">_DrawFlat</a> from WIDGET_Effect_None.o(.text._DrawFlat) referenced from WIDGET_Effect_None.o(.rodata)
 <LI><a href="#[93]">_DrawGraspH</a> from SCROLLBAR_SkinFlex.o(.text._DrawGraspH) referenced from SCROLLBAR_SkinFlex.o(.text.SCROLLBAR_DrawSkinFlex)
 <LI><a href="#[95]">_DrawGraspV</a> from SCROLLBAR_SkinFlex.o(.text._DrawGraspV) referenced from SCROLLBAR_SkinFlex.o(.text.SCROLLBAR_DrawSkinFlex)
 <LI><a href="#[bd]">_DrawHLine</a> from guidrv_template.o(i._DrawHLine) referenced from guidrv_template.o(.constdata)
 <LI><a href="#[e6]">_DrawHLine</a> from GUIDEV_16.o(.text._DrawHLine) referenced 3 times from GUIDEV_16.o(.rodata)
 <LI><a href="#[b4]">_DrawSkin_BUTTON</a> from guidemo.o(i._DrawSkin_BUTTON) referenced from guidemo.o(i._Main)
 <LI><a href="#[b3]">_DrawSkin_FRAMEWIN</a> from guidemo.o(i._DrawSkin_FRAMEWIN) referenced from guidemo.o(i._Main)
 <LI><a href="#[b5]">_DrawSkin_PROGBAR</a> from guidemo.o(i._DrawSkin_PROGBAR) referenced from guidemo.o(i._Main)
 <LI><a href="#[119]">_DrawUp</a> from WIDGET_Effect_None.o(.text._DrawUp) referenced 2 times from WIDGET_Effect_None.o(.rodata)
 <LI><a href="#[11a]">_DrawUpRect</a> from WIDGET_Effect_None.o(.text._DrawUpRect) referenced 2 times from WIDGET_Effect_None.o(.rodata)
 <LI><a href="#[be]">_DrawVLine</a> from guidrv_template.o(i._DrawVLine) referenced from guidrv_template.o(.constdata)
 <LI><a href="#[e7]">_DrawVLine</a> from GUIDEV_16.o(.text._DrawVLine) referenced 3 times from GUIDEV_16.o(.rodata)
 <LI><a href="#[104]">_Encode</a> from GUI_UC_EncodeNone.o(.text._Encode) referenced from GUI_UC_EncodeNone.o(.rodata)
 <LI><a href="#[bf]">_FillRect</a> from guidrv_template.o(i._FillRect) referenced from guidrv_template.o(.constdata)
 <LI><a href="#[e8]">_FillRect</a> from GUIDEV_16.o(.text._FillRect) referenced 3 times from GUIDEV_16.o(.rodata)
 <LI><a href="#[a8]">_FrameDrawSkinFlex</a> from guidemo.o(i._FrameDrawSkinFlex) referenced from guidemo.o(i.GUIDEMO_Main)
 <LI><a href="#[a8]">_FrameDrawSkinFlex</a> from guidemo.o(i._FrameDrawSkinFlex) referenced from guidemo.o(i._Main)
 <LI><a href="#[117]">_GUI_USAGE_BM_Delete</a> from GUIDEV_UsageBM.o(.text._GUI_USAGE_BM_Delete) referenced from GUIDEV_UsageBM.o(.rodata)
 <LI><a href="#[11]">_GetBorderSize</a> from FRAMEWIN_Skin.o(.text._GetBorderSize) referenced 2 times from FRAMEWIN_Skin.o(.data)
 <LI><a href="#[101]">_GetCharCode</a> from GUI_UC_EncodeNone.o(.text._GetCharCode) referenced from GUI_UC_EncodeNone.o(.rodata)
 <LI><a href="#[102]">_GetCharSize</a> from GUI_UC_EncodeNone.o(.text._GetCharSize) referenced from GUI_UC_EncodeNone.o(.rodata)
 <LI><a href="#[22]">_GetCharWrap</a> from GUI__Wrap.o(.text._GetCharWrap) referenced 2 times from GUI__Wrap.o(.data)
 <LI><a href="#[c6]">_GetDevData</a> from guidrv_template.o(i._GetDevData) referenced from guidrv_template.o(.constdata)
 <LI><a href="#[ef]">_GetDevData</a> from GUIDEV_16.o(.text._GetDevData) referenced 3 times from GUIDEV_16.o(.rodata)
 <LI><a href="#[c4]">_GetDevFunc</a> from guidrv_template.o(i._GetDevFunc) referenced from guidrv_template.o(.constdata)
 <LI><a href="#[ed]">_GetDevFunc</a> from GUIDEV_16.o(.text._GetDevFunc) referenced 3 times from GUIDEV_16.o(.rodata)
 <LI><a href="#[c5]">_GetDevProp</a> from guidrv_template.o(i._GetDevProp) referenced from guidrv_template.o(.constdata)
 <LI><a href="#[ee]">_GetDevProp</a> from GUIDEV_16.o(.text._GetDevProp) referenced 3 times from GUIDEV_16.o(.rodata)
 <LI><a href="#[124]">_GetIndexMask_0</a> from GUICC_0.o(.text._GetIndexMask_0) referenced from GUICC_0.o(.rodata)
 <LI><a href="#[f2]">_GetIndexMask_8888</a> from GUICC_8888.o(.text._GetIndexMask_8888) referenced from GUICC_8888.o(.rodata)
 <LI><a href="#[d7]">_GetIndexMask_M565</a> from GUICC_M565.o(.text._GetIndexMask_M565) referenced from GUICC_M565.o(.rodata)
 <LI><a href="#[c0]">_GetPixelIndex</a> from guidrv_template.o(i._GetPixelIndex) referenced from guidrv_template.o(.constdata)
 <LI><a href="#[e9]">_GetPixelIndex</a> from GUIDEV_16.o(.text._GetPixelIndex) referenced 3 times from GUIDEV_16.o(.rodata)
 <LI><a href="#[c7]">_GetRect</a> from guidrv_template.o(i._GetRect) referenced from guidrv_template.o(.constdata)
 <LI><a href="#[f0]">_GetRect</a> from GUIDEV_16.o(.text._GetRect) referenced 3 times from GUIDEV_16.o(.rodata)
 <LI><a href="#[21]">_GetWordWrap</a> from GUI__Wrap.o(.text._GetWordWrap) referenced 2 times from GUI__Wrap.o(.data)
 <LI><a href="#[d9]">_Index2ColorBulk</a> from GUICC_M565.o(.text._Index2ColorBulk) referenced 2 times from GUICC_M565.o(.rodata)
 <LI><a href="#[123]">_Index2Color_0</a> from GUICC_0.o(.text._Index2Color_0) referenced from GUICC_0.o(.rodata)
 <LI><a href="#[af]">_Init</a> from guidrv_template.o(i._Init) referenced from guidrv_template.o(i._GetDevFunc)
 <LI><a href="#[1c]">_Log2VisBuffered</a> from GUI_CharLine.o(.text._Log2VisBuffered) referenced 2 times from GUI_CharLine.o(.data)
 <LI><a href="#[b1]">_Off</a> from guidrv_template.o(i._Off) referenced from guidrv_template.o(i._GetDevFunc)
 <LI><a href="#[b0]">_On</a> from guidrv_template.o(i._On) referenced from guidrv_template.o(i._GetDevFunc)
 <LI><a href="#[8a]">_OnExit</a> from GUI_Cursor.o(.text._OnExit) referenced from GUI_Cursor.o(.text.GUI_CURSOR_SelectEx)
 <LI><a href="#[8d]">_OnExit</a> from GUI_PID.o(.text._OnExit) referenced from GUI_PID.o(.text.GUI_PID_StoreState)
 <LI><a href="#[8e]">_OnExit</a> from GUI__Alpha.o(.text._OnExit) referenced from GUI__Alpha.o(.text.GUI__AllocAlphaBuffer)
 <LI><a href="#[8f]">_OnExit</a> from GUI_Core.o(.text._OnExit) referenced from GUI_Core.o(.text.GUI__Config)
 <LI><a href="#[8e]">_OnExit</a> from GUI__Alpha.o(.text._OnExit) referenced from GUI__Alpha.o(.text.GUI__DoAlphaBlending)
 <LI><a href="#[8e]">_OnExit</a> from GUI__Alpha.o(.text._OnExit) referenced from GUI__Alpha.o(.text.GUI__GetAlphaBuffer)
 <LI><a href="#[91]">_OnExit</a> from LCD_Color.o(.text._OnExit) referenced from LCD_Color.o(.text.LCD_InitColors)
 <LI><a href="#[9c]">_OnExit</a> from WM.o(.text._OnExit) referenced from WM.o(.text.WM_Init)
 <LI><a href="#[87]">_OnPidStateChange</a> from BUTTON.o(.text._OnPidStateChange) referenced from BUTTON.o(.text.BUTTON_SetReactOnLevel)
 <LI><a href="#[9]">_OnTouchDefault</a> from BUTTON.o(.text._OnTouchDefault) referenced 2 times from BUTTON.o(.data)
 <LI><a href="#[86]">_OnTouchReactOnLevel</a> from BUTTON.o(.text._OnTouchReactOnLevel) referenced from BUTTON.o(.text.BUTTON_SetReactOnLevel)
 <LI><a href="#[b]">_Paint</a> from BUTTON_Skin.o(.text._Paint) referenced 12 times from BUTTON_Skin.o(.data)
 <LI><a href="#[106]">_SetBkColor</a> from LCD.o(.text._SetBkColor) referenced from LCD.o(.rodata)
 <LI><a href="#[105]">_SetColor</a> from LCD.o(.text._SetColor) referenced from LCD.o(.rodata)
 <LI><a href="#[107]">_SetDrawMode</a> from LCD.o(.text._SetDrawMode) referenced from LCD.o(.rodata)
 <LI><a href="#[b2]">_SetLUTEntry</a> from guidrv_template.o(i._SetLUTEntry) referenced from guidrv_template.o(i._GetDevFunc)
 <LI><a href="#[c3]">_SetOrg</a> from guidrv_template.o(i._SetOrg) referenced from guidrv_template.o(.constdata)
 <LI><a href="#[ec]">_SetOrg</a> from GUIDEV_16.o(.text._SetOrg) referenced 3 times from GUIDEV_16.o(.rodata)
 <LI><a href="#[7]">_SetPixelAlpha</a> from GUI_DrawBitmap_8888.o(.text._SetPixelAlpha) referenced 2 times from GUI_DrawBitmap_8888.o(.data)
 <LI><a href="#[c1]">_SetPixelIndex</a> from guidrv_template.o(i._SetPixelIndex) referenced from guidrv_template.o(.constdata)
 <LI><a href="#[ea]">_SetPixelIndex</a> from GUIDEV_16.o(.text._SetPixelIndex) referenced 3 times from GUIDEV_16.o(.rodata)
 <LI><a href="#[ae]">_SetSize</a> from guidrv_template.o(i._SetSize) referenced from guidrv_template.o(i._GetDevFunc)
 <LI><a href="#[ac]">_SetVRAMAddr</a> from guidrv_template.o(i._SetVRAMAddr) referenced from guidrv_template.o(i._GetDevFunc)
 <LI><a href="#[ad]">_SetVSize</a> from guidrv_template.o(i._SetVSize) referenced from guidrv_template.o(i._GetDevFunc)
 <LI><a href="#[c2]">_XorPixel</a> from guidrv_template.o(i._XorPixel) referenced from guidrv_template.o(.constdata)
 <LI><a href="#[eb]">_XorPixel</a> from GUIDEV_16.o(.text._XorPixel) referenced 3 times from GUIDEV_16.o(.rodata)
 <LI><a href="#[84]">__main</a> from entry.o(.ARM.Collect$$$$00000000) referenced from startup_stm32f407xx.o(.text)
 <LI><a href="#[9d]">_cbBackWin</a> from WM.o(.text._cbBackWin) referenced from WM.o(.text.WM_Init)
 <LI><a href="#[a7]">_cbBk</a> from guidemo.o(i._cbBk) referenced from guidemo.o(i.GUIDEMO_Main)
 <LI><a href="#[a6]">_cbEffect</a> from guidemo.o(i._cbEffect) referenced from guidemo.o(i.GUIDEMO_Main)
 <LI><a href="#[b6]">_cbFrameWinControl</a> from guidemo.o(i._cbFrameWinControl) referenced from guidemo.o(i._Main)
 <LI><a href="#[b7]">_cbFrameWinInfo</a> from guidemo.o(i._cbFrameWinInfo) referenced from guidemo.o(i._Main)
 <LI><a href="#[9a]">_cbInvalidateOne</a> from WM_BringToTop.o(.text._cbInvalidateOne) referenced from WM_BringToTop.o(.text.WM_BringToTop)
 <LI><a href="#[9b]">_cbPaintMemDev</a> from WM.o(.text._cbPaintMemDev) referenced from WM.o(.text.WM_Exec)
 <LI><a href="#[b9]">_sputc</a> from printfa.o(i._sputc) referenced from printfa.o(i.__0sprintf)
 <LI><a href="#[b8]">fputc</a> from usart.o(i.fputc) referenced from printfa.o(i.__0printf)
 <LI><a href="#[bb]">ft5206_scan</a> from ft5206.o(i.ft5206_scan) referenced from touch.o(i.tp_init)
 <LI><a href="#[ba]">gt9xxx_scan</a> from gt9xxx.o(i.gt9xxx_scan) referenced from touch.o(i.tp_init)
 <LI><a href="#[82]">main</a> from main.o(i.main) referenced from entry9a.o(.ARM.Collect$$$$0000000B)
 <LI><a href="#[1f]">memcpy</a> from memmove.o(.text) referenced 2 times from GUI__Private.o(.data)
 <LI><a href="#[20]">memset</a> from memseta.o(.text) referenced 2 times from GUI__Private.o(.data)
 <LI><a href="#[4]">my_mem_init</a> from mymalloc.o(i.my_mem_init) referenced 2 times from mymalloc.o(.data)
 <LI><a href="#[5]">my_mem_perused</a> from mymalloc.o(i.my_mem_perused) referenced 2 times from mymalloc.o(.data)
 <LI><a href="#[3]">tp_adjust</a> from touch.o(i.tp_adjust) referenced 2 times from touch.o(.data)
 <LI><a href="#[1]">tp_init</a> from touch.o(i.tp_init) referenced 2 times from touch.o(.data)
 <LI><a href="#[2]">tp_scan</a> from touch.o(i.tp_scan) referenced 2 times from touch.o(.data)
</UL>
<P>
<H3>
Global Symbols
</H3>
<P><STRONG><a name="[84]"></a>__main</STRONG> (Thumb, 0 bytes, Stack size unknown bytes, entry.o(.ARM.Collect$$$$00000000))
<BR>[Address Reference Count : 1]<UL><LI> startup_stm32f407xx.o(.text)
</UL>
<P><STRONG><a name="[3a3]"></a>_main_stk</STRONG> (Thumb, 0 bytes, Stack size unknown bytes, entry2.o(.ARM.Collect$$$$00000001))

<P><STRONG><a name="[125]"></a>_main_scatterload</STRONG> (Thumb, 0 bytes, Stack size unknown bytes, entry5.o(.ARM.Collect$$$$00000004))
<BR><BR>[Calls]<UL><LI><a href="#[126]">&gt;&gt;</a>&nbsp;&nbsp;&nbsp;__scatterload
</UL>

<P><STRONG><a name="[13b]"></a>__main_after_scatterload</STRONG> (Thumb, 0 bytes, Stack size unknown bytes, entry5.o(.ARM.Collect$$$$00000004))
<BR><BR>[Called By]<UL><LI><a href="#[126]">&gt;&gt;</a>&nbsp;&nbsp;&nbsp;__scatterload
</UL>

<P><STRONG><a name="[3a4]"></a>_main_clock</STRONG> (Thumb, 0 bytes, Stack size unknown bytes, entry7b.o(.ARM.Collect$$$$00000008))

<P><STRONG><a name="[3a5]"></a>_main_cpp_init</STRONG> (Thumb, 0 bytes, Stack size unknown bytes, entry8b.o(.ARM.Collect$$$$0000000A))

<P><STRONG><a name="[3a6]"></a>_main_init</STRONG> (Thumb, 0 bytes, Stack size unknown bytes, entry9a.o(.ARM.Collect$$$$0000000B))

<P><STRONG><a name="[3a7]"></a>__rt_final_cpp</STRONG> (Thumb, 0 bytes, Stack size unknown bytes, entry10a.o(.ARM.Collect$$$$0000000D))

<P><STRONG><a name="[3a8]"></a>__rt_final_exit</STRONG> (Thumb, 0 bytes, Stack size unknown bytes, entry11a.o(.ARM.Collect$$$$0000000F))

<P><STRONG><a name="[27]"></a>Reset_Handler</STRONG> (Thumb, 8 bytes, Stack size 0 bytes, startup_stm32f407xx.o(.text))
<BR>[Address Reference Count : 1]<UL><LI> startup_stm32f407xx.o(RESET)
</UL>
<P><STRONG><a name="[43]"></a>ADC_IRQHandler</STRONG> (Thumb, 0 bytes, Stack size 0 bytes, startup_stm32f407xx.o(.text))
<BR><BR>[Calls]<UL><LI><a href="#[43]">&gt;&gt;</a>&nbsp;&nbsp;&nbsp;ADC_IRQHandler
</UL>
<BR>[Called By]<UL><LI><a href="#[43]">&gt;&gt;</a>&nbsp;&nbsp;&nbsp;ADC_IRQHandler
</UL>
<BR>[Address Reference Count : 1]<UL><LI> startup_stm32f407xx.o(RESET)
</UL>
<P><STRONG><a name="[45]"></a>CAN1_RX0_IRQHandler</STRONG> (Thumb, 0 bytes, Stack size 0 bytes, startup_stm32f407xx.o(.text))
<BR>[Address Reference Count : 1]<UL><LI> startup_stm32f407xx.o(RESET)
</UL>
<P><STRONG><a name="[46]"></a>CAN1_RX1_IRQHandler</STRONG> (Thumb, 0 bytes, Stack size 0 bytes, startup_stm32f407xx.o(.text))
<BR>[Address Reference Count : 1]<UL><LI> startup_stm32f407xx.o(RESET)
</UL>
<P><STRONG><a name="[47]"></a>CAN1_SCE_IRQHandler</STRONG> (Thumb, 0 bytes, Stack size 0 bytes, startup_stm32f407xx.o(.text))
<BR>[Address Reference Count : 1]<UL><LI> startup_stm32f407xx.o(RESET)
</UL>
<P><STRONG><a name="[44]"></a>CAN1_TX_IRQHandler</STRONG> (Thumb, 0 bytes, Stack size 0 bytes, startup_stm32f407xx.o(.text))
<BR>[Address Reference Count : 1]<UL><LI> startup_stm32f407xx.o(RESET)
</UL>
<P><STRONG><a name="[71]"></a>CAN2_RX0_IRQHandler</STRONG> (Thumb, 0 bytes, Stack size 0 bytes, startup_stm32f407xx.o(.text))
<BR>[Address Reference Count : 1]<UL><LI> startup_stm32f407xx.o(RESET)
</UL>
<P><STRONG><a name="[72]"></a>CAN2_RX1_IRQHandler</STRONG> (Thumb, 0 bytes, Stack size 0 bytes, startup_stm32f407xx.o(.text))
<BR>[Address Reference Count : 1]<UL><LI> startup_stm32f407xx.o(RESET)
</UL>
<P><STRONG><a name="[73]"></a>CAN2_SCE_IRQHandler</STRONG> (Thumb, 0 bytes, Stack size 0 bytes, startup_stm32f407xx.o(.text))
<BR>[Address Reference Count : 1]<UL><LI> startup_stm32f407xx.o(RESET)
</UL>
<P><STRONG><a name="[70]"></a>CAN2_TX_IRQHandler</STRONG> (Thumb, 0 bytes, Stack size 0 bytes, startup_stm32f407xx.o(.text))
<BR>[Address Reference Count : 1]<UL><LI> startup_stm32f407xx.o(RESET)
</UL>
<P><STRONG><a name="[7f]"></a>DCMI_IRQHandler</STRONG> (Thumb, 0 bytes, Stack size 0 bytes, startup_stm32f407xx.o(.text))
<BR>[Address Reference Count : 1]<UL><LI> startup_stm32f407xx.o(RESET)
</UL>
<P><STRONG><a name="[3c]"></a>DMA1_Stream0_IRQHandler</STRONG> (Thumb, 0 bytes, Stack size 0 bytes, startup_stm32f407xx.o(.text))
<BR>[Address Reference Count : 1]<UL><LI> startup_stm32f407xx.o(RESET)
</UL>
<P><STRONG><a name="[3d]"></a>DMA1_Stream1_IRQHandler</STRONG> (Thumb, 0 bytes, Stack size 0 bytes, startup_stm32f407xx.o(.text))
<BR>[Address Reference Count : 1]<UL><LI> startup_stm32f407xx.o(RESET)
</UL>
<P><STRONG><a name="[3e]"></a>DMA1_Stream2_IRQHandler</STRONG> (Thumb, 0 bytes, Stack size 0 bytes, startup_stm32f407xx.o(.text))
<BR>[Address Reference Count : 1]<UL><LI> startup_stm32f407xx.o(RESET)
</UL>
<P><STRONG><a name="[3f]"></a>DMA1_Stream3_IRQHandler</STRONG> (Thumb, 0 bytes, Stack size 0 bytes, startup_stm32f407xx.o(.text))
<BR>[Address Reference Count : 1]<UL><LI> startup_stm32f407xx.o(RESET)
</UL>
<P><STRONG><a name="[40]"></a>DMA1_Stream4_IRQHandler</STRONG> (Thumb, 0 bytes, Stack size 0 bytes, startup_stm32f407xx.o(.text))
<BR>[Address Reference Count : 1]<UL><LI> startup_stm32f407xx.o(RESET)
</UL>
<P><STRONG><a name="[41]"></a>DMA1_Stream5_IRQHandler</STRONG> (Thumb, 0 bytes, Stack size 0 bytes, startup_stm32f407xx.o(.text))
<BR>[Address Reference Count : 1]<UL><LI> startup_stm32f407xx.o(RESET)
</UL>
<P><STRONG><a name="[42]"></a>DMA1_Stream6_IRQHandler</STRONG> (Thumb, 0 bytes, Stack size 0 bytes, startup_stm32f407xx.o(.text))
<BR>[Address Reference Count : 1]<UL><LI> startup_stm32f407xx.o(RESET)
</UL>
<P><STRONG><a name="[60]"></a>DMA1_Stream7_IRQHandler</STRONG> (Thumb, 0 bytes, Stack size 0 bytes, startup_stm32f407xx.o(.text))
<BR>[Address Reference Count : 1]<UL><LI> startup_stm32f407xx.o(RESET)
</UL>
<P><STRONG><a name="[69]"></a>DMA2_Stream0_IRQHandler</STRONG> (Thumb, 0 bytes, Stack size 0 bytes, startup_stm32f407xx.o(.text))
<BR>[Address Reference Count : 1]<UL><LI> startup_stm32f407xx.o(RESET)
</UL>
<P><STRONG><a name="[6a]"></a>DMA2_Stream1_IRQHandler</STRONG> (Thumb, 0 bytes, Stack size 0 bytes, startup_stm32f407xx.o(.text))
<BR>[Address Reference Count : 1]<UL><LI> startup_stm32f407xx.o(RESET)
</UL>
<P><STRONG><a name="[6b]"></a>DMA2_Stream2_IRQHandler</STRONG> (Thumb, 0 bytes, Stack size 0 bytes, startup_stm32f407xx.o(.text))
<BR>[Address Reference Count : 1]<UL><LI> startup_stm32f407xx.o(RESET)
</UL>
<P><STRONG><a name="[6c]"></a>DMA2_Stream3_IRQHandler</STRONG> (Thumb, 0 bytes, Stack size 0 bytes, startup_stm32f407xx.o(.text))
<BR>[Address Reference Count : 1]<UL><LI> startup_stm32f407xx.o(RESET)
</UL>
<P><STRONG><a name="[6d]"></a>DMA2_Stream4_IRQHandler</STRONG> (Thumb, 0 bytes, Stack size 0 bytes, startup_stm32f407xx.o(.text))
<BR>[Address Reference Count : 1]<UL><LI> startup_stm32f407xx.o(RESET)
</UL>
<P><STRONG><a name="[75]"></a>DMA2_Stream5_IRQHandler</STRONG> (Thumb, 0 bytes, Stack size 0 bytes, startup_stm32f407xx.o(.text))
<BR>[Address Reference Count : 1]<UL><LI> startup_stm32f407xx.o(RESET)
</UL>
<P><STRONG><a name="[76]"></a>DMA2_Stream6_IRQHandler</STRONG> (Thumb, 0 bytes, Stack size 0 bytes, startup_stm32f407xx.o(.text))
<BR>[Address Reference Count : 1]<UL><LI> startup_stm32f407xx.o(RESET)
</UL>
<P><STRONG><a name="[77]"></a>DMA2_Stream7_IRQHandler</STRONG> (Thumb, 0 bytes, Stack size 0 bytes, startup_stm32f407xx.o(.text))
<BR>[Address Reference Count : 1]<UL><LI> startup_stm32f407xx.o(RESET)
</UL>
<P><STRONG><a name="[6e]"></a>ETH_IRQHandler</STRONG> (Thumb, 0 bytes, Stack size 0 bytes, startup_stm32f407xx.o(.text))
<BR>[Address Reference Count : 1]<UL><LI> startup_stm32f407xx.o(RESET)
</UL>
<P><STRONG><a name="[6f]"></a>ETH_WKUP_IRQHandler</STRONG> (Thumb, 0 bytes, Stack size 0 bytes, startup_stm32f407xx.o(.text))
<BR>[Address Reference Count : 1]<UL><LI> startup_stm32f407xx.o(RESET)
</UL>
<P><STRONG><a name="[59]"></a>EXTI15_10_IRQHandler</STRONG> (Thumb, 0 bytes, Stack size 0 bytes, startup_stm32f407xx.o(.text))
<BR>[Address Reference Count : 1]<UL><LI> startup_stm32f407xx.o(RESET)
</UL>
<P><STRONG><a name="[38]"></a>EXTI1_IRQHandler</STRONG> (Thumb, 0 bytes, Stack size 0 bytes, startup_stm32f407xx.o(.text))
<BR>[Address Reference Count : 1]<UL><LI> startup_stm32f407xx.o(RESET)
</UL>
<P><STRONG><a name="[48]"></a>EXTI9_5_IRQHandler</STRONG> (Thumb, 0 bytes, Stack size 0 bytes, startup_stm32f407xx.o(.text))
<BR>[Address Reference Count : 1]<UL><LI> startup_stm32f407xx.o(RESET)
</UL>
<P><STRONG><a name="[35]"></a>FLASH_IRQHandler</STRONG> (Thumb, 0 bytes, Stack size 0 bytes, startup_stm32f407xx.o(.text))
<BR>[Address Reference Count : 1]<UL><LI> startup_stm32f407xx.o(RESET)
</UL>
<P><STRONG><a name="[61]"></a>FMC_IRQHandler</STRONG> (Thumb, 0 bytes, Stack size 0 bytes, startup_stm32f407xx.o(.text))
<BR>[Address Reference Count : 1]<UL><LI> startup_stm32f407xx.o(RESET)
</UL>
<P><STRONG><a name="[81]"></a>FPU_IRQHandler</STRONG> (Thumb, 0 bytes, Stack size 0 bytes, startup_stm32f407xx.o(.text))
<BR>[Address Reference Count : 1]<UL><LI> startup_stm32f407xx.o(RESET)
</UL>
<P><STRONG><a name="[80]"></a>HASH_RNG_IRQHandler</STRONG> (Thumb, 0 bytes, Stack size 0 bytes, startup_stm32f407xx.o(.text))
<BR>[Address Reference Count : 1]<UL><LI> startup_stm32f407xx.o(RESET)
</UL>
<P><STRONG><a name="[51]"></a>I2C1_ER_IRQHandler</STRONG> (Thumb, 0 bytes, Stack size 0 bytes, startup_stm32f407xx.o(.text))
<BR>[Address Reference Count : 1]<UL><LI> startup_stm32f407xx.o(RESET)
</UL>
<P><STRONG><a name="[50]"></a>I2C1_EV_IRQHandler</STRONG> (Thumb, 0 bytes, Stack size 0 bytes, startup_stm32f407xx.o(.text))
<BR>[Address Reference Count : 1]<UL><LI> startup_stm32f407xx.o(RESET)
</UL>
<P><STRONG><a name="[53]"></a>I2C2_ER_IRQHandler</STRONG> (Thumb, 0 bytes, Stack size 0 bytes, startup_stm32f407xx.o(.text))
<BR>[Address Reference Count : 1]<UL><LI> startup_stm32f407xx.o(RESET)
</UL>
<P><STRONG><a name="[52]"></a>I2C2_EV_IRQHandler</STRONG> (Thumb, 0 bytes, Stack size 0 bytes, startup_stm32f407xx.o(.text))
<BR>[Address Reference Count : 1]<UL><LI> startup_stm32f407xx.o(RESET)
</UL>
<P><STRONG><a name="[7a]"></a>I2C3_ER_IRQHandler</STRONG> (Thumb, 0 bytes, Stack size 0 bytes, startup_stm32f407xx.o(.text))
<BR>[Address Reference Count : 1]<UL><LI> startup_stm32f407xx.o(RESET)
</UL>
<P><STRONG><a name="[79]"></a>I2C3_EV_IRQHandler</STRONG> (Thumb, 0 bytes, Stack size 0 bytes, startup_stm32f407xx.o(.text))
<BR>[Address Reference Count : 1]<UL><LI> startup_stm32f407xx.o(RESET)
</UL>
<P><STRONG><a name="[74]"></a>OTG_FS_IRQHandler</STRONG> (Thumb, 0 bytes, Stack size 0 bytes, startup_stm32f407xx.o(.text))
<BR>[Address Reference Count : 1]<UL><LI> startup_stm32f407xx.o(RESET)
</UL>
<P><STRONG><a name="[5b]"></a>OTG_FS_WKUP_IRQHandler</STRONG> (Thumb, 0 bytes, Stack size 0 bytes, startup_stm32f407xx.o(.text))
<BR>[Address Reference Count : 1]<UL><LI> startup_stm32f407xx.o(RESET)
</UL>
<P><STRONG><a name="[7c]"></a>OTG_HS_EP1_IN_IRQHandler</STRONG> (Thumb, 0 bytes, Stack size 0 bytes, startup_stm32f407xx.o(.text))
<BR>[Address Reference Count : 1]<UL><LI> startup_stm32f407xx.o(RESET)
</UL>
<P><STRONG><a name="[7b]"></a>OTG_HS_EP1_OUT_IRQHandler</STRONG> (Thumb, 0 bytes, Stack size 0 bytes, startup_stm32f407xx.o(.text))
<BR>[Address Reference Count : 1]<UL><LI> startup_stm32f407xx.o(RESET)
</UL>
<P><STRONG><a name="[7e]"></a>OTG_HS_IRQHandler</STRONG> (Thumb, 0 bytes, Stack size 0 bytes, startup_stm32f407xx.o(.text))
<BR>[Address Reference Count : 1]<UL><LI> startup_stm32f407xx.o(RESET)
</UL>
<P><STRONG><a name="[7d]"></a>OTG_HS_WKUP_IRQHandler</STRONG> (Thumb, 0 bytes, Stack size 0 bytes, startup_stm32f407xx.o(.text))
<BR>[Address Reference Count : 1]<UL><LI> startup_stm32f407xx.o(RESET)
</UL>
<P><STRONG><a name="[32]"></a>PVD_IRQHandler</STRONG> (Thumb, 0 bytes, Stack size 0 bytes, startup_stm32f407xx.o(.text))
<BR>[Address Reference Count : 1]<UL><LI> startup_stm32f407xx.o(RESET)
</UL>
<P><STRONG><a name="[36]"></a>RCC_IRQHandler</STRONG> (Thumb, 0 bytes, Stack size 0 bytes, startup_stm32f407xx.o(.text))
<BR>[Address Reference Count : 1]<UL><LI> startup_stm32f407xx.o(RESET)
</UL>
<P><STRONG><a name="[5a]"></a>RTC_Alarm_IRQHandler</STRONG> (Thumb, 0 bytes, Stack size 0 bytes, startup_stm32f407xx.o(.text))
<BR>[Address Reference Count : 1]<UL><LI> startup_stm32f407xx.o(RESET)
</UL>
<P><STRONG><a name="[34]"></a>RTC_WKUP_IRQHandler</STRONG> (Thumb, 0 bytes, Stack size 0 bytes, startup_stm32f407xx.o(.text))
<BR>[Address Reference Count : 1]<UL><LI> startup_stm32f407xx.o(RESET)
</UL>
<P><STRONG><a name="[62]"></a>SDIO_IRQHandler</STRONG> (Thumb, 0 bytes, Stack size 0 bytes, startup_stm32f407xx.o(.text))
<BR>[Address Reference Count : 1]<UL><LI> startup_stm32f407xx.o(RESET)
</UL>
<P><STRONG><a name="[54]"></a>SPI1_IRQHandler</STRONG> (Thumb, 0 bytes, Stack size 0 bytes, startup_stm32f407xx.o(.text))
<BR>[Address Reference Count : 1]<UL><LI> startup_stm32f407xx.o(RESET)
</UL>
<P><STRONG><a name="[55]"></a>SPI2_IRQHandler</STRONG> (Thumb, 0 bytes, Stack size 0 bytes, startup_stm32f407xx.o(.text))
<BR>[Address Reference Count : 1]<UL><LI> startup_stm32f407xx.o(RESET)
</UL>
<P><STRONG><a name="[64]"></a>SPI3_IRQHandler</STRONG> (Thumb, 0 bytes, Stack size 0 bytes, startup_stm32f407xx.o(.text))
<BR>[Address Reference Count : 1]<UL><LI> startup_stm32f407xx.o(RESET)
</UL>
<P><STRONG><a name="[33]"></a>TAMP_STAMP_IRQHandler</STRONG> (Thumb, 0 bytes, Stack size 0 bytes, startup_stm32f407xx.o(.text))
<BR>[Address Reference Count : 1]<UL><LI> startup_stm32f407xx.o(RESET)
</UL>
<P><STRONG><a name="[49]"></a>TIM1_BRK_TIM9_IRQHandler</STRONG> (Thumb, 0 bytes, Stack size 0 bytes, startup_stm32f407xx.o(.text))
<BR>[Address Reference Count : 1]<UL><LI> startup_stm32f407xx.o(RESET)
</UL>
<P><STRONG><a name="[4c]"></a>TIM1_CC_IRQHandler</STRONG> (Thumb, 0 bytes, Stack size 0 bytes, startup_stm32f407xx.o(.text))
<BR>[Address Reference Count : 1]<UL><LI> startup_stm32f407xx.o(RESET)
</UL>
<P><STRONG><a name="[4b]"></a>TIM1_TRG_COM_TIM11_IRQHandler</STRONG> (Thumb, 0 bytes, Stack size 0 bytes, startup_stm32f407xx.o(.text))
<BR>[Address Reference Count : 1]<UL><LI> startup_stm32f407xx.o(RESET)
</UL>
<P><STRONG><a name="[4a]"></a>TIM1_UP_TIM10_IRQHandler</STRONG> (Thumb, 0 bytes, Stack size 0 bytes, startup_stm32f407xx.o(.text))
<BR>[Address Reference Count : 1]<UL><LI> startup_stm32f407xx.o(RESET)
</UL>
<P><STRONG><a name="[4d]"></a>TIM2_IRQHandler</STRONG> (Thumb, 0 bytes, Stack size 0 bytes, startup_stm32f407xx.o(.text))
<BR>[Address Reference Count : 1]<UL><LI> startup_stm32f407xx.o(RESET)
</UL>
<P><STRONG><a name="[4e]"></a>TIM3_IRQHandler</STRONG> (Thumb, 0 bytes, Stack size 0 bytes, startup_stm32f407xx.o(.text))
<BR>[Address Reference Count : 1]<UL><LI> startup_stm32f407xx.o(RESET)
</UL>
<P><STRONG><a name="[4f]"></a>TIM4_IRQHandler</STRONG> (Thumb, 0 bytes, Stack size 0 bytes, startup_stm32f407xx.o(.text))
<BR>[Address Reference Count : 1]<UL><LI> startup_stm32f407xx.o(RESET)
</UL>
<P><STRONG><a name="[63]"></a>TIM5_IRQHandler</STRONG> (Thumb, 0 bytes, Stack size 0 bytes, startup_stm32f407xx.o(.text))
<BR>[Address Reference Count : 1]<UL><LI> startup_stm32f407xx.o(RESET)
</UL>
<P><STRONG><a name="[68]"></a>TIM7_IRQHandler</STRONG> (Thumb, 0 bytes, Stack size 0 bytes, startup_stm32f407xx.o(.text))
<BR>[Address Reference Count : 1]<UL><LI> startup_stm32f407xx.o(RESET)
</UL>
<P><STRONG><a name="[5c]"></a>TIM8_BRK_TIM12_IRQHandler</STRONG> (Thumb, 0 bytes, Stack size 0 bytes, startup_stm32f407xx.o(.text))
<BR>[Address Reference Count : 1]<UL><LI> startup_stm32f407xx.o(RESET)
</UL>
<P><STRONG><a name="[5f]"></a>TIM8_CC_IRQHandler</STRONG> (Thumb, 0 bytes, Stack size 0 bytes, startup_stm32f407xx.o(.text))
<BR>[Address Reference Count : 1]<UL><LI> startup_stm32f407xx.o(RESET)
</UL>
<P><STRONG><a name="[5e]"></a>TIM8_TRG_COM_TIM14_IRQHandler</STRONG> (Thumb, 0 bytes, Stack size 0 bytes, startup_stm32f407xx.o(.text))
<BR>[Address Reference Count : 1]<UL><LI> startup_stm32f407xx.o(RESET)
</UL>
<P><STRONG><a name="[5d]"></a>TIM8_UP_TIM13_IRQHandler</STRONG> (Thumb, 0 bytes, Stack size 0 bytes, startup_stm32f407xx.o(.text))
<BR>[Address Reference Count : 1]<UL><LI> startup_stm32f407xx.o(RESET)
</UL>
<P><STRONG><a name="[65]"></a>UART4_IRQHandler</STRONG> (Thumb, 0 bytes, Stack size 0 bytes, startup_stm32f407xx.o(.text))
<BR>[Address Reference Count : 1]<UL><LI> startup_stm32f407xx.o(RESET)
</UL>
<P><STRONG><a name="[66]"></a>UART5_IRQHandler</STRONG> (Thumb, 0 bytes, Stack size 0 bytes, startup_stm32f407xx.o(.text))
<BR>[Address Reference Count : 1]<UL><LI> startup_stm32f407xx.o(RESET)
</UL>
[...]
<LI><a href="#[13f]">&gt;&gt;</a>&nbsp;&nbsp;&nbsp;GUI_ALLOC_LockH
<LI><a href="#[205]">&gt;&gt;</a>&nbsp;&nbsp;&nbsp;LCD_GetYSizeEx
<LI><a href="#[204]">&gt;&gt;</a>&nbsp;&nbsp;&nbsp;LCD_GetXSizeEx
<LI><a href="#[28f]">&gt;&gt;</a>&nbsp;&nbsp;&nbsp;GUI__IntersectRect
<LI><a href="#[231]">&gt;&gt;</a>&nbsp;&nbsp;&nbsp;_ReleaseBuffer.isra.7
<LI><a href="#[230]">&gt;&gt;</a>&nbsp;&nbsp;&nbsp;_SetBkIndexBuffered
<LI><a href="#[22e]">&gt;&gt;</a>&nbsp;&nbsp;&nbsp;_CreateBuffer.isra.4
</UL>
<BR>[Called By]<UL><LI><a href="#[1ac]">&gt;&gt;</a>&nbsp;&nbsp;&nbsp;GUI_SPRITE_Show
<LI><a href="#[1a5]">&gt;&gt;</a>&nbsp;&nbsp;&nbsp;GUI_SPRITE__CreateEx
</UL>

<P><STRONG><a name="[f7]"></a>_DrawVLine</STRONG> (Thumb, 768 bytes, Stack size unknown bytes, GUI_SPRITE.o(.text._DrawVLine))
<BR><BR>[Calls]<UL><LI><a href="#[2bb]">&gt;&gt;</a>&nbsp;&nbsp;&nbsp;GUI_RectsIntersect
<LI><a href="#[22f]">&gt;&gt;</a>&nbsp;&nbsp;&nbsp;GUI_GetBitmapPixelIndex
<LI><a href="#[140]">&gt;&gt;</a>&nbsp;&nbsp;&nbsp;GUI_ALLOC_UnlockH
<LI><a href="#[13f]">&gt;&gt;</a>&nbsp;&nbsp;&nbsp;GUI_ALLOC_LockH
<LI><a href="#[28f]">&gt;&gt;</a>&nbsp;&nbsp;&nbsp;GUI__IntersectRect
</UL>
<BR>[Address Reference Count : 1]<UL><LI> GUI_SPRITE.o(.rodata)
</UL>
<P><STRONG><a name="[f6]"></a>_DrawHLine</STRONG> (Thumb, 776 bytes, Stack size unknown bytes, GUI_SPRITE.o(.text._DrawHLine))
<BR><BR>[Calls]<UL><LI><a href="#[2bb]">&gt;&gt;</a>&nbsp;&nbsp;&nbsp;GUI_RectsIntersect
<LI><a href="#[22f]">&gt;&gt;</a>&nbsp;&nbsp;&nbsp;GUI_GetBitmapPixelIndex
<LI><a href="#[140]">&gt;&gt;</a>&nbsp;&nbsp;&nbsp;GUI_ALLOC_UnlockH
<LI><a href="#[13f]">&gt;&gt;</a>&nbsp;&nbsp;&nbsp;GUI_ALLOC_LockH
<LI><a href="#[28f]">&gt;&gt;</a>&nbsp;&nbsp;&nbsp;GUI__IntersectRect
</UL>
<BR>[Address Reference Count : 1]<UL><LI> GUI_SPRITE.o(.rodata)
</UL>
<P><STRONG><a name="[f5]"></a>_DrawBitmap</STRONG> (Thumb, 2000 bytes, Stack size unknown bytes, GUI_SPRITE.o(.text._DrawBitmap))
<BR><BR>[Calls]<UL><LI><a href="#[2bb]">&gt;&gt;</a>&nbsp;&nbsp;&nbsp;GUI_RectsIntersect
<LI><a href="#[22f]">&gt;&gt;</a>&nbsp;&nbsp;&nbsp;GUI_GetBitmapPixelIndex
<LI><a href="#[2cd]">&gt;&gt;</a>&nbsp;&nbsp;&nbsp;GUI_GetBitmapPixelIndexEx
<LI><a href="#[140]">&gt;&gt;</a>&nbsp;&nbsp;&nbsp;GUI_ALLOC_UnlockH
<LI><a href="#[13f]">&gt;&gt;</a>&nbsp;&nbsp;&nbsp;GUI_ALLOC_LockH
<LI><a href="#[28f]">&gt;&gt;</a>&nbsp;&nbsp;&nbsp;GUI__IntersectRect
</UL>
<BR>[Address Reference Count : 1]<UL><LI> GUI_SPRITE.o(.rodata)
</UL>
<P><STRONG><a name="[101]"></a>_GetCharCode</STRONG> (Thumb, 4 bytes, Stack size unknown bytes, GUI_UC_EncodeNone.o(.text._GetCharCode))
<BR>[Address Reference Count : 1]<UL><LI> GUI_UC_EncodeNone.o(.rodata)
</UL>
<P><STRONG><a name="[102]"></a>_GetCharSize</STRONG> (Thumb, 4 bytes, Stack size unknown bytes, GUI_UC_EncodeNone.o(.text._GetCharSize))
<BR>[Address Reference Count : 1]<UL><LI> GUI_UC_EncodeNone.o(.rodata)
</UL>
<P><STRONG><a name="[103]"></a>_CalcSizeOfChar</STRONG> (Thumb, 4 bytes, Stack size unknown bytes, GUI_UC_EncodeNone.o(.text._CalcSizeOfChar))
<BR>[Address Reference Count : 1]<UL><LI> GUI_UC_EncodeNone.o(.rodata)
</UL>
<P><STRONG><a name="[104]"></a>_Encode</STRONG> (Thumb, 6 bytes, Stack size unknown bytes, GUI_UC_EncodeNone.o(.text._Encode))
<BR>[Address Reference Count : 1]<UL><LI> GUI_UC_EncodeNone.o(.rodata)
</UL>
<P><STRONG><a name="[8e]"></a>_OnExit</STRONG> (Thumb, 40 bytes, Stack size unknown bytes, GUI__Alpha.o(.text._OnExit))
<BR><BR>[Calls]<UL><LI><a href="#[1c0]">&gt;&gt;</a>&nbsp;&nbsp;&nbsp;GUI_ALLOC_FreeFixedBlock
</UL>
<BR>[Address Reference Count : 3]<UL><LI> GUI__Alpha.o(.text.GUI__DoAlphaBlending)
<LI> GUI__Alpha.o(.text.GUI__GetAlphaBuffer)
<LI> GUI__Alpha.o(.text.GUI__AllocAlphaBuffer)
</UL>
<P><STRONG><a name="[21]"></a>_GetWordWrap</STRONG> (Thumb, 240 bytes, Stack size unknown bytes, GUI__Wrap.o(.text._GetWordWrap))
<BR><BR>[Calls]<UL><LI><a href="#[18f]">&gt;&gt;</a>&nbsp;&nbsp;&nbsp;GUI_UC__GetCharCodeInc
<LI><a href="#[254]">&gt;&gt;</a>&nbsp;&nbsp;&nbsp;GUI_GetCharDistX
</UL>
<BR>[Address Reference Count : 1]<UL><LI> GUI__Wrap.o(.data)
</UL>
<P><STRONG><a name="[22]"></a>_GetCharWrap</STRONG> (Thumb, 58 bytes, Stack size unknown bytes, GUI__Wrap.o(.text._GetCharWrap))
<BR><BR>[Calls]<UL><LI><a href="#[18f]">&gt;&gt;</a>&nbsp;&nbsp;&nbsp;GUI_UC__GetCharCodeInc
<LI><a href="#[254]">&gt;&gt;</a>&nbsp;&nbsp;&nbsp;GUI_GetCharDistX
</UL>
<BR>[Address Reference Count : 1]<UL><LI> GUI__Wrap.o(.data)
</UL>
<P><STRONG><a name="[106]"></a>_SetBkColor</STRONG> (Thumb, 56 bytes, Stack size unknown bytes, LCD.o(.text._SetBkColor))
<BR>[Address Reference Count : 1]<UL><LI> LCD.o(.rodata)
</UL>
<P><STRONG><a name="[105]"></a>_SetColor</STRONG> (Thumb, 56 bytes, Stack size unknown bytes, LCD.o(.text._SetColor))
<BR>[Address Reference Count : 1]<UL><LI> LCD.o(.rodata)
</UL>
<P><STRONG><a name="[107]"></a>_SetDrawMode</STRONG> (Thumb, 48 bytes, Stack size unknown bytes, LCD.o(.text._SetDrawMode))
<BR>[Address Reference Count : 1]<UL><LI> LCD.o(.rodata)
</UL>
<P><STRONG><a name="[91]"></a>_OnExit</STRONG> (Thumb, 28 bytes, Stack size unknown bytes, LCD_Color.o(.text._OnExit))
<BR><BR>[Calls]<UL><LI><a href="#[1c0]">&gt;&gt;</a>&nbsp;&nbsp;&nbsp;GUI_ALLOC_FreeFixedBlock
</UL>
<BR>[Address Reference Count : 1]<UL><LI> LCD_Color.o(.text.LCD_InitColors)
</UL>
<P><STRONG><a name="[112]"></a>_GetDevData</STRONG> (Thumb, 16 bytes, Stack size unknown bytes, GUIDEV_32.o(.text._GetDevData))
<BR>[Address Reference Count : 1]<UL><LI> GUIDEV_32.o(.rodata)
</UL>
<P><STRONG><a name="[110]"></a>_GetDevFunc</STRONG> (Thumb, 16 bytes, Stack size unknown bytes, GUIDEV_32.o(.text._GetDevFunc))
<BR>[Address Reference Count : 1]<UL><LI> GUIDEV_32.o(.rodata)
</UL>
<P><STRONG><a name="[111]"></a>_GetDevProp</STRONG> (Thumb, 10 bytes, Stack size unknown bytes, GUIDEV_32.o(.text._GetDevProp))
<BR>[Address Reference Count : 1]<UL><LI> GUIDEV_32.o(.rodata)
</UL>
<P><STRONG><a name="[10f]"></a>_SetOrg</STRONG> (Thumb, 8 bytes, Stack size unknown bytes, GUIDEV_32.o(.text._SetOrg))
<BR>[Address Reference Count : 1]<UL><LI> GUIDEV_32.o(.rodata)
</UL>
<P><STRONG><a name="[113]"></a>_GetRect</STRONG> (Thumb, 56 bytes, Stack size unknown bytes, GUIDEV_32.o(.text._GetRect))
<BR><BR>[Calls]<UL><LI><a href="#[140]">&gt;&gt;</a>&nbsp;&nbsp;&nbsp;GUI_ALLOC_UnlockH
<LI><a href="#[13f]">&gt;&gt;</a>&nbsp;&nbsp;&nbsp;GUI_ALLOC_LockH
</UL>
<BR>[Address Reference Count : 1]<UL><LI> GUIDEV_32.o(.rodata)
</UL>
<P><STRONG><a name="[108]"></a>_DrawBitmap</STRONG> (Thumb, 2520 bytes, Stack size unknown bytes, GUIDEV_32.o(.text._DrawBitmap))
<BR><BR>[Calls]<UL><LI><a href="#[140]">&gt;&gt;</a>&nbsp;&nbsp;&nbsp;GUI_ALLOC_UnlockH
<LI><a href="#[13f]">&gt;&gt;</a>&nbsp;&nbsp;&nbsp;GUI_ALLOC_LockH
<LI><a href="#[2cc]">&gt;&gt;</a>&nbsp;&nbsp;&nbsp;GUI_USAGE_AddRect
</UL>
<BR>[Address Reference Count : 1]<UL><LI> GUIDEV_32.o(.rodata)
</UL>
<P><STRONG><a name="[10c]"></a>_GetPixelIndex</STRONG> (Thumb, 64 bytes, Stack size unknown bytes, GUIDEV_32.o(.text._GetPixelIndex))
<BR><BR>[Calls]<UL><LI><a href="#[140]">&gt;&gt;</a>&nbsp;&nbsp;&nbsp;GUI_ALLOC_UnlockH
<LI><a href="#[13f]">&gt;&gt;</a>&nbsp;&nbsp;&nbsp;GUI_ALLOC_LockH
</UL>
<BR>[Address Reference Count : 1]<UL><LI> GUIDEV_32.o(.rodata)
</UL>
<P><STRONG><a name="[10d]"></a>_SetPixelIndex</STRONG> (Thumb, 120 bytes, Stack size unknown bytes, GUIDEV_32.o(.text._SetPixelIndex))
<BR><BR>[Calls]<UL><LI><a href="#[140]">&gt;&gt;</a>&nbsp;&nbsp;&nbsp;GUI_ALLOC_UnlockH
<LI><a href="#[13f]">&gt;&gt;</a>&nbsp;&nbsp;&nbsp;GUI_ALLOC_LockH
</UL>
<BR>[Address Reference Count : 1]<UL><LI> GUIDEV_32.o(.rodata)
</UL>
<P><STRONG><a name="[10e]"></a>_XorPixel</STRONG> (Thumb, 132 bytes, Stack size unknown bytes, GUIDEV_32.o(.text._XorPixel))
<BR><BR>[Calls]<UL><LI><a href="#[140]">&gt;&gt;</a>&nbsp;&nbsp;&nbsp;GUI_ALLOC_UnlockH
<LI><a href="#[13f]">&gt;&gt;</a>&nbsp;&nbsp;&nbsp;GUI_ALLOC_LockH
</UL>
<BR>[Address Reference Count : 1]<UL><LI> GUIDEV_32.o(.rodata)
</UL>
<P><STRONG><a name="[10b]"></a>_FillRect</STRONG> (Thumb, 240 bytes, Stack size unknown bytes, GUIDEV_32.o(.text._FillRect))
<BR><BR>[Calls]<UL><LI><a href="#[140]">&gt;&gt;</a>&nbsp;&nbsp;&nbsp;GUI_ALLOC_UnlockH
<LI><a href="#[13f]">&gt;&gt;</a>&nbsp;&nbsp;&nbsp;GUI_ALLOC_LockH
<LI><a href="#[2cc]">&gt;&gt;</a>&nbsp;&nbsp;&nbsp;GUI_USAGE_AddRect
</UL>
<BR>[Called By]<UL><LI><a href="#[109]">&gt;&gt;</a>&nbsp;&nbsp;&nbsp;_DrawHLine
</UL>
<BR>[Address Reference Count : 1]<UL><LI> GUIDEV_32.o(.rodata)
</UL>
<P><STRONG><a name="[109]"></a>_DrawHLine</STRONG> (Thumb, 16 bytes, Stack size unknown bytes, GUIDEV_32.o(.text._DrawHLine))
<BR><BR>[Calls]<UL><LI><a href="#[10b]">&gt;&gt;</a>&nbsp;&nbsp;&nbsp;_FillRect
</UL>
<BR>[Address Reference Count : 1]<UL><LI> GUIDEV_32.o(.rodata)
</UL>
<P><STRONG><a name="[10a]"></a>_DrawVLine</STRONG> (Thumb, 224 bytes, Stack size unknown bytes, GUIDEV_32.o(.text._DrawVLine))
<BR><BR>[Calls]<UL><LI><a href="#[140]">&gt;&gt;</a>&nbsp;&nbsp;&nbsp;GUI_ALLOC_UnlockH
<LI><a href="#[13f]">&gt;&gt;</a>&nbsp;&nbsp;&nbsp;GUI_ALLOC_LockH
</UL>
<BR>[Address Reference Count : 1]<UL><LI> GUIDEV_32.o(.rodata)
</UL>
<P><STRONG><a name="[114]"></a>GUI_USAGE_BM_AddPixel</STRONG> (Thumb, 46 bytes, Stack size unknown bytes, GUIDEV_UsageBM.o(.text.GUI_USAGE_BM_AddPixel))
<BR>[Address Reference Count : 1]<UL><LI> GUIDEV_UsageBM.o(.rodata)
</UL>
<P><STRONG><a name="[118]"></a>GUI_USAGE_BM_GetNextDirty</STRONG> (Thumb, 196 bytes, Stack size unknown bytes, GUIDEV_UsageBM.o(.text.GUI_USAGE_BM_GetNextDirty))
<BR>[Address Reference Count : 1]<UL><LI> GUIDEV_UsageBM.o(.rodata)
</UL>
<P><STRONG><a name="[117]"></a>_GUI_USAGE_BM_Delete</STRONG> (Thumb, 4 bytes, Stack size unknown bytes, GUIDEV_UsageBM.o(.text._GUI_USAGE_BM_Delete))
<BR><BR>[Calls]<UL><LI><a href="#[196]">&gt;&gt;</a>&nbsp;&nbsp;&nbsp;GUI_ALLOC_Free
</UL>
<BR>[Address Reference Count : 1]<UL><LI> GUIDEV_UsageBM.o(.rodata)
</UL>
<P><STRONG><a name="[116]"></a>GUI_USAGE_BM_Clear</STRONG> (Thumb, 20 bytes, Stack size unknown bytes, GUIDEV_UsageBM.o(.text.GUI_USAGE_BM_Clear))
<BR><BR>[Stack]<UL><LI>Max Depth = 8 + Unknown Stack Size
<LI>Call Chain = GUI_USAGE_BM_Clear &rArr; memset
</UL>
<BR>[Calls]<UL><LI><a href="#[20]">&gt;&gt;</a>&nbsp;&nbsp;&nbsp;memset
</UL>
<BR>[Address Reference Count : 1]<UL><LI> GUIDEV_UsageBM.o(.rodata)
</UL>
<P><STRONG><a name="[115]"></a>GUI_USAGE_BM_AddHLine</STRONG> (Thumb, 114 bytes, Stack size unknown bytes, GUIDEV_UsageBM.o(.text.GUI_USAGE_BM_AddHLine))
<BR><BR>[Stack]<UL><LI>Max Depth = 8 + Unknown Stack Size
<LI>Call Chain = GUI_USAGE_BM_AddHLine &rArr; memset
</UL>
<BR>[Calls]<UL><LI><a href="#[20]">&gt;&gt;</a>&nbsp;&nbsp;&nbsp;memset
</UL>
<BR>[Address Reference Count : 1]<UL><LI> GUIDEV_UsageBM.o(.rodata)
</UL>
<P><STRONG><a name="[9a]"></a>_cbInvalidateOne</STRONG> (Thumb, 4 bytes, Stack size unknown bytes, WM_BringToTop.o(.text._cbInvalidateOne))
<BR><BR>[Calls]<UL><LI><a href="#[149]">&gt;&gt;</a>&nbsp;&nbsp;&nbsp;WM_InvalidateWindow
</UL>
<BR>[Address Reference Count : 1]<UL><LI> WM_BringToTop.o(.text.WM_BringToTop)
</UL>
<P><STRONG><a name="[2b1]"></a>_MoveDescendents</STRONG> (Thumb, 588 bytes, Stack size unknown bytes, WM_Move.o(.text._MoveDescendents))
<BR><BR>[Calls]<UL><LI><a href="#[14e]">&gt;&gt;</a>&nbsp;&nbsp;&nbsp;GUI_MoveRect
<LI><a href="#[140]">&gt;&gt;</a>&nbsp;&nbsp;&nbsp;GUI_ALLOC_UnlockH
<LI><a href="#[13f]">&gt;&gt;</a>&nbsp;&nbsp;&nbsp;GUI_ALLOC_LockH
<LI><a href="#[15f]">&gt;&gt;</a>&nbsp;&nbsp;&nbsp;WM__SendMessage
<LI><a href="#[2b1]">&gt;&gt;</a>&nbsp;&nbsp;&nbsp;_MoveDescendents
</UL>
<BR>[Called By]<UL><LI><a href="#[2af]">&gt;&gt;</a>&nbsp;&nbsp;&nbsp;WM__MoveWindow
<LI><a href="#[2b0]">&gt;&gt;</a>&nbsp;&nbsp;&nbsp;WM_MoveTo
<LI><a href="#[178]">&gt;&gt;</a>&nbsp;&nbsp;&nbsp;WM_MoveWindow
<LI><a href="#[2b1]">&gt;&gt;</a>&nbsp;&nbsp;&nbsp;_MoveDescendents
</UL>

<P><STRONG><a name="[11a]"></a>_DrawUpRect</STRONG> (Thumb, 2 bytes, Stack size unknown bytes, WIDGET_Effect_None.o(.text._DrawUpRect))
<BR>[Address Reference Count : 1]<UL><LI> WIDGET_Effect_None.o(.rodata)
</UL>
<P><STRONG><a name="[11d]"></a>_DrawFlat</STRONG> (Thumb, 2 bytes, Stack size unknown bytes, WIDGET_Effect_None.o(.text._DrawFlat))
<BR>[Address Reference Count : 1]<UL><LI> WIDGET_Effect_None.o(.rodata)
</UL>
<P><STRONG><a name="[11c]"></a>_DrawDownRect</STRONG> (Thumb, 2 bytes, Stack size unknown bytes, WIDGET_Effect_None.o(.text._DrawDownRect))
<BR>[Address Reference Count : 1]<UL><LI> WIDGET_Effect_None.o(.rodata)
</UL>
<P><STRONG><a name="[11b]"></a>_DrawDown</STRONG> (Thumb, 2 bytes, Stack size unknown bytes, WIDGET_Effect_None.o(.text._DrawDown))
<BR>[Address Reference Count : 1]<UL><LI> WIDGET_Effect_None.o(.rodata)
</UL>
<P><STRONG><a name="[119]"></a>_DrawUp</STRONG> (Thumb, 2 bytes, Stack size unknown bytes, WIDGET_Effect_None.o(.text._DrawUp))
<BR>[Address Reference Count : 1]<UL><LI> WIDGET_Effect_None.o(.rodata)
</UL>
<P><STRONG><a name="[121]"></a>_DrawDownRect</STRONG> (Thumb, 56 bytes, Stack size unknown bytes, WIDGET_Effect_Simple.o(.text._DrawDownRect))
<BR><BR>[Stack]<UL><LI>Max Depth = 8 + Unknown Stack Size
<LI>Call Chain = _DrawDownRect &rArr; GUI_RestoreContext &rArr; memcpy
</UL>
<BR>[Calls]<UL><LI><a href="#[14b]">&gt;&gt;</a>&nbsp;&nbsp;&nbsp;GUI_DrawRect
<LI><a href="#[188]">&gt;&gt;</a>&nbsp;&nbsp;&nbsp;LCD_SetColor
<LI><a href="#[22b]">&gt;&gt;</a>&nbsp;&nbsp;&nbsp;GUI_RestoreContext
<LI><a href="#[234]">&gt;&gt;</a>&nbsp;&nbsp;&nbsp;GUI_SaveContext_W
</UL>
<BR>[Address Reference Count : 1]<UL><LI> WIDGET_Effect_Simple.o(.rodata)
</UL>
<P><STRONG><a name="[11e]"></a>_DrawUp</STRONG> (Thumb, 60 bytes, Stack size unknown bytes, WIDGET_Effect_Simple.o(.text._DrawUp))
<BR><BR>[Stack]<UL><LI>Max Depth = 8 + Unknown Stack Size
<LI>Call Chain = _DrawUp &rArr; GUI_RestoreContext &rArr; memcpy
</UL>
<BR>[Calls]<UL><LI><a href="#[14b]">&gt;&gt;</a>&nbsp;&nbsp;&nbsp;GUI_DrawRect
<LI><a href="#[188]">&gt;&gt;</a>&nbsp;&nbsp;&nbsp;LCD_SetColor
<LI><a href="#[22b]">&gt;&gt;</a>&nbsp;&nbsp;&nbsp;GUI_RestoreContext
<LI><a href="#[234]">&gt;&gt;</a>&nbsp;&nbsp;&nbsp;GUI_SaveContext_W
<LI><a href="#[1e1]">&gt;&gt;</a>&nbsp;&nbsp;&nbsp;WM_GetClientRect
</UL>
<BR>[Address Reference Count : 1]<UL><LI> WIDGET_Effect_Simple.o(.rodata)
</UL>
<P><STRONG><a name="[11f]"></a>_DrawUpRect</STRONG> (Thumb, 56 bytes, Stack size unknown bytes, WIDGET_Effect_Simple.o(.text._DrawUpRect))
<BR><BR>[Stack]<UL><LI>Max Depth = 8 + Unknown Stack Size
<LI>Call Chain = _DrawUpRect &rArr; GUI_RestoreContext &rArr; memcpy
</UL>
<BR>[Calls]<UL><LI><a href="#[14b]">&gt;&gt;</a>&nbsp;&nbsp;&nbsp;GUI_DrawRect
<LI><a href="#[188]">&gt;&gt;</a>&nbsp;&nbsp;&nbsp;LCD_SetColor
<LI><a href="#[22b]">&gt;&gt;</a>&nbsp;&nbsp;&nbsp;GUI_RestoreContext
<LI><a href="#[234]">&gt;&gt;</a>&nbsp;&nbsp;&nbsp;GUI_SaveContext_W
</UL>
<BR>[Address Reference Count : 1]<UL><LI> WIDGET_Effect_Simple.o(.rodata)
</UL>
<P><STRONG><a name="[120]"></a>_DrawDown</STRONG> (Thumb, 60 bytes, Stack size unknown bytes, WIDGET_Effect_Simple.o(.text._DrawDown))
<BR><BR>[Stack]<UL><LI>Max Depth = 8 + Unknown Stack Size
<LI>Call Chain = _DrawDown &rArr; GUI_RestoreContext &rArr; memcpy
</UL>
<BR>[Calls]<UL><LI><a href="#[14b]">&gt;&gt;</a>&nbsp;&nbsp;&nbsp;GUI_DrawRect
<LI><a href="#[188]">&gt;&gt;</a>&nbsp;&nbsp;&nbsp;LCD_SetColor
<LI><a href="#[22b]">&gt;&gt;</a>&nbsp;&nbsp;&nbsp;GUI_RestoreContext
<LI><a href="#[234]">&gt;&gt;</a>&nbsp;&nbsp;&nbsp;GUI_SaveContext_W
<LI><a href="#[1e1]">&gt;&gt;</a>&nbsp;&nbsp;&nbsp;WM_GetClientRect
</UL>
<BR>[Address Reference Count : 1]<UL><LI> WIDGET_Effect_Simple.o(.rodata)
</UL>
<P><STRONG><a name="[124]"></a>_GetIndexMask_0</STRONG> (Thumb, 74 bytes, Stack size unknown bytes, GUICC_0.o(.text._GetIndexMask_0))
<BR><BR>[Calls]<UL><LI><a href="#[25d]">&gt;&gt;</a>&nbsp;&nbsp;&nbsp;LCD_GetNumColors
</UL>
<BR>[Address Reference Count : 1]<UL><LI> GUICC_0.o(.rodata)
</UL>
<P><STRONG><a name="[123]"></a>_Index2Color_0</STRONG> (Thumb, 30 bytes, Stack size unknown bytes, GUICC_0.o(.text._Index2Color_0))
<BR><BR>[Calls]<UL><LI><a href="#[260]">&gt;&gt;</a>&nbsp;&nbsp;&nbsp;LCD_GetPalette
<LI><a href="#[25d]">&gt;&gt;</a>&nbsp;&nbsp;&nbsp;LCD_GetNumColors
</UL>
<BR>[Address Reference Count : 1]<UL><LI> GUICC_0.o(.rodata)
</UL>
<P><STRONG><a name="[122]"></a>_Color2Index_0</STRONG> (Thumb, 88 bytes, Stack size unknown bytes, GUICC_0.o(.text._Color2Index_0))
<BR><BR>[Calls]<UL><LI><a href="#[2c9]">&gt;&gt;</a>&nbsp;&nbsp;&nbsp;GUI_CalcColorDist
<LI><a href="#[260]">&gt;&gt;</a>&nbsp;&nbsp;&nbsp;LCD_GetPalette
<LI><a href="#[25d]">&gt;&gt;</a>&nbsp;&nbsp;&nbsp;LCD_GetNumColors
</UL>
<BR>[Address Reference Count : 1]<UL><LI> GUICC_0.o(.rodata)
</UL>
<P><STRONG><a name="[22a]"></a>LCD_ReadRectEx</STRONG> (Thumb, 500 bytes, Stack size unknown bytes, LCD_ReadRect.o(.text.LCD_ReadRectEx))
<BR><BR>[Calls]<UL><LI><a href="#[221]">&gt;&gt;</a>&nbsp;&nbsp;&nbsp;GUI_GetBitsPerPixelEx
</UL>
<BR>[Called By]<UL><LI><a href="#[229]">&gt;&gt;</a>&nbsp;&nbsp;&nbsp;GUI_ReadRectEx
</UL>

<P><STRONG><a name="[2b6]"></a>_Screen2hWin</STRONG> (Thumb, 1136 bytes, Stack size unknown bytes, WM_Screen2Win.o(.text._Screen2hWin))
<BR><BR>[Calls]<UL><LI><a href="#[140]">&gt;&gt;</a>&nbsp;&nbsp;&nbsp;GUI_ALLOC_UnlockH
<LI><a href="#[13f]">&gt;&gt;</a>&nbsp;&nbsp;&nbsp;GUI_ALLOC_LockH
<LI><a href="#[1bc]">&gt;&gt;</a>&nbsp;&nbsp;&nbsp;GUI_ALLOC_h2p
<LI><a href="#[2b6]">&gt;&gt;</a>&nbsp;&nbsp;&nbsp;_Screen2hWin
</UL>
<BR>[Called By]<UL><LI><a href="#[2a2]">&gt;&gt;</a>&nbsp;&nbsp;&nbsp;WM_Screen2hWin
<LI><a href="#[2b6]">&gt;&gt;</a>&nbsp;&nbsp;&nbsp;_Screen2hWin
</UL>

<P><STRONG><a name="[356]"></a>_fp_digits</STRONG> (Thumb, 366 bytes, Stack size 64 bytes, printfa.o(i._fp_digits), UNUSED)
<BR><BR>[Calls]<UL><LI><a href="#[12c]">&gt;&gt;</a>&nbsp;&nbsp;&nbsp;__aeabi_dmul
<LI><a href="#[12e]">&gt;&gt;</a>&nbsp;&nbsp;&nbsp;__aeabi_ddiv
<LI><a href="#[357]">&gt;&gt;</a>&nbsp;&nbsp;&nbsp;__aeabi_cdrcmple
<LI><a href="#[127]">&gt;&gt;</a>&nbsp;&nbsp;&nbsp;__aeabi_uldivmod
<LI><a href="#[135]">&gt;&gt;</a>&nbsp;&nbsp;&nbsp;__aeabi_dadd
<LI><a href="#[13a]">&gt;&gt;</a>&nbsp;&nbsp;&nbsp;__aeabi_d2ulz
</UL>
<BR>[Called By]<UL><LI><a href="#[354]">&gt;&gt;</a>&nbsp;&nbsp;&nbsp;_printf_core
</UL>

<P><STRONG><a name="[354]"></a>_printf_core</STRONG> (Thumb, 1744 bytes, Stack size 136 bytes, printfa.o(i._printf_core), UNUSED)
<BR><BR>[Calls]<UL><LI><a href="#[127]">&gt;&gt;</a>&nbsp;&nbsp;&nbsp;__aeabi_uldivmod
<LI><a href="#[35a]">&gt;&gt;</a>&nbsp;&nbsp;&nbsp;__aeabi_uidivmod
<LI><a href="#[358]">&gt;&gt;</a>&nbsp;&nbsp;&nbsp;_printf_pre_padding
<LI><a href="#[359]">&gt;&gt;</a>&nbsp;&nbsp;&nbsp;_printf_post_padding
<LI><a href="#[356]">&gt;&gt;</a>&nbsp;&nbsp;&nbsp;_fp_digits
</UL>
<BR>[Called By]<UL><LI><a href="#[355]">&gt;&gt;</a>&nbsp;&nbsp;&nbsp;__0sprintf
<LI><a href="#[353]">&gt;&gt;</a>&nbsp;&nbsp;&nbsp;__0printf
</UL>

<P><STRONG><a name="[359]"></a>_printf_post_padding</STRONG> (Thumb, 36 bytes, Stack size 24 bytes, printfa.o(i._printf_post_padding), UNUSED)
<BR><BR>[Called By]<UL><LI><a href="#[354]">&gt;&gt;</a>&nbsp;&nbsp;&nbsp;_printf_core
</UL>

<P><STRONG><a name="[358]"></a>_printf_pre_padding</STRONG> (Thumb, 46 bytes, Stack size 24 bytes, printfa.o(i._printf_pre_padding), UNUSED)
<BR><BR>[Called By]<UL><LI><a href="#[354]">&gt;&gt;</a>&nbsp;&nbsp;&nbsp;_printf_core
</UL>

<P><STRONG><a name="[b9]"></a>_sputc</STRONG> (Thumb, 10 bytes, Stack size 0 bytes, printfa.o(i._sputc))
<BR><BR>[Called By]<UL><LI><a href="#[355]">&gt;&gt;</a>&nbsp;&nbsp;&nbsp;__0sprintf
</UL>
<BR>[Address Reference Count : 1]<UL><LI> printfa.o(i.__0sprintf)
</UL><P>
<H3>
Undefined Global Symbols
</H3><HR></body></html>
