<html>
<body>
<pre>
<h1>µVision Build Log</h1>
<h2>Tool Versions:</h2>
IDE-Version: ¦ÌVision V5.23.0.0
Copyright (C) 2017 ARM Ltd and ARM Germany GmbH. All rights reserved.
License Information: yang yuan, duobao, LIC=8VRJ7-EW0AZ-FW62N-YBJTM-X8RHG-DJF7M
 
Tool Versions:
Toolchain:       MDK-ARM Plus  Version: 5.23
Toolchain Path:  C:\Keil_v5\ARM\ARMCC\Bin
C Compiler:      Armcc.exe V5.06 update 4 (build 422)
Assembler:       Armasm.exe V5.06 update 4 (build 422)
Linker/Locator:  ArmLink.exe V5.06 update 4 (build 422)
Library Manager: ArmAr.exe V5.06 update 4 (build 422)
Hex Converter:   FromElf.exe V5.06 update 4 (build 422)
CPU DLL:         SARMCM3.DLL V5.23
Dialog DLL:      DCM.DLL V1.15.0.0
Target DLL:      STLink\ST-LINKIII-KEIL_SWO.dll V2.0.18.0
Dialog DLL:      TCM.DLL V1.27.0.0
 
<h2>Project:</h2>
C:\Users\Administrator\Desktop\StemWin_Port\MDK-ARM\StemWin_Port.uvprojx
Project File Date:  10/14/2024

<h2>Output:</h2>
*** Using Compiler 'V5.06 update 4 (build 422)', folder: 'C:\Keil_v5\ARM\ARMCC\Bin'
Rebuild target 'StemWin_Port'
assembling startup_stm32f407xx.s...
compiling gpio.c...
compiling mymalloc.c...
compiling i2c.c...
compiling sram.c...
compiling spi.c...
compiling ft5206.c...
compiling delay.c...
compiling fsmc.c...
compiling norflash.c...
compiling ctiic.c...
compiling touch.c...
compiling gt9xxx.c...
compiling crc.c...
compiling lcd.c...
compiling main.c...
compiling stm32f4xx_hal_crc.c...
compiling stm32f4xx_it.c...
compiling system_stm32f4xx.c...
compiling stm32f4xx_hal_i2c_ex.c...
compiling stm32f4xx_hal_msp.c...
compiling stm32f4xx_ll_fsmc.c...
compiling stm32f4xx_hal_sram.c...
compiling stm32f4xx_hal_rcc.c...
compiling tim.c...
compiling stm32f4xx_hal_spi.c...
compiling usart.c...
compiling stm32f4xx_hal_uart.c...
compiling stm32f4xx_hal_tim_ex.c...
compiling stm32f4xx_hal_i2c.c...
compiling stm32f4xx_hal_tim.c...
compiling stm32f4xx_hal_exti.c...
compiling stm32f4xx_hal_gpio.c...
compiling stm32f4xx_hal_flash_ex.c...
compiling stm32f4xx_hal_pwr_ex.c...
compiling GUI_X.c...
compiling stm32f4xx_hal_cortex.c...
compiling stm32f4xx_hal_dma.c...
compiling stm32f4xx_hal_flash_ramfunc.c...
compiling stm32f4xx_hal_flash.c...
compiling stm32f4xx_hal_rcc_ex.c...
compiling stm32f4xx_hal_pwr.c...
compiling stm32f4xx_hal.c...
compiling GUIDEMO.c...
compiling GUIDEMO_BarGraph.c...
compiling GUIDEMO_AntialiasedText.c...
compiling GUIDEMO_Automotive.c...
compiling GUIDRV_Template.c...
compiling GUIConf.c...
compiling LCDConf_FlexColor_Template.c...
compiling stm32f4xx_hal_dma_ex.c...
compiling GUIDEMO_ColorBar.c...
compiling GUIDEMO_Bitmap.c...
compiling GUIDEMO_Conf.c...
compiling GUIDEMO_Cursor.c...
compiling GUIDEMO_Fading.c...
compiling GUIDEMO_Graph.c...
compiling GUIDEMO_IconView.c...
compiling GUIDEMO_Intro.c...
compiling GUIDEMO_ImageFlow.c...
compiling GUIDEMO_Listview.c...
compiling GUIDEMO_Speedometer.c...
compiling GUIDEMO_RadialMenu.c...
compiling GUIDEMO_Speed.c...
compiling GUIDEMO_Skinning.c...
compiling GUIDEMO_TransparentDialog.c...
compiling GUIDEMO_Treeview.c...
compiling GUIDEMO_Start.c...
compiling GUIDEMO_Resource.c...
compiling GUIDEMO_VScreen.c...
compiling GUIDEMO_WashingMachine.c...
compiling GUIDEMO_ZoomAndRotate.c...
compiling GUI_X_Touch_Analog.c...
linking...
Program Size: Code=133124 RO-data=70112 RW-data=1268 ZI-data=1232084  
FromELF: creating hex file...
"StemWin_Port\StemWin_Port.axf" - 0 Error(s), 0 Warning(s).

<h2>Software Packages used:</h2>

Package Vendor: ARM
                http://www.keil.com/pack/ARM.CMSIS.5.0.1.pack
                ARM::CMSIS:CORE:5.0.1
                CMSIS (Cortex Microcontroller Software Interface Standard)
   * Component: CORE Version: 5.0.1

<h2>Collection of Component include folders:</h2>
  .\RTE\_StemWin_Port
  C:\Keil_v5\ARM\PACK\ARM\CMSIS\5.0.1\CMSIS\Include
  C:\Keil_v5\ARM\PACK\Keil\STM32F4xx_DFP\2.12.0\Drivers\CMSIS\Device\ST\STM32F4xx\Include

<h2>Collection of Component Files used:</h2>

   * Component: ARM::CMSIS:CORE:5.0.1
Build Time Elapsed:  00:00:17
</pre>
</body>
</html>
