<html>
<body>
<pre>
<h1>µVision Build Log</h1>
<h2>Tool Versions:</h2>
IDE-Version: ¦ÌVision V5.23.0.0
Copyright (C) 2017 ARM Ltd and ARM Germany GmbH. All rights reserved.
License Information: yang yuan, duobao, LIC=8VRJ7-EW0AZ-FW62N-YBJTM-X8RHG-DJF7M
 
Tool Versions:
Toolchain:       MDK-ARM Plus  Version: 5.23
Toolchain Path:  C:\Keil_v5\ARM\ARMCC\Bin
C Compiler:      Armcc.exe V5.06 update 4 (build 422)
Assembler:       Armasm.exe V5.06 update 4 (build 422)
Linker/Locator:  ArmLink.exe V5.06 update 4 (build 422)
Library Manager: ArmAr.exe V5.06 update 4 (build 422)
Hex Converter:   FromElf.exe V5.06 update 4 (build 422)
CPU DLL:         SARMCM3.DLL V5.23
Dialog DLL:      DCM.DLL V1.15.0.0
Target DLL:      STLink\ST-LINKIII-KEIL_SWO.dll V2.0.18.0
Dialog DLL:      TCM.DLL V1.27.0.0
 
<h2>Project:</h2>
C:\Users\Administrator\Desktop\USMART\MDK-ARM\USMART.uvprojx
Project File Date:  09/27/2024

<h2>Output:</h2>
*** Using Compiler 'V5.06 update 4 (build 422)', folder: 'C:\Keil_v5\ARM\ARMCC\Bin'
Rebuild target 'USMART'
assembling startup_stm32f407xx.s...
compiling stm32f4xx_hal_msp.c...
compiling tim.c...
compiling stm32f4xx_hal_sram.c...
compiling delay.c...
compiling usart.c...
compiling stm32f4xx_hal_rcc.c...
compiling main.c...
compiling gpio.c...
compiling stm32f4xx_ll_fsmc.c...
compiling stm32f4xx_it.c...
compiling fsmc.c...
compiling stm32f4xx_hal_uart.c...
compiling stm32f4xx_hal_tim_ex.c...
compiling lcd.c...
compiling stm32f4xx_hal_tim.c...
compiling stm32f4xx_hal_dma_ex.c...
compiling stm32f4xx_hal_flash.c...
compiling usmart.c...
compiling stm32f4xx_hal_cortex.c...
compiling stm32f4xx_hal_flash_ramfunc.c...
compiling system_stm32f4xx.c...
compiling stm32f4xx_hal_pwr_ex.c...
compiling stm32f4xx_hal_flash_ex.c...
compiling stm32f4xx_hal_exti.c...
compiling stm32f4xx_hal.c...
compiling stm32f4xx_hal_dma.c...
compiling stm32f4xx_hal_rcc_ex.c...
compiling stm32f4xx_hal_gpio.c...
compiling stm32f4xx_hal_pwr.c...
compiling usmart_config.c...
compiling usmart_port.c...
compiling usmart_str.c...
linking...
Program Size: Code=27108 RO-data=13720 RW-data=456 ZI-data=1568  
FromELF: creating hex file...
"USMART\USMART.axf" - 0 Error(s), 0 Warning(s).

<h2>Collection of Component include folders:</h2>
  .\RTE\_USMART
  C:\Keil_v5\ARM\PACK\Keil\STM32F4xx_DFP\2.12.0\Drivers\CMSIS\Device\ST\STM32F4xx\Include

<h2>Collection of Component Files used:</h2>
Build Time Elapsed:  00:00:11
</pre>
</body>
</html>
