Component: ARM Compiler 5.06 update 4 (build 422) Tool: armlink [4d35d2]

==============================================================================

Section Cross References

    startup_stm32f407xx.o(RESET) refers to startup_stm32f407xx.o(STACK) for __initial_sp
    startup_stm32f407xx.o(RESET) refers to startup_stm32f407xx.o(.text) for Reset_Handler
    startup_stm32f407xx.o(RESET) refers to stm32f4xx_it.o(i.NMI_Handler) for NMI_Handler
    startup_stm32f407xx.o(RESET) refers to stm32f4xx_it.o(i.HardFault_Handler) for HardFault_Handler
    startup_stm32f407xx.o(RESET) refers to stm32f4xx_it.o(i.MemManage_Handler) for MemManage_Handler
    startup_stm32f407xx.o(RESET) refers to stm32f4xx_it.o(i.BusFault_Handler) for BusFault_Handler
    startup_stm32f407xx.o(RESET) refers to stm32f4xx_it.o(i.UsageFault_Handler) for UsageFault_Handler
    startup_stm32f407xx.o(RESET) refers to port.o(.emb_text) for SVC_Handler
    startup_stm32f407xx.o(RESET) refers to stm32f4xx_it.o(i.DebugMon_Handler) for DebugMon_Handler
    startup_stm32f407xx.o(RESET) refers to port.o(i.SysTick_Handler) for SysTick_Handler
    startup_stm32f407xx.o(RESET) refers to stm32f4xx_it.o(i.TIM1_UP_TIM10_IRQHandler) for TIM1_UP_TIM10_IRQHandler
    startup_stm32f407xx.o(RESET) refers to stm32f4xx_it.o(i.SDIO_IRQHandler) for SDIO_IRQHandler
    startup_stm32f407xx.o(RESET) refers to stm32f4xx_it.o(i.DMA2_Stream3_IRQHandler) for DMA2_Stream3_IRQHandler
    startup_stm32f407xx.o(RESET) refers to stm32f4xx_it.o(i.DMA2_Stream6_IRQHandler) for DMA2_Stream6_IRQHandler
    startup_stm32f407xx.o(.text) refers to system_stm32f4xx.o(i.SystemInit) for SystemInit
    startup_stm32f407xx.o(.text) refers to entry.o(.ARM.Collect$$$$00000000) for __main
    delay.o(i.HAL_Delay) refers to delay.o(i.delay_ms) for delay_ms
    delay.o(i.delay_init) refers to delay.o(.data) for .data
    delay.o(i.delay_ms) refers to delay.o(i.delay_us) for delay_us
    delay.o(i.delay_us) refers to delay.o(.data) for .data
    lcd.o(i.lcd_clear) refers to lcd.o(i.lcd_set_cursor) for lcd_set_cursor
    lcd.o(i.lcd_clear) refers to lcd.o(i.lcd_write_ram_prepare) for lcd_write_ram_prepare
    lcd.o(i.lcd_clear) refers to lcd.o(.bss) for .bss
    lcd.o(i.lcd_color_fill) refers to lcd.o(i.lcd_set_cursor) for lcd_set_cursor
    lcd.o(i.lcd_color_fill) refers to lcd.o(i.lcd_write_ram_prepare) for lcd_write_ram_prepare
    lcd.o(i.lcd_display_dir) refers to lcd.o(i.lcd_scan_dir) for lcd_scan_dir
    lcd.o(i.lcd_display_dir) refers to lcd.o(.bss) for .bss
    lcd.o(i.lcd_display_off) refers to lcd.o(i.lcd_wr_regno) for lcd_wr_regno
    lcd.o(i.lcd_display_off) refers to lcd.o(.bss) for .bss
    lcd.o(i.lcd_display_on) refers to lcd.o(i.lcd_wr_regno) for lcd_wr_regno
    lcd.o(i.lcd_display_on) refers to lcd.o(.bss) for .bss
    lcd.o(i.lcd_draw_circle) refers to lcd.o(i.lcd_draw_point) for lcd_draw_point
    lcd.o(i.lcd_draw_hline) refers to lcd.o(i.lcd_fill) for lcd_fill
    lcd.o(i.lcd_draw_hline) refers to lcd.o(.bss) for .bss
    lcd.o(i.lcd_draw_line) refers to lcd.o(i.lcd_draw_point) for lcd_draw_point
    lcd.o(i.lcd_draw_point) refers to lcd.o(i.lcd_set_cursor) for lcd_set_cursor
    lcd.o(i.lcd_draw_point) refers to lcd.o(i.lcd_write_ram_prepare) for lcd_write_ram_prepare
    lcd.o(i.lcd_draw_rectangle) refers to lcd.o(i.lcd_draw_line) for lcd_draw_line
    lcd.o(i.lcd_ex_ili9341_reginit) refers to lcd.o(i.lcd_wr_regno) for lcd_wr_regno
    lcd.o(i.lcd_ex_ili9341_reginit) refers to lcd.o(i.lcd_wr_data) for lcd_wr_data
    lcd.o(i.lcd_ex_ili9341_reginit) refers to delay.o(i.delay_ms) for delay_ms
    lcd.o(i.lcd_ex_ili9806_reginit) refers to lcd.o(i.lcd_wr_regno) for lcd_wr_regno
    lcd.o(i.lcd_ex_ili9806_reginit) refers to lcd.o(i.lcd_wr_data) for lcd_wr_data
    lcd.o(i.lcd_ex_ili9806_reginit) refers to delay.o(i.delay_ms) for delay_ms
    lcd.o(i.lcd_ex_nt35310_reginit) refers to lcd.o(i.lcd_wr_regno) for lcd_wr_regno
    lcd.o(i.lcd_ex_nt35310_reginit) refers to lcd.o(i.lcd_wr_data) for lcd_wr_data
    lcd.o(i.lcd_ex_nt35310_reginit) refers to delay.o(i.delay_ms) for delay_ms
    lcd.o(i.lcd_ex_nt35510_reginit) refers to lcd.o(i.lcd_write_reg) for lcd_write_reg
    lcd.o(i.lcd_ex_nt35510_reginit) refers to lcd.o(i.lcd_wr_regno) for lcd_wr_regno
    lcd.o(i.lcd_ex_nt35510_reginit) refers to delay.o(i.delay_ms) for delay_ms
    lcd.o(i.lcd_ex_ssd1963_reginit) refers to lcd.o(i.lcd_wr_regno) for lcd_wr_regno
    lcd.o(i.lcd_ex_ssd1963_reginit) refers to lcd.o(i.lcd_wr_data) for lcd_wr_data
    lcd.o(i.lcd_ex_ssd1963_reginit) refers to delay.o(i.delay_ms) for delay_ms
    lcd.o(i.lcd_ex_st7789_reginit) refers to lcd.o(i.lcd_wr_regno) for lcd_wr_regno
    lcd.o(i.lcd_ex_st7789_reginit) refers to delay.o(i.delay_ms) for delay_ms
    lcd.o(i.lcd_ex_st7789_reginit) refers to lcd.o(i.lcd_wr_data) for lcd_wr_data
    lcd.o(i.lcd_ex_st7796_reginit) refers to lcd.o(i.lcd_wr_regno) for lcd_wr_regno
[...]
    i._printf_post_padding                   0x08003728   Section        0  printf8.o(i._printf_post_padding)
    _printf_post_padding                     0x08003729   Thumb Code    36  printf8.o(i._printf_post_padding)
    i._printf_pre_padding                    0x0800374c   Section        0  printf8.o(i._printf_pre_padding)
    _printf_pre_padding                      0x0800374d   Thumb Code    46  printf8.o(i._printf_pre_padding)
    i._sputc                                 0x0800377a   Section        0  printf8.o(i._sputc)
    _sputc                                   0x0800377b   Thumb Code    10  printf8.o(i._sputc)
    i.delay_init                             0x08003784   Section        0  delay.o(i.delay_init)
    i.delay_ms                               0x08003790   Section        0  delay.o(i.delay_ms)
    i.delay_us                               0x0800379c   Section        0  delay.o(i.delay_us)
    i.fputc                                  0x080037d0   Section        0  usart.o(i.fputc)
    i.lcd_clear                              0x080037e0   Section        0  lcd.o(i.lcd_clear)
    i.lcd_display_dir                        0x08003810   Section        0  lcd.o(i.lcd_display_dir)
    i.lcd_draw_point                         0x080038fc   Section        0  lcd.o(i.lcd_draw_point)
    i.lcd_ex_ili9341_reginit                 0x08003912   Section        0  lcd.o(i.lcd_ex_ili9341_reginit)
    i.lcd_ex_ili9806_reginit                 0x08003b40   Section        0  lcd.o(i.lcd_ex_ili9806_reginit)
    i.lcd_ex_nt35310_reginit                 0x08003e82   Section        0  lcd.o(i.lcd_ex_nt35310_reginit)
    i.lcd_ex_nt35510_reginit                 0x08004d76   Section        0  lcd.o(i.lcd_ex_nt35510_reginit)
    i.lcd_ex_ssd1963_reginit                 0x08005c70   Section        0  lcd.o(i.lcd_ex_ssd1963_reginit)
    i.lcd_ex_st7789_reginit                  0x08005de0   Section        0  lcd.o(i.lcd_ex_st7789_reginit)
    i.lcd_ex_st7796_reginit                  0x08005f8a   Section        0  lcd.o(i.lcd_ex_st7796_reginit)
    i.lcd_init                               0x08006154   Section        0  lcd.o(i.lcd_init)
    i.lcd_rd_data                            0x08006404   Section        0  lcd.o(i.lcd_rd_data)
    lcd_rd_data                              0x08006405   Thumb Code    26  lcd.o(i.lcd_rd_data)
    i.lcd_scan_dir                           0x08006420   Section        0  lcd.o(i.lcd_scan_dir)
    i.lcd_set_cursor                         0x080065a4   Section        0  lcd.o(i.lcd_set_cursor)
    i.lcd_show_char                          0x08006698   Section        0  lcd.o(i.lcd_show_char)
    i.lcd_show_string                        0x08006774   Section        0  lcd.o(i.lcd_show_string)
    i.lcd_ssd_backlight_set                  0x080067cc   Section        0  lcd.o(i.lcd_ssd_backlight_set)
    i.lcd_wr_data                            0x0800681c   Section        0  lcd.o(i.lcd_wr_data)
    i.lcd_wr_regno                           0x08006834   Section        0  lcd.o(i.lcd_wr_regno)
    i.lcd_write_ram_prepare                  0x0800684c   Section        0  lcd.o(i.lcd_write_ram_prepare)
    i.lcd_write_reg                          0x08006860   Section        0  lcd.o(i.lcd_write_reg)
    i.main                                   0x0800686c   Section        0  main.o(i.main)
    i.makeFreeRtosPriority                   0x08006908   Section        0  cmsis_os.o(i.makeFreeRtosPriority)
    makeFreeRtosPriority                     0x08006909   Thumb Code    12  cmsis_os.o(i.makeFreeRtosPriority)
    i.my_mem_init                            0x08006914   Section        0  mymalloc.o(i.my_mem_init)
    i.my_mem_occupy                          0x08006940   Section        0  mymalloc.o(i.my_mem_occupy)
    i.my_mem_perused                         0x08006970   Section        0  mymalloc.o(i.my_mem_perused)
    i.my_mem_set                             0x080069ac   Section        0  mymalloc.o(i.my_mem_set)
    i.norflash_erase_sector                  0x080069bc   Section        0  norflash.o(i.norflash_erase_sector)
    i.norflash_init                          0x080069fc   Section        0  norflash.o(i.norflash_init)
    i.norflash_read                          0x08006a64   Section        0  norflash.o(i.norflash_read)
    i.norflash_read_id                       0x08006ab4   Section        0  norflash.o(i.norflash_read_id)
    i.norflash_read_sr                       0x08006b00   Section        0  norflash.o(i.norflash_read_sr)
    i.norflash_send_address                  0x08006b48   Section        0  norflash.o(i.norflash_send_address)
    norflash_send_address                    0x08006b49   Thumb Code    48  norflash.o(i.norflash_send_address)
    i.norflash_wait_busy                     0x08006b7c   Section        0  norflash.o(i.norflash_wait_busy)
    norflash_wait_busy                       0x08006b7d   Thumb Code    14  norflash.o(i.norflash_wait_busy)
    i.norflash_write                         0x08006b8c   Section        0  norflash.o(i.norflash_write)
    i.norflash_write_enable                  0x08006c28   Section        0  norflash.o(i.norflash_write_enable)
    i.norflash_write_nocheck                 0x08006c54   Section        0  norflash.o(i.norflash_write_nocheck)
    norflash_write_nocheck                   0x08006c55   Thumb Code   124  norflash.o(i.norflash_write_nocheck)
    i.norflash_write_sr                      0x08006cd4   Section        0  norflash.o(i.norflash_write_sr)
    i.osDelay                                0x08006d20   Section        0  cmsis_os.o(i.osDelay)
    i.osKernelStart                          0x08006d2e   Section        0  cmsis_os.o(i.osKernelStart)
    i.osThreadCreate                         0x08006d38   Section        0  cmsis_os.o(i.osThreadCreate)
    i.prvAddCurrentTaskToDelayedList         0x08006d68   Section        0  tasks.o(i.prvAddCurrentTaskToDelayedList)
    prvAddCurrentTaskToDelayedList           0x08006d69   Thumb Code   102  tasks.o(i.prvAddCurrentTaskToDelayedList)
    i.prvAddNewTaskToReadyList               0x08006dd8   Section        0  tasks.o(i.prvAddNewTaskToReadyList)
    prvAddNewTaskToReadyList                 0x08006dd9   Thumb Code   194  tasks.o(i.prvAddNewTaskToReadyList)
    i.prvDeleteTCB                           0x08006ea8   Section        0  tasks.o(i.prvDeleteTCB)
    prvDeleteTCB                             0x08006ea9   Thumb Code    20  tasks.o(i.prvDeleteTCB)
    i.prvIdleTask                            0x08006ebc   Section        0  tasks.o(i.prvIdleTask)
    prvIdleTask                              0x08006ebd   Thumb Code    82  tasks.o(i.prvIdleTask)
    i.prvInitialiseNewTask                   0x08006f1c   Section        0  tasks.o(i.prvInitialiseNewTask)
    prvInitialiseNewTask                     0x08006f1d   Thumb Code   152  tasks.o(i.prvInitialiseNewTask)
    i.prvInsertBlockIntoFreeList             0x08006fb4   Section        0  heap_5.o(i.prvInsertBlockIntoFreeList)
    prvInsertBlockIntoFreeList               0x08006fb5   Thumb Code    72  heap_5.o(i.prvInsertBlockIntoFreeList)
    i.prvResetNextTaskUnblockTime            0x08007000   Section        0  tasks.o(i.prvResetNextTaskUnblockTime)
    prvResetNextTaskUnblockTime              0x08007001   Thumb Code    26  tasks.o(i.prvResetNextTaskUnblockTime)
    i.prvTaskExitError                       0x08007020   Section        0  port.o(i.prvTaskExitError)
    prvTaskExitError                         0x08007021   Thumb Code    36  port.o(i.prvTaskExitError)
    i.pvPortMalloc                           0x08007048   Section        0  heap_5.o(i.pvPortMalloc)
    i.pxPortInitialiseStack                  0x080070f8   Section        0  port.o(i.pxPortInitialiseStack)
    i.sd_init                                0x08007124   Section        0  sdio_sdcard.o(i.sd_init)
    i.spi1_read_write_byte                   0x080071a4   Section        0  spi.o(i.spi1_read_write_byte)
    i.spi1_set_speed                         0x080071c4   Section        0  spi.o(i.spi1_set_speed)
    i.sram_init                              0x080071f8   Section        0  sram.o(i.sram_init)
    i.uxListRemove                           0x0800735c   Section        0  list.o(i.uxListRemove)
    i.vListInitialise                        0x08007382   Section        0  list.o(i.vListInitialise)
    i.vListInitialiseItem                    0x08007398   Section        0  list.o(i.vListInitialiseItem)
    i.vListInsert                            0x0800739e   Section        0  list.o(i.vListInsert)
    i.vListInsertEnd                         0x080073ce   Section        0  list.o(i.vListInsertEnd)
    i.vPortDefineHeapRegions                 0x080073e8   Section        0  heap_5.o(i.vPortDefineHeapRegions)
    i.vPortEnterCritical                     0x080074a0   Section        0  port.o(i.vPortEnterCritical)
    i.vPortExitCritical                      0x080074e0   Section        0  port.o(i.vPortExitCritical)
    i.vPortFree                              0x08007508   Section        0  heap_5.o(i.vPortFree)
    i.vPortSetupTimerInterrupt               0x0800756c   Section        0  port.o(i.vPortSetupTimerInterrupt)
    i.vTaskDelay                             0x08007590   Section        0  tasks.o(i.vTaskDelay)
    i.vTaskStartScheduler                    0x080075dc   Section        0  tasks.o(i.vTaskStartScheduler)
    i.vTaskSuspendAll                        0x08007644   Section        0  tasks.o(i.vTaskSuspendAll)
    i.vTaskSwitchContext                     0x08007654   Section        0  tasks.o(i.vTaskSwitchContext)
    i.xPortStartScheduler                    0x080076b0   Section        0  port.o(i.xPortStartScheduler)
    i.xTaskCreate                            0x080077a4   Section        0  tasks.o(i.xTaskCreate)
    i.xTaskIncrementTick                     0x080077fc   Section        0  tasks.o(i.xTaskIncrementTick)
    i.xTaskResumeAll                         0x080078c8   Section        0  tasks.o(i.xTaskResumeAll)
    .constdata                               0x0800798c   Section    12160  lcd.o(.constdata)
    .constdata                               0x0800a90c   Section       36  mymalloc.o(.constdata)
    .constdata                               0x0800a930   Section       36  freertos.o(.constdata)
    .constdata                               0x0800a954   Section        8  stm32f4xx_hal_dma.o(.constdata)
    flagBitshiftOffset                       0x0800a954   Data           8  stm32f4xx_hal_dma.o(.constdata)
    .constdata                               0x0800a95c   Section       16  system_stm32f4xx.o(.constdata)
    .constdata                               0x0800a96c   Section        8  system_stm32f4xx.o(.constdata)
    .conststring                             0x0800a974   Section       12  freertos.o(.conststring)
    .ARM.__AT_0x10000000                     0x10000000   Section    61440  mymalloc.o(.ARM.__AT_0x10000000)
    mem2base                                 0x10000000   Data       61440  mymalloc.o(.ARM.__AT_0x10000000)
    .ARM.__AT_0x1000F000                     0x1000f000   Section     3840  mymalloc.o(.ARM.__AT_0x1000F000)
    mem2mapbase                              0x1000f000   Data        3840  mymalloc.o(.ARM.__AT_0x1000F000)
    .data                                    0x20000000   Section        4  delay.o(.data)
    g_fac_us                                 0x20000000   Data           4  delay.o(.data)
    .data                                    0x20000004   Section        4  lcd.o(.data)
    .data                                    0x20000008   Section       36  mymalloc.o(.data)
    .data                                    0x2000002c   Section        2  norflash.o(.data)
    .data                                    0x2000002e   Section       24  main.o(.data)
    .data                                    0x20000046   Section        1  main.o(.data)
    .data                                    0x20000048   Section       20  main.o(.data)
    .data                                    0x2000005c   Section       20  user_diskio.o(.data)
    .data                                    0x20000070   Section        5  fatfs.o(.data)
    .data                                    0x20000078   Section        8  freertos.o(.data)
    .data                                    0x20000080   Section        8  fsmc.o(.data)
    FSMC_Initialized                         0x20000080   Data           4  fsmc.o(.data)
    FSMC_DeInitialized                       0x20000084   Data           4  fsmc.o(.data)
    .data                                    0x20000088   Section       12  stm32f4xx_hal.o(.data)
    .data                                    0x20000094   Section        4  system_stm32f4xx.o(.data)
    .data                                    0x20000098   Section       60  tasks.o(.data)
    uxDeletedTasksWaitingCleanUp             0x2000009c   Data           4  tasks.o(.data)
    uxCurrentNumberOfTasks                   0x200000a0   Data           4  tasks.o(.data)
    xTickCount                               0x200000a4   Data           4  tasks.o(.data)
    uxTopReadyPriority                       0x200000a8   Data           4  tasks.o(.data)
    xSchedulerRunning                        0x200000ac   Data           4  tasks.o(.data)
    xPendedTicks                             0x200000b0   Data           4  tasks.o(.data)
    xYieldPending                            0x200000b4   Data           4  tasks.o(.data)
    xNumOfOverflows                          0x200000b8   Data           4  tasks.o(.data)
    uxTaskNumber                             0x200000bc   Data           4  tasks.o(.data)
    xNextTaskUnblockTime                     0x200000c0   Data           4  tasks.o(.data)
    xIdleTaskHandle                          0x200000c4   Data           4  tasks.o(.data)
    uxSchedulerSuspended                     0x200000c8   Data           4  tasks.o(.data)
    pxDelayedTaskList                        0x200000cc   Data           4  tasks.o(.data)
    pxOverflowDelayedTaskList                0x200000d0   Data           4  tasks.o(.data)
    .data                                    0x200000d4   Section       32  heap_5.o(.data)
    pxEnd                                    0x200000d4   Data           4  heap_5.o(.data)
    xFreeBytesRemaining                      0x200000d8   Data           4  heap_5.o(.data)
    xMinimumEverFreeBytesRemaining           0x200000dc   Data           4  heap_5.o(.data)
    xNumberOfSuccessfulAllocations           0x200000e0   Data           4  heap_5.o(.data)
    xNumberOfSuccessfulFrees                 0x200000e4   Data           4  heap_5.o(.data)
    xBlockAllocatedBit                       0x200000e8   Data           4  heap_5.o(.data)
    xStart                                   0x200000ec   Data           8  heap_5.o(.data)
    .data                                    0x200000f4   Section       12  port.o(.data)
    ucMaxSysCallPriority                     0x200000f4   Data           1  port.o(.data)
    uxCriticalNesting                        0x200000f8   Data           4  port.o(.data)
    ulMaxPRIGROUPValue                       0x200000fc   Data           4  port.o(.data)
    .data                                    0x20000100   Section        4  stdout.o(.data)
    .bss                                     0x20000104   Section       14  lcd.o(.bss)
    .bss                                     0x20000140   Section    102400  mymalloc.o(.bss)
    mem1base                                 0x20000140   Data       102400  mymalloc.o(.bss)
    .bss                                     0x20019140   Section     6400  mymalloc.o(.bss)
    mem1mapbase                              0x20019140   Data        6400  mymalloc.o(.bss)
    .bss                                     0x2001aa40   Section     4096  norflash.o(.bss)
    .bss                                     0x2001ba40   Section       20  main.o(.bss)
    .bss                                     0x2001ba54   Section       12  main.o(.bss)
    .bss                                     0x2001ba60   Section       16  freertos.o(.bss)
    .bss                                     0x2001ba70   Section       32  freertos.o(.bss)
    .bss                                     0x2001ba90   Section      160  fsmc.o(.bss)
    .bss                                     0x2001bb30   Section      324  sdio.o(.bss)
    .bss                                     0x2001bc74   Section       88  spi.o(.bss)
    .bss                                     0x2001bccc   Section       68  usart.o(.bss)
    .bss                                     0x2001bd10   Section       72  stm32f4xx_hal_timebase_tim.o(.bss)
    .bss                                     0x2001bd58   Section      240  tasks.o(.bss)
    pxReadyTasksLists                        0x2001bd58   Data         140  tasks.o(.bss)
    xDelayedTaskList1                        0x2001bde4   Data          20  tasks.o(.bss)
    xDelayedTaskList2                        0x2001bdf8   Data          20  tasks.o(.bss)
    xPendingReadyList                        0x2001be0c   Data          20  tasks.o(.bss)
    xTasksWaitingTermination                 0x2001be20   Data          20  tasks.o(.bss)
    xSuspendedTaskList                       0x2001be34   Data          20  tasks.o(.bss)
    .bss                                     0x2001be48   Section       16  ff_gen_drv.o(.bss)
    STACK                                    0x2001be58   Section     1024  startup_stm32f407xx.o(STACK)
    .ARM.__AT_0x68000000                     0x68000000   Section    986112  mymalloc.o(.ARM.__AT_0x68000000)
    mem3base                                 0x68000000   Data       986112  mymalloc.o(.ARM.__AT_0x68000000)
    .ARM.__AT_0x680F0C00                     0x680f0c00   Section    61632  mymalloc.o(.ARM.__AT_0x680F0C00)
    mem3mapbase                              0x680f0c00   Data       61632  mymalloc.o(.ARM.__AT_0x680F0C00)

    Global Symbols

    Symbol Name                              Value     Ov Type        Size  Object(Section)

    BuildAttributes$$THM_ISAv4$E$P$D$K$B$S$7EM$VFPi3$EXTD16$VFPS$VFMA$PE$A:L22UL41UL21$X:L11$S22US41US21$IEEE1$IW$USESV6$~STKCKD$USESV7$~SHL$OSPACE$ROPI$EBA8$MICROLIB$REQ8$PRES8$EABIv2 0x00000000   Number         0  anon$$obj.o ABSOLUTE
    __ARM_use_no_argv                        0x00000000   Number         0  main.o ABSOLUTE
    _printf_a                                0x00000000   Number         0  stubs.o ABSOLUTE
    _printf_c                                0x00000000   Number         0  stubs.o ABSOLUTE
    _printf_charcount                        0x00000000   Number         0  stubs.o ABSOLUTE
    _printf_d                                0x00000000   Number         0  stubs.o ABSOLUTE
    _printf_e                                0x00000000   Number         0  stubs.o ABSOLUTE
    _printf_f                                0x00000000   Number         0  stubs.o ABSOLUTE
    _printf_flags                            0x00000000   Number         0  stubs.o ABSOLUTE
    _printf_fp_dec                           0x00000000   Number         0  stubs.o ABSOLUTE
    _printf_fp_hex                           0x00000000   Number         0  stubs.o ABSOLUTE
    _printf_g                                0x00000000   Number         0  stubs.o ABSOLUTE
    _printf_i                                0x00000000   Number         0  stubs.o ABSOLUTE
    _printf_int_dec                          0x00000000   Number         0  stubs.o ABSOLUTE
    _printf_l                                0x00000000   Number         0  stubs.o ABSOLUTE
    _printf_lc                               0x00000000   Number         0  stubs.o ABSOLUTE
    _printf_ll                               0x00000000   Number         0  stubs.o ABSOLUTE
    _printf_lld                              0x00000000   Number         0  stubs.o ABSOLUTE
    _printf_lli                              0x00000000   Number         0  stubs.o ABSOLUTE
    _printf_llo                              0x00000000   Number         0  stubs.o ABSOLUTE
    _printf_llu                              0x00000000   Number         0  stubs.o ABSOLUTE
    _printf_llx                              0x00000000   Number         0  stubs.o ABSOLUTE
    _printf_longlong_dec                     0x00000000   Number         0  stubs.o ABSOLUTE
    _printf_longlong_hex                     0x00000000   Number         0  stubs.o ABSOLUTE
    _printf_longlong_oct                     0x00000000   Number         0  stubs.o ABSOLUTE
    _printf_ls                               0x00000000   Number         0  stubs.o ABSOLUTE
    _printf_mbtowc                           0x00000000   Number         0  stubs.o ABSOLUTE
    _printf_n                                0x00000000   Number         0  stubs.o ABSOLUTE
    _printf_o                                0x00000000   Number         0  stubs.o ABSOLUTE
    _printf_p                                0x00000000   Number         0  stubs.o ABSOLUTE
    _printf_percent                          0x00000000   Number         0  stubs.o ABSOLUTE
    _printf_pre_padding                      0x00000000   Number         0  stubs.o ABSOLUTE
    _printf_return_value                     0x00000000   Number         0  stubs.o ABSOLUTE
    _printf_s                                0x00000000   Number         0  stubs.o ABSOLUTE
    _printf_sizespec                         0x00000000   Number         0  stubs.o ABSOLUTE
    _printf_str                              0x00000000   Number         0  stubs.o ABSOLUTE
    _printf_truncate_signed                  0x00000000   Number         0  stubs.o ABSOLUTE
    _printf_truncate_unsigned                0x00000000   Number         0  stubs.o ABSOLUTE
    _printf_u                                0x00000000   Number         0  stubs.o ABSOLUTE
    _printf_wc                               0x00000000   Number         0  stubs.o ABSOLUTE
    _printf_wctomb                           0x00000000   Number         0  stubs.o ABSOLUTE
    _printf_widthprec                        0x00000000   Number         0  stubs.o ABSOLUTE
    _printf_x                                0x00000000   Number         0  stubs.o ABSOLUTE
    __cpp_initialize__aeabi_                  - Undefined Weak Reference
    __cxa_finalize                            - Undefined Weak Reference
    __decompress                              - Undefined Weak Reference
    _clock_init                               - Undefined Weak Reference
    _microlib_exit                            - Undefined Weak Reference
    __Vectors_Size                           0x00000188   Number         0  startup_stm32f407xx.o ABSOLUTE
    __Vectors                                0x08000000   Data           4  startup_stm32f407xx.o(RESET)
    __Vectors_End                            0x08000188   Data           0  startup_stm32f407xx.o(RESET)
    __main                                   0x08000189   Thumb Code     0  entry.o(.ARM.Collect$$$$00000000)
    _main_stk                                0x08000189   Thumb Code     0  entry2.o(.ARM.Collect$$$$00000001)
    _main_scatterload                        0x0800018d   Thumb Code     0  entry5.o(.ARM.Collect$$$$00000004)
    __main_after_scatterload                 0x08000191   Thumb Code     0  entry5.o(.ARM.Collect$$$$00000004)
    _main_clock                              0x08000191   Thumb Code     0  entry7b.o(.ARM.Collect$$$$00000008)
    _main_cpp_init                           0x08000191   Thumb Code     0  entry8b.o(.ARM.Collect$$$$0000000A)
    _main_init                               0x08000191   Thumb Code     0  entry9a.o(.ARM.Collect$$$$0000000B)
    __rt_final_cpp                           0x08000199   Thumb Code     0  entry10a.o(.ARM.Collect$$$$0000000D)
    __rt_final_exit                          0x08000199   Thumb Code     0  entry11a.o(.ARM.Collect$$$$0000000F)
    SVC_Handler                              0x0800019d   Thumb Code    28  port.o(.emb_text)
    __asm___6_port_c_39a90d8d__prvStartFirstTask 0x080001bd   Thumb Code    36  port.o(.emb_text)
    __asm___6_port_c_39a90d8d__prvEnableVFP  0x080001e5   Thumb Code    16  port.o(.emb_text)
    PendSV_Handler                           0x080001f9   Thumb Code    88  port.o(.emb_text)
    vPortGetIPSR                             0x08000255   Thumb Code     6  port.o(.emb_text)
    Reset_Handler                            0x0800025d   Thumb Code     8  startup_stm32f407xx.o(.text)
    ADC_IRQHandler                           0x08000277   Thumb Code     0  startup_stm32f407xx.o(.text)
    CAN1_RX0_IRQHandler                      0x08000277   Thumb Code     0  startup_stm32f407xx.o(.text)
    CAN1_RX1_IRQHandler                      0x08000277   Thumb Code     0  startup_stm32f407xx.o(.text)
    CAN1_SCE_IRQHandler                      0x08000277   Thumb Code     0  startup_stm32f407xx.o(.text)
    CAN1_TX_IRQHandler                       0x08000277   Thumb Code     0  startup_stm32f407xx.o(.text)
    CAN2_RX0_IRQHandler                      0x08000277   Thumb Code     0  startup_stm32f407xx.o(.text)
    CAN2_RX1_IRQHandler                      0x08000277   Thumb Code     0  startup_stm32f407xx.o(.text)
    CAN2_SCE_IRQHandler                      0x08000277   Thumb Code     0  startup_stm32f407xx.o(.text)
    CAN2_TX_IRQHandler                       0x08000277   Thumb Code     0  startup_stm32f407xx.o(.text)
    DCMI_IRQHandler                          0x08000277   Thumb Code     0  startup_stm32f407xx.o(.text)
    DMA1_Stream0_IRQHandler                  0x08000277   Thumb Code     0  startup_stm32f407xx.o(.text)
    DMA1_Stream1_IRQHandler                  0x08000277   Thumb Code     0  startup_stm32f407xx.o(.text)
    DMA1_Stream2_IRQHandler                  0x08000277   Thumb Code     0  startup_stm32f407xx.o(.text)
    DMA1_Stream3_IRQHandler                  0x08000277   Thumb Code     0  startup_stm32f407xx.o(.text)
    DMA1_Stream4_IRQHandler                  0x08000277   Thumb Code     0  startup_stm32f407xx.o(.text)
    DMA1_Stream5_IRQHandler                  0x08000277   Thumb Code     0  startup_stm32f407xx.o(.text)
    DMA1_Stream6_IRQHandler                  0x08000277   Thumb Code     0  startup_stm32f407xx.o(.text)
    DMA1_Stream7_IRQHandler                  0x08000277   Thumb Code     0  startup_stm32f407xx.o(.text)
    DMA2_Stream0_IRQHandler                  0x08000277   Thumb Code     0  startup_stm32f407xx.o(.text)
    DMA2_Stream1_IRQHandler                  0x08000277   Thumb Code     0  startup_stm32f407xx.o(.text)
    DMA2_Stream2_IRQHandler                  0x08000277   Thumb Code     0  startup_stm32f407xx.o(.text)
    DMA2_Stream4_IRQHandler                  0x08000277   Thumb Code     0  startup_stm32f407xx.o(.text)
    DMA2_Stream5_IRQHandler                  0x08000277   Thumb Code     0  startup_stm32f407xx.o(.text)
    DMA2_Stream7_IRQHandler                  0x08000277   Thumb Code     0  startup_stm32f407xx.o(.text)
    ETH_IRQHandler                           0x08000277   Thumb Code     0  startup_stm32f407xx.o(.text)
    ETH_WKUP_IRQHandler                      0x08000277   Thumb Code     0  startup_stm32f407xx.o(.text)
    EXTI0_IRQHandler                         0x08000277   Thumb Code     0  startup_stm32f407xx.o(.text)
    EXTI15_10_IRQHandler                     0x08000277   Thumb Code     0  startup_stm32f407xx.o(.text)
    EXTI1_IRQHandler                         0x08000277   Thumb Code     0  startup_stm32f407xx.o(.text)
    EXTI2_IRQHandler                         0x08000277   Thumb Code     0  startup_stm32f407xx.o(.text)
    EXTI3_IRQHandler                         0x08000277   Thumb Code     0  startup_stm32f407xx.o(.text)
    EXTI4_IRQHandler                         0x08000277   Thumb Code     0  startup_stm32f407xx.o(.text)
    EXTI9_5_IRQHandler                       0x08000277   Thumb Code     0  startup_stm32f407xx.o(.text)
    FLASH_IRQHandler                         0x08000277   Thumb Code     0  startup_stm32f407xx.o(.text)
    FMC_IRQHandler                           0x08000277   Thumb Code     0  startup_stm32f407xx.o(.text)
    FPU_IRQHandler                           0x08000277   Thumb Code     0  startup_stm32f407xx.o(.text)
    HASH_RNG_IRQHandler                      0x08000277   Thumb Code     0  startup_stm32f407xx.o(.text)
    I2C1_ER_IRQHandler                       0x08000277   Thumb Code     0  startup_stm32f407xx.o(.text)
    I2C1_EV_IRQHandler                       0x08000277   Thumb Code     0  startup_stm32f407xx.o(.text)
    I2C2_ER_IRQHandler                       0x08000277   Thumb Code     0  startup_stm32f407xx.o(.text)
    I2C2_EV_IRQHandler                       0x08000277   Thumb Code     0  startup_stm32f407xx.o(.text)
    I2C3_ER_IRQHandler                       0x08000277   Thumb Code     0  startup_stm32f407xx.o(.text)
    I2C3_EV_IRQHandler                       0x08000277   Thumb Code     0  startup_stm32f407xx.o(.text)
    OTG_FS_IRQHandler                        0x08000277   Thumb Code     0  startup_stm32f407xx.o(.text)
    OTG_FS_WKUP_IRQHandler                   0x08000277   Thumb Code     0  startup_stm32f407xx.o(.text)
    OTG_HS_EP1_IN_IRQHandler                 0x08000277   Thumb Code     0  startup_stm32f407xx.o(.text)
    OTG_HS_EP1_OUT_IRQHandler                0x08000277   Thumb Code     0  startup_stm32f407xx.o(.text)
    OTG_HS_IRQHandler                        0x08000277   Thumb Code     0  startup_stm32f407xx.o(.text)
    OTG_HS_WKUP_IRQHandler                   0x08000277   Thumb Code     0  startup_stm32f407xx.o(.text)
    PVD_IRQHandler                           0x08000277   Thumb Code     0  startup_stm32f407xx.o(.text)
    RCC_IRQHandler                           0x08000277   Thumb Code     0  startup_stm32f407xx.o(.text)
    RTC_Alarm_IRQHandler                     0x08000277   Thumb Code     0  startup_stm32f407xx.o(.text)
    RTC_WKUP_IRQHandler                      0x08000277   Thumb Code     0  startup_stm32f407xx.o(.text)
    SPI1_IRQHandler                          0x08000277   Thumb Code     0  startup_stm32f407xx.o(.text)
    SPI2_IRQHandler                          0x08000277   Thumb Code     0  startup_stm32f407xx.o(.text)
    SPI3_IRQHandler                          0x08000277   Thumb Code     0  startup_stm32f407xx.o(.text)
    TAMP_STAMP_IRQHandler                    0x08000277   Thumb Code     0  startup_stm32f407xx.o(.text)
    TIM1_BRK_TIM9_IRQHandler                 0x08000277   Thumb Code     0  startup_stm32f407xx.o(.text)
    TIM1_CC_IRQHandler                       0x08000277   Thumb Code     0  startup_stm32f407xx.o(.text)
    TIM1_TRG_COM_TIM11_IRQHandler            0x08000277   Thumb Code     0  startup_stm32f407xx.o(.text)
    TIM2_IRQHandler                          0x08000277   Thumb Code     0  startup_stm32f407xx.o(.text)
    TIM3_IRQHandler                          0x08000277   Thumb Code     0  startup_stm32f407xx.o(.text)
    TIM4_IRQHandler                          0x08000277   Thumb Code     0  startup_stm32f407xx.o(.text)
    TIM5_IRQHandler                          0x08000277   Thumb Code     0  startup_stm32f407xx.o(.text)
    TIM6_DAC_IRQHandler                      0x08000277   Thumb Code     0  startup_stm32f407xx.o(.text)
    TIM7_IRQHandler                          0x08000277   Thumb Code     0  startup_stm32f407xx.o(.text)
    TIM8_BRK_TIM12_IRQHandler                0x08000277   Thumb Code     0  startup_stm32f407xx.o(.text)
    TIM8_CC_IRQHandler                       0x08000277   Thumb Code     0  startup_stm32f407xx.o(.text)
    TIM8_TRG_COM_TIM14_IRQHandler            0x08000277   Thumb Code     0  startup_stm32f407xx.o(.text)
    TIM8_UP_TIM13_IRQHandler                 0x08000277   Thumb Code     0  startup_stm32f407xx.o(.text)
    UART4_IRQHandler                         0x08000277   Thumb Code     0  startup_stm32f407xx.o(.text)
    UART5_IRQHandler                         0x08000277   Thumb Code     0  startup_stm32f407xx.o(.text)
    USART1_IRQHandler                        0x08000277   Thumb Code     0  startup_stm32f407xx.o(.text)
    USART2_IRQHandler                        0x08000277   Thumb Code     0  startup_stm32f407xx.o(.text)
    USART3_IRQHandler                        0x08000277   Thumb Code     0  startup_stm32f407xx.o(.text)
    USART6_IRQHandler                        0x08000277   Thumb Code     0  startup_stm32f407xx.o(.text)
    WWDG_IRQHandler                          0x08000277   Thumb Code     0  startup_stm32f407xx.o(.text)
    __aeabi_uldivmod                         0x08000281   Thumb Code    98  uldiv.o(.text)
    __aeabi_memcpy                           0x080002e3   Thumb Code    36  memcpya.o(.text)
    __aeabi_memcpy4                          0x080002e3   Thumb Code     0  memcpya.o(.text)
    __aeabi_memcpy8                          0x080002e3   Thumb Code     0  memcpya.o(.text)
    __aeabi_memset                           0x08000307   Thumb Code    14  memseta.o(.text)
    __aeabi_memset4                          0x08000307   Thumb Code     0  memseta.o(.text)
    __aeabi_memset8                          0x08000307   Thumb Code     0  memseta.o(.text)
    __aeabi_memclr                           0x08000315   Thumb Code     4  memseta.o(.text)
    __aeabi_memclr4                          0x08000315   Thumb Code     0  memseta.o(.text)
    __aeabi_memclr8                          0x08000315   Thumb Code     0  memseta.o(.text)
    memset                                   0x08000319   Thumb Code    18  memseta.o(.text)
    __aeabi_dmul                             0x0800032b   Thumb Code   228  dmul.o(.text)
    __aeabi_ui2d                             0x0800040f   Thumb Code    26  dfltui.o(.text)
    __aeabi_d2uiz                            0x08000429   Thumb Code    50  dfixui.o(.text)
    __aeabi_llsl                             0x0800045b   Thumb Code    30  llshl.o(.text)
    _ll_shift_l                              0x0800045b   Thumb Code     0  llshl.o(.text)
    __aeabi_llsr                             0x08000479   Thumb Code    32  llushr.o(.text)
    _ll_ushift_r                             0x08000479   Thumb Code     0  llushr.o(.text)
    __I$use$fp                               0x08000499   Thumb Code     0  iusefp.o(.text)
    _double_round                            0x08000499   Thumb Code    30  depilogue.o(.text)
    _double_epilogue                         0x080004b7   Thumb Code   156  depilogue.o(.text)
    __scatterload                            0x08000555   Thumb Code    28  init.o(.text)
    __scatterload_rt2                        0x08000555   Thumb Code     0  init.o(.text)
    BusFault_Handler                         0x08000579   Thumb Code     2  stm32f4xx_it.o(i.BusFault_Handler)
    DMA2_Stream3_IRQHandler                  0x0800057d   Thumb Code     6  stm32f4xx_it.o(i.DMA2_Stream3_IRQHandler)
    DMA2_Stream6_IRQHandler                  0x08000589   Thumb Code     6  stm32f4xx_it.o(i.DMA2_Stream6_IRQHandler)
    DebugMon_Handler                         0x08000611   Thumb Code     2  stm32f4xx_it.o(i.DebugMon_Handler)
    Error_Handler                            0x08000613   Thumb Code     2  main.o(i.Error_Handler)
    FATFS_LinkDriver                         0x08000615   Thumb Code     6  ff_gen_drv.o(i.FATFS_LinkDriver)
    FATFS_LinkDriverEx                       0x0800061d   Thumb Code    60  ff_gen_drv.o(i.FATFS_LinkDriverEx)
    FSMC_NORSRAM_Extended_Timing_Init        0x0800065d   Thumb Code    60  stm32f4xx_ll_fsmc.o(i.FSMC_NORSRAM_Extended_Timing_Init)
    FSMC_NORSRAM_Init                        0x0800069d   Thumb Code    80  stm32f4xx_ll_fsmc.o(i.FSMC_NORSRAM_Init)
    FSMC_NORSRAM_Timing_Init                 0x080006f1   Thumb Code    64  stm32f4xx_ll_fsmc.o(i.FSMC_NORSRAM_Timing_Init)
    HAL_DMA_Abort_IT                         0x08000735   Thumb Code    36  stm32f4xx_hal_dma.o(i.HAL_DMA_Abort_IT)
    HAL_DMA_IRQHandler                       0x08000759   Thumb Code   412  stm32f4xx_hal_dma.o(i.HAL_DMA_IRQHandler)
    HAL_DMA_Init                             0x080008f9   Thumb Code   206  stm32f4xx_hal_dma.o(i.HAL_DMA_Init)
    HAL_Delay                                0x080009cd   Thumb Code     6  delay.o(i.HAL_Delay)
    HAL_GPIO_Init                            0x08000a79   Thumb Code   448  stm32f4xx_hal_gpio.o(i.HAL_GPIO_Init)
    HAL_GPIO_WritePin                        0x08000c65   Thumb Code    10  stm32f4xx_hal_gpio.o(i.HAL_GPIO_WritePin)
    HAL_GetTick                              0x08000c71   Thumb Code     6  stm32f4xx_hal.o(i.HAL_GetTick)
    HAL_IncTick                              0x08000c7d   Thumb Code    12  stm32f4xx_hal.o(i.HAL_IncTick)
    HAL_Init                                 0x08000c8d   Thumb Code    48  stm32f4xx_hal.o(i.HAL_Init)
    HAL_InitTick                             0x08000cc1   Thumb Code   100  stm32f4xx_hal_timebase_tim.o(i.HAL_InitTick)
    HAL_MspInit                              0x08000d35   Thumb Code    52  stm32f4xx_hal_msp.o(i.HAL_MspInit)
    HAL_NVIC_EnableIRQ                       0x08000d6d   Thumb Code    26  stm32f4xx_hal_cortex.o(i.HAL_NVIC_EnableIRQ)
    HAL_NVIC_SetPriority                     0x08000d89   Thumb Code    60  stm32f4xx_hal_cortex.o(i.HAL_NVIC_SetPriority)
    HAL_NVIC_SetPriorityGrouping             0x08000dc9   Thumb Code    26  stm32f4xx_hal_cortex.o(i.HAL_NVIC_SetPriorityGrouping)
    HAL_RCC_ClockConfig                      0x08000ded   Thumb Code   288  stm32f4xx_hal_rcc.o(i.HAL_RCC_ClockConfig)
    HAL_RCC_GetClockConfig                   0x08000f21   Thumb Code    54  stm32f4xx_hal_rcc.o(i.HAL_RCC_GetClockConfig)
    HAL_RCC_GetPCLK1Freq                     0x08000f61   Thumb Code    20  stm32f4xx_hal_rcc.o(i.HAL_RCC_GetPCLK1Freq)
    HAL_RCC_GetPCLK2Freq                     0x08000f81   Thumb Code    20  stm32f4xx_hal_rcc.o(i.HAL_RCC_GetPCLK2Freq)
    HAL_RCC_GetSysClockFreq                  0x08000fa1   Thumb Code    88  stm32f4xx_hal_rcc.o(i.HAL_RCC_GetSysClockFreq)
    HAL_RCC_OscConfig                        0x08001001   Thumb Code   856  stm32f4xx_hal_rcc.o(i.HAL_RCC_OscConfig)
    HAL_SD_AbortCallback                     0x0800136d   Thumb Code     2  stm32f4xx_hal_sd.o(i.HAL_SD_AbortCallback)
    HAL_SD_ConfigWideBusOperation            0x08001371   Thumb Code   276  stm32f4xx_hal_sd.o(i.HAL_SD_ConfigWideBusOperation)
    HAL_SD_ErrorCallback                     0x08001489   Thumb Code     2  stm32f4xx_hal_sd.o(i.HAL_SD_ErrorCallback)
    HAL_SD_GetCardCSD                        0x0800148d   Thumb Code   402  stm32f4xx_hal_sd.o(i.HAL_SD_GetCardCSD)
    HAL_SD_GetCardInfo                       0x08001625   Thumb Code    36  stm32f4xx_hal_sd.o(i.HAL_SD_GetCardInfo)
    HAL_SD_GetCardState                      0x08001649   Thumb Code    44  stm32f4xx_hal_sd.o(i.HAL_SD_GetCardState)
    HAL_SD_IRQHandler                        0x08001675   Thumb Code   512  stm32f4xx_hal_sd.o(i.HAL_SD_IRQHandler)
    HAL_SD_Init                              0x0800187d   Thumb Code    54  stm32f4xx_hal_sd.o(i.HAL_SD_Init)
    HAL_SD_InitCard                          0x080018b5   Thumb Code   108  stm32f4xx_hal_sd.o(i.HAL_SD_InitCard)
    HAL_SD_MspInit                           0x08001929   Thumb Code   286  sdio.o(i.HAL_SD_MspInit)
    HAL_SD_RxCpltCallback                    0x08001a61   Thumb Code     2  stm32f4xx_hal_sd.o(i.HAL_SD_RxCpltCallback)
    HAL_SD_TxCpltCallback                    0x08001a63   Thumb Code     2  stm32f4xx_hal_sd.o(i.HAL_SD_TxCpltCallback)
    HAL_SPI_Init                             0x08001a65   Thumb Code   188  stm32f4xx_hal_spi.o(i.HAL_SPI_Init)
    HAL_SPI_MspInit                          0x08001b21   Thumb Code    92  spi.o(i.HAL_SPI_MspInit)
    HAL_SPI_TransmitReceive                  0x08001b89   Thumb Code   482  stm32f4xx_hal_spi.o(i.HAL_SPI_TransmitReceive)
    HAL_SRAM_Init                            0x08001d6b   Thumb Code    86  stm32f4xx_hal_sram.o(i.HAL_SRAM_Init)
    HAL_SRAM_MspInit                         0x08001dc1   Thumb Code     4  fsmc.o(i.HAL_SRAM_MspInit)
    HAL_TIMEx_BreakCallback                  0x08001dc5   Thumb Code     2  stm32f4xx_hal_tim_ex.o(i.HAL_TIMEx_BreakCallback)
    HAL_TIMEx_CommutCallback                 0x08001dc7   Thumb Code     2  stm32f4xx_hal_tim_ex.o(i.HAL_TIMEx_CommutCallback)
    HAL_TIM_Base_Init                        0x08001dc9   Thumb Code    90  stm32f4xx_hal_tim.o(i.HAL_TIM_Base_Init)
    HAL_TIM_Base_MspInit                     0x08001e23   Thumb Code     2  stm32f4xx_hal_tim.o(i.HAL_TIM_Base_MspInit)
    HAL_TIM_Base_Start_IT                    0x08001e25   Thumb Code   100  stm32f4xx_hal_tim.o(i.HAL_TIM_Base_Start_IT)
    HAL_TIM_IC_CaptureCallback               0x08001ea5   Thumb Code     2  stm32f4xx_hal_tim.o(i.HAL_TIM_IC_CaptureCallback)
    HAL_TIM_IRQHandler                       0x08001ea7   Thumb Code   358  stm32f4xx_hal_tim.o(i.HAL_TIM_IRQHandler)
    HAL_TIM_OC_DelayElapsedCallback          0x0800200d   Thumb Code     2  stm32f4xx_hal_tim.o(i.HAL_TIM_OC_DelayElapsedCallback)
    HAL_TIM_PWM_PulseFinishedCallback        0x0800200f   Thumb Code     2  stm32f4xx_hal_tim.o(i.HAL_TIM_PWM_PulseFinishedCallback)
    HAL_TIM_PeriodElapsedCallback            0x08002011   Thumb Code    14  main.o(i.HAL_TIM_PeriodElapsedCallback)
    HAL_TIM_TriggerCallback                  0x08002025   Thumb Code     2  stm32f4xx_hal_tim.o(i.HAL_TIM_TriggerCallback)
    HAL_UART_Init                            0x08002027   Thumb Code    98  stm32f4xx_hal_uart.o(i.HAL_UART_Init)
    HAL_UART_MspInit                         0x08002089   Thumb Code    94  usart.o(i.HAL_UART_MspInit)
    HardFault_Handler                        0x080020f5   Thumb Code     2  stm32f4xx_it.o(i.HardFault_Handler)
    MX_DMA_Init                              0x080020f9   Thumb Code    56  dma.o(i.MX_DMA_Init)
    MX_FATFS_Init                            0x08002135   Thumb Code    18  fatfs.o(i.MX_FATFS_Init)
    MX_FREERTOS_Init                         0x08002151   Thumb Code    30  freertos.o(i.MX_FREERTOS_Init)
    MX_FSMC_Init                             0x08002179   Thumb Code   214  fsmc.o(i.MX_FSMC_Init)
    MX_GPIO_Init                             0x08002259   Thumb Code   200  gpio.o(i.MX_GPIO_Init)
    MX_SDIO_SD_Init                          0x08002329   Thumb Code    56  sdio.o(i.MX_SDIO_SD_Init)
    MX_SPI1_Init                             0x08002369   Thumb Code    64  spi.o(i.MX_SPI1_Init)
    MX_USART1_UART_Init                      0x080023b1   Thumb Code    48  usart.o(i.MX_USART1_UART_Init)
    MemManage_Handler                        0x080023e9   Thumb Code     2  stm32f4xx_it.o(i.MemManage_Handler)
    NMI_Handler                              0x080023eb   Thumb Code     2  stm32f4xx_it.o(i.NMI_Handler)
    SDIO_ConfigData                          0x080023ed   Thumb Code    36  stm32f4xx_ll_sdmmc.o(i.SDIO_ConfigData)
    SDIO_GetPowerState                       0x08002411   Thumb Code     8  stm32f4xx_ll_sdmmc.o(i.SDIO_GetPowerState)
    SDIO_GetResponse                         0x08002419   Thumb Code     6  stm32f4xx_ll_sdmmc.o(i.SDIO_GetResponse)
    SDIO_IRQHandler                          0x08002421   Thumb Code     6  stm32f4xx_it.o(i.SDIO_IRQHandler)
    SDIO_Init                                0x0800242d   Thumb Code    36  stm32f4xx_ll_sdmmc.o(i.SDIO_Init)
    SDIO_PowerState_ON                       0x08002451   Thumb Code    16  stm32f4xx_ll_sdmmc.o(i.SDIO_PowerState_ON)
    SDIO_ReadFIFO                            0x08002461   Thumb Code     6  stm32f4xx_ll_sdmmc.o(i.SDIO_ReadFIFO)
    SDIO_SendCommand                         0x08002467   Thumb Code    32  stm32f4xx_ll_sdmmc.o(i.SDIO_SendCommand)
    SDIO_WriteFIFO                           0x08002487   Thumb Code    10  stm32f4xx_ll_sdmmc.o(i.SDIO_WriteFIFO)
    SDMMC_CmdAppCommand                      0x08002491   Thumb Code    50  stm32f4xx_ll_sdmmc.o(i.SDMMC_CmdAppCommand)
    SDMMC_CmdAppOperCommand                  0x080024c5   Thumb Code    48  stm32f4xx_ll_sdmmc.o(i.SDMMC_CmdAppOperCommand)
    SDMMC_CmdBlockLength                     0x080024f9   Thumb Code    50  stm32f4xx_ll_sdmmc.o(i.SDMMC_CmdBlockLength)
    SDMMC_CmdBusWidth                        0x0800252b   Thumb Code    50  stm32f4xx_ll_sdmmc.o(i.SDMMC_CmdBusWidth)
    SDMMC_CmdGoIdleState                     0x0800255d   Thumb Code    74  stm32f4xx_ll_sdmmc.o(i.SDMMC_CmdGoIdleState)
    SDMMC_CmdOperCond                        0x080025ad   Thumb Code   112  stm32f4xx_ll_sdmmc.o(i.SDMMC_CmdOperCond)
    SDMMC_CmdSelDesel                        0x08002621   Thumb Code    50  stm32f4xx_ll_sdmmc.o(i.SDMMC_CmdSelDesel)
    SDMMC_CmdSendCID                         0x08002653   Thumb Code    44  stm32f4xx_ll_sdmmc.o(i.SDMMC_CmdSendCID)
    SDMMC_CmdSendCSD                         0x0800267f   Thumb Code    44  stm32f4xx_ll_sdmmc.o(i.SDMMC_CmdSendCSD)
    SDMMC_CmdSendSCR                         0x080026ab   Thumb Code    48  stm32f4xx_ll_sdmmc.o(i.SDMMC_CmdSendSCR)
    SDMMC_CmdSendStatus                      0x080026db   Thumb Code    50  stm32f4xx_ll_sdmmc.o(i.SDMMC_CmdSendStatus)
    SDMMC_CmdSetRelAdd                       0x0800270d   Thumb Code    48  stm32f4xx_ll_sdmmc.o(i.SDMMC_CmdSetRelAdd)
    SDMMC_CmdStopTransfer                    0x0800273d   Thumb Code    46  stm32f4xx_ll_sdmmc.o(i.SDMMC_CmdStopTransfer)
    StartDefaultTask                         0x08002dc1   Thumb Code   224  freertos.o(i.StartDefaultTask)
    SysTick_Handler                          0x08002f4d   Thumb Code    38  port.o(i.SysTick_Handler)
    SystemClock_Config                       0x08002f79   Thumb Code   126  main.o(i.SystemClock_Config)
    SystemInit                               0x08003001   Thumb Code    12  system_stm32f4xx.o(i.SystemInit)
    TIM1_UP_TIM10_IRQHandler                 0x08003011   Thumb Code     6  stm32f4xx_it.o(i.TIM1_UP_TIM10_IRQHandler)
    TIM_Base_SetConfig                       0x0800301d   Thumb Code   156  stm32f4xx_hal_tim.o(i.TIM_Base_SetConfig)
    USER_initialize                          0x080031f1   Thumb Code    26  user_diskio.o(i.USER_initialize)
    USER_ioctl                               0x0800320b   Thumb Code    40  user_diskio.o(i.USER_ioctl)
    USER_read                                0x08003233   Thumb Code    44  user_diskio.o(i.USER_read)
    USER_status                              0x0800325f   Thumb Code     4  user_diskio.o(i.USER_status)
    USER_write                               0x08003263   Thumb Code    44  user_diskio.o(i.USER_write)
    UsageFault_Handler                       0x0800328f   Thumb Code     2  stm32f4xx_it.o(i.UsageFault_Handler)
    __0printf$8                              0x08003291   Thumb Code    22  printf8.o(i.__0printf$8)
    __1printf$8                              0x08003291   Thumb Code     0  printf8.o(i.__0printf$8)
    __2printf                                0x08003291   Thumb Code     0  printf8.o(i.__0printf$8)
    __0sprintf$8                             0x080032b1   Thumb Code    34  printf8.o(i.__0sprintf$8)
    __1sprintf$8                             0x080032b1   Thumb Code     0  printf8.o(i.__0sprintf$8)
    __2sprintf                               0x080032b1   Thumb Code     0  printf8.o(i.__0sprintf$8)
    __scatterload_copy                       0x080032f9   Thumb Code    14  handlers.o(i.__scatterload_copy)
    __scatterload_null                       0x08003307   Thumb Code     2  handlers.o(i.__scatterload_null)
    __scatterload_zeroinit                   0x08003309   Thumb Code    14  handlers.o(i.__scatterload_zeroinit)
    delay_init                               0x08003785   Thumb Code     6  delay.o(i.delay_init)
    delay_ms                                 0x08003791   Thumb Code    10  delay.o(i.delay_ms)
    delay_us                                 0x0800379d   Thumb Code    48  delay.o(i.delay_us)
    fputc                                    0x080037d1   Thumb Code    12  usart.o(i.fputc)
    lcd_clear                                0x080037e1   Thumb Code    44  lcd.o(i.lcd_clear)
    lcd_display_dir                          0x08003811   Thumb Code   230  lcd.o(i.lcd_display_dir)
    lcd_draw_point                           0x080038fd   Thumb Code    22  lcd.o(i.lcd_draw_point)
    lcd_ex_ili9341_reginit                   0x08003913   Thumb Code   558  lcd.o(i.lcd_ex_ili9341_reginit)
    lcd_ex_ili9806_reginit                   0x08003b41   Thumb Code   834  lcd.o(i.lcd_ex_ili9806_reginit)
    lcd_ex_nt35310_reginit                   0x08003e83   Thumb Code  3828  lcd.o(i.lcd_ex_nt35310_reginit)
    lcd_ex_nt35510_reginit                   0x08004d77   Thumb Code  3834  lcd.o(i.lcd_ex_nt35510_reginit)
    lcd_ex_ssd1963_reginit                   0x08005c71   Thumb Code   368  lcd.o(i.lcd_ex_ssd1963_reginit)
    lcd_ex_st7789_reginit                    0x08005de1   Thumb Code   426  lcd.o(i.lcd_ex_st7789_reginit)
    lcd_ex_st7796_reginit                    0x08005f8b   Thumb Code   456  lcd.o(i.lcd_ex_st7796_reginit)
    lcd_init                                 0x08006155   Thumb Code   668  lcd.o(i.lcd_init)
    lcd_scan_dir                             0x08006421   Thumb Code   384  lcd.o(i.lcd_scan_dir)
    lcd_set_cursor                           0x080065a5   Thumb Code   238  lcd.o(i.lcd_set_cursor)
    lcd_show_char                            0x08006699   Thumb Code   196  lcd.o(i.lcd_show_char)
    lcd_show_string                          0x08006775   Thumb Code    86  lcd.o(i.lcd_show_string)
    lcd_ssd_backlight_set                    0x080067cd   Thumb Code    72  lcd.o(i.lcd_ssd_backlight_set)
    lcd_wr_data                              0x0800681d   Thumb Code    24  lcd.o(i.lcd_wr_data)
    lcd_wr_regno                             0x08006835   Thumb Code    24  lcd.o(i.lcd_wr_regno)
    lcd_write_ram_prepare                    0x0800684d   Thumb Code    14  lcd.o(i.lcd_write_ram_prepare)
    lcd_write_reg                            0x08006861   Thumb Code    12  lcd.o(i.lcd_write_reg)
    main                                     0x0800686d   Thumb Code   116  main.o(i.main)
    my_mem_init                              0x08006915   Thumb Code    36  mymalloc.o(i.my_mem_init)
    my_mem_occupy                            0x08006941   Thumb Code    38  mymalloc.o(i.my_mem_occupy)
    my_mem_perused                           0x08006971   Thumb Code    50  mymalloc.o(i.my_mem_perused)
    my_mem_set                               0x080069ad   Thumb Code    14  mymalloc.o(i.my_mem_set)
    norflash_erase_sector                    0x080069bd   Thumb Code    58  norflash.o(i.norflash_erase_sector)
    norflash_init                            0x080069fd   Thumb Code    96  norflash.o(i.norflash_init)
    norflash_read                            0x08006a65   Thumb Code    74  norflash.o(i.norflash_read)
    norflash_read_id                         0x08006ab5   Thumb Code    72  norflash.o(i.norflash_read_id)
    norflash_read_sr                         0x08006b01   Thumb Code    68  norflash.o(i.norflash_read_sr)
    norflash_write                           0x08006b8d   Thumb Code   152  norflash.o(i.norflash_write)
    norflash_write_enable                    0x08006c29   Thumb Code    38  norflash.o(i.norflash_write_enable)
    norflash_write_sr                        0x08006cd5   Thumb Code    70  norflash.o(i.norflash_write_sr)
    osDelay                                  0x08006d21   Thumb Code    14  cmsis_os.o(i.osDelay)
    osKernelStart                            0x08006d2f   Thumb Code    10  cmsis_os.o(i.osKernelStart)
    osThreadCreate                           0x08006d39   Thumb Code    46  cmsis_os.o(i.osThreadCreate)
    pvPortMalloc                             0x08007049   Thumb Code   170  heap_5.o(i.pvPortMalloc)
    pxPortInitialiseStack                    0x080070f9   Thumb Code    40  port.o(i.pxPortInitialiseStack)
    sd_init                                  0x08007125   Thumb Code    58  sdio_sdcard.o(i.sd_init)
    spi1_read_write_byte                     0x080071a5   Thumb Code    28  spi.o(i.spi1_read_write_byte)
    spi1_set_speed                           0x080071c5   Thumb Code    48  spi.o(i.spi1_set_speed)
    sram_init                                0x080071f9   Thumb Code   326  sram.o(i.sram_init)
    uxListRemove                             0x0800735d   Thumb Code    38  list.o(i.uxListRemove)
    vListInitialise                          0x08007383   Thumb Code    22  list.o(i.vListInitialise)
    vListInitialiseItem                      0x08007399   Thumb Code     6  list.o(i.vListInitialiseItem)
    vListInsert                              0x0800739f   Thumb Code    48  list.o(i.vListInsert)
    vListInsertEnd                           0x080073cf   Thumb Code    24  list.o(i.vListInsertEnd)
    vPortDefineHeapRegions                   0x080073e9   Thumb Code   178  heap_5.o(i.vPortDefineHeapRegions)
    vPortEnterCritical                       0x080074a1   Thumb Code    54  port.o(i.vPortEnterCritical)
    vPortExitCritical                        0x080074e1   Thumb Code    34  port.o(i.vPortExitCritical)
    vPortFree                                0x08007509   Thumb Code    94  heap_5.o(i.vPortFree)
    vPortSetupTimerInterrupt                 0x0800756d   Thumb Code    32  port.o(i.vPortSetupTimerInterrupt)
    vTaskDelay                               0x08007591   Thumb Code    66  tasks.o(i.vTaskDelay)
    vTaskStartScheduler                      0x080075dd   Thumb Code    86  tasks.o(i.vTaskStartScheduler)
    vTaskSuspendAll                          0x08007645   Thumb Code    10  tasks.o(i.vTaskSuspendAll)
    vTaskSwitchContext                       0x08007655   Thumb Code    82  tasks.o(i.vTaskSwitchContext)
    xPortStartScheduler                      0x080076b1   Thumb Code   222  port.o(i.xPortStartScheduler)
    xTaskCreate                              0x080077a5   Thumb Code    86  tasks.o(i.xTaskCreate)
    xTaskIncrementTick                       0x080077fd   Thumb Code   194  tasks.o(i.xTaskIncrementTick)
    xTaskResumeAll                           0x080078c9   Thumb Code   182  tasks.o(i.xTaskResumeAll)
    asc2_1206                                0x0800798c   Data        1140  lcd.o(.constdata)
    asc2_1608                                0x08007e00   Data        1520  lcd.o(.constdata)
    asc2_2412                                0x080083f0   Data        3420  lcd.o(.constdata)
    asc2_3216                                0x0800914c   Data        6080  lcd.o(.constdata)
    memtblsize                               0x0800a90c   Data          12  mymalloc.o(.constdata)
    memblksize                               0x0800a918   Data          12  mymalloc.o(.constdata)
    memsize                                  0x0800a924   Data          12  mymalloc.o(.constdata)
    g_text_buf                               0x0800a930   Data          16  freertos.o(.constdata)
    AHBPrescTable                            0x0800a95c   Data          16  system_stm32f4xx.o(.constdata)
    APBPrescTable                            0x0800a96c   Data           8  system_stm32f4xx.o(.constdata)
    Region$$Table$$Base                      0x0800a980   Number         0  anon$$obj.o(Region$$Table)
    Region$$Table$$Limit                     0x0800a9a0   Number         0  anon$$obj.o(Region$$Table)
    g_back_color                             0x20000004   Data           4  lcd.o(.data)
    mallco_dev                               0x20000008   Data          36  mymalloc.o(.data)
    g_norflash_type                          0x2000002c   Data           2  norflash.o(.data)
    colors                                   0x2000002e   Data          24  main.o(.data)
    color_index                              0x20000046   Data           1  main.o(.data)
    memused                                  0x20000048   Data           2  main.o(.data)
    xHeapRegions                             0x2000004c   Data          16  main.o(.data)
    USER_Driver                              0x2000005c   Data          20  user_diskio.o(.data)
    retUSER                                  0x20000070   Data           1  fatfs.o(.data)
    USERPath                                 0x20000071   Data           4  fatfs.o(.data)
    recv                                     0x20000078   Data           4  freertos.o(.data)
    defaultTaskHandle                        0x2000007c   Data           4  freertos.o(.data)
    uwTickFreq                               0x20000088   Data           1  stm32f4xx_hal.o(.data)
    uwTickPrio                               0x2000008c   Data           4  stm32f4xx_hal.o(.data)
    uwTick                                   0x20000090   Data           4  stm32f4xx_hal.o(.data)
    SystemCoreClock                          0x20000094   Data           4  system_stm32f4xx.o(.data)
    pxCurrentTCB                             0x20000098   Data           4  tasks.o(.data)
    __stdout                                 0x20000100   Data           4  stdout.o(.data)
    lcddev                                   0x20000104   Data          14  lcd.o(.bss)
    g_norflash_buf                           0x2001aa40   Data        4096  norflash.o(.bss)
    paddr                                    0x2001ba40   Data          20  main.o(.bss)
    lcd_id                                   0x2001ba54   Data          12  main.o(.bss)
    datatemp                                 0x2001ba60   Data          16  freertos.o(.bss)
    g_sd_card_info_handle                    0x2001ba70   Data          32  freertos.o(.bss)
    hsram1                                   0x2001ba90   Data          80  fsmc.o(.bss)
    hsram2                                   0x2001bae0   Data          80  fsmc.o(.bss)
    hsd                                      0x2001bb30   Data         132  sdio.o(.bss)
    hdma_sdio_rx                             0x2001bbb4   Data          96  sdio.o(.bss)
    hdma_sdio_tx                             0x2001bc14   Data          96  sdio.o(.bss)
    hspi1                                    0x2001bc74   Data          88  spi.o(.bss)
    huart1                                   0x2001bccc   Data          68  usart.o(.bss)
    htim1                                    0x2001bd10   Data          72  stm32f4xx_hal_timebase_tim.o(.bss)
    disk                                     0x2001be48   Data          16  ff_gen_drv.o(.bss)
    __initial_sp                             0x2001c258   Data           0  startup_stm32f407xx.o(STACK)



==============================================================================

Memory Map of the image

  Image Entry point : 0x08000189

  Load Region LR_IROM1 (Base: 0x08000000, Size: 0x0000aaa4, Max: 0x00100000, ABSOLUTE)

    Execution Region ER_IROM1 (Base: 0x08000000, Size: 0x0000a9a0, Max: 0x00100000, ABSOLUTE)

    Base Addr    Size         Type   Attr      Idx    E Section Name        Object

    0x08000000   0x00000188   Data   RO            3    RESET               startup_stm32f407xx.o
    0x08000188   0x00000000   Code   RO         6884  * .ARM.Collect$$$$00000000  mc_w.l(entry.o)
    0x08000188   0x00000004   Code   RO         7192    .ARM.Collect$$$$00000001  mc_w.l(entry2.o)
    0x0800018c   0x00000004   Code   RO         7195    .ARM.Collect$$$$00000004  mc_w.l(entry5.o)
    0x08000190   0x00000000   Code   RO         7197    .ARM.Collect$$$$00000008  mc_w.l(entry7b.o)
    0x08000190   0x00000000   Code   RO         7199    .ARM.Collect$$$$0000000A  mc_w.l(entry8b.o)
    0x08000190   0x00000008   Code   RO         7200    .ARM.Collect$$$$0000000B  mc_w.l(entry9a.o)
    0x08000198   0x00000000   Code   RO         7202    .ARM.Collect$$$$0000000D  mc_w.l(entry10a.o)
    0x08000198   0x00000000   Code   RO         7204    .ARM.Collect$$$$0000000F  mc_w.l(entry11a.o)
    0x08000198   0x00000004   Code   RO         7193    .ARM.Collect$$$$00002712  mc_w.l(entry2.o)
    0x0800019c   0x000000be   Code   RO         6151    .emb_text           port.o
    0x0800025a   0x00000002   PAD
    0x0800025c   0x00000024   Code   RO            4    .text               startup_stm32f407xx.o
    0x08000280   0x00000062   Code   RO         6887    .text               mc_w.l(uldiv.o)
    0x080002e2   0x00000024   Code   RO         6889    .text               mc_w.l(memcpya.o)
    0x08000306   0x00000024   Code   RO         6893    .text               mc_w.l(memseta.o)
    0x0800032a   0x000000e4   Code   RO         7186    .text               mf_w.l(dmul.o)
    0x0800040e   0x0000001a   Code   RO         7188    .text               mf_w.l(dfltui.o)
    0x08000428   0x00000032   Code   RO         7190    .text               mf_w.l(dfixui.o)
    0x0800045a   0x0000001e   Code   RO         7209    .text               mc_w.l(llshl.o)
    0x08000478   0x00000020   Code   RO         7211    .text               mc_w.l(llushr.o)
    0x08000498   0x00000000   Code   RO         7215    .text               mc_w.l(iusefp.o)
    0x08000498   0x000000ba   Code   RO         7216    .text               mf_w.l(depilogue.o)
    0x08000552   0x00000002   PAD
    0x08000554   0x00000024   Code   RO         7226    .text               mc_w.l(init.o)
    0x08000578   0x00000002   Code   RO         1235    i.BusFault_Handler  stm32f4xx_it.o
    0x0800057a   0x00000002   PAD
    0x0800057c   0x0000000c   Code   RO         1236    i.DMA2_Stream3_IRQHandler  stm32f4xx_it.o
    0x08000588   0x0000000c   Code   RO         1237    i.DMA2_Stream6_IRQHandler  stm32f4xx_it.o
    0x08000594   0x00000028   Code   RO         4284    i.DMA_CalcBaseAndBitshift  stm32f4xx_hal_dma.o
    0x080005bc   0x00000054   Code   RO         4285    i.DMA_CheckFifoParam  stm32f4xx_hal_dma.o
    0x08000610   0x00000002   Code   RO         1238    i.DebugMon_Handler  stm32f4xx_it.o
    0x08000612   0x00000002   Code   RO          687    i.Error_Handler     main.o
    0x08000614   0x00000006   Code   RO         6745    i.FATFS_LinkDriver  ff_gen_drv.o
    0x0800061a   0x00000002   PAD
    0x0800061c   0x00000040   Code   RO         6746    i.FATFS_LinkDriverEx  ff_gen_drv.o
    0x0800065c   0x00000040   Code   RO         1440    i.FSMC_NORSRAM_Extended_Timing_Init  stm32f4xx_ll_fsmc.o
    0x0800069c   0x00000054   Code   RO         1441    i.FSMC_NORSRAM_Init  stm32f4xx_ll_fsmc.o
    0x080006f0   0x00000044   Code   RO         1442    i.FSMC_NORSRAM_Timing_Init  stm32f4xx_ll_fsmc.o
    0x08000734   0x00000024   Code   RO         4288    i.HAL_DMA_Abort_IT  stm32f4xx_hal_dma.o
    0x08000758   0x000001a0   Code   RO         4292    i.HAL_DMA_IRQHandler  stm32f4xx_hal_dma.o
    0x080008f8   0x000000d4   Code   RO         4293    i.HAL_DMA_Init      stm32f4xx_hal_dma.o
    0x080009cc   0x00000006   Code   RO           13    i.HAL_Delay         delay.o
    0x080009d2   0x00000002   PAD
    0x080009d4   0x000000a4   Code   RO         1043    i.HAL_FSMC_MspInit  fsmc.o
    0x08000a78   0x000001ec   Code   RO         4180    i.HAL_GPIO_Init     stm32f4xx_hal_gpio.o
    0x08000c64   0x0000000a   Code   RO         4184    i.HAL_GPIO_WritePin  stm32f4xx_hal_gpio.o
    0x08000c6e   0x00000002   PAD
    0x08000c70   0x0000000c   Code   RO         4712    i.HAL_GetTick       stm32f4xx_hal.o
    0x08000c7c   0x00000010   Code   RO         4718    i.HAL_IncTick       stm32f4xx_hal.o
    0x08000c8c   0x00000034   Code   RO         4719    i.HAL_Init          stm32f4xx_hal.o
    0x08000cc0   0x00000074   Code   RO         1341    i.HAL_InitTick      stm32f4xx_hal_timebase_tim.o
    0x08000d34   0x00000038   Code   RO         1317    i.HAL_MspInit       stm32f4xx_hal_msp.o
    0x08000d6c   0x0000001a   Code   RO         4569    i.HAL_NVIC_EnableIRQ  stm32f4xx_hal_cortex.o
    0x08000d86   0x00000002   PAD
    0x08000d88   0x00000040   Code   RO         4575    i.HAL_NVIC_SetPriority  stm32f4xx_hal_cortex.o
    0x08000dc8   0x00000024   Code   RO         4576    i.HAL_NVIC_SetPriorityGrouping  stm32f4xx_hal_cortex.o
    0x08000dec   0x00000134   Code   RO         3826    i.HAL_RCC_ClockConfig  stm32f4xx_hal_rcc.o
    0x08000f20   0x00000040   Code   RO         3830    i.HAL_RCC_GetClockConfig  stm32f4xx_hal_rcc.o
    0x08000f60   0x00000020   Code   RO         3833    i.HAL_RCC_GetPCLK1Freq  stm32f4xx_hal_rcc.o
    0x08000f80   0x00000020   Code   RO         3834    i.HAL_RCC_GetPCLK2Freq  stm32f4xx_hal_rcc.o
    0x08000fa0   0x00000060   Code   RO         3835    i.HAL_RCC_GetSysClockFreq  stm32f4xx_hal_rcc.o
    0x08001000   0x0000036c   Code   RO         3838    i.HAL_RCC_OscConfig  stm32f4xx_hal_rcc.o
    0x0800136c   0x00000002   Code   RO         1949    i.HAL_SD_AbortCallback  stm32f4xx_hal_sd.o
    0x0800136e   0x00000002   PAD
    0x08001370   0x00000118   Code   RO         1951    i.HAL_SD_ConfigWideBusOperation  stm32f4xx_hal_sd.o
    0x08001488   0x00000002   Code   RO         1954    i.HAL_SD_ErrorCallback  stm32f4xx_hal_sd.o
    0x0800148a   0x00000002   PAD
    0x0800148c   0x00000198   Code   RO         1956    i.HAL_SD_GetCardCSD  stm32f4xx_hal_sd.o
    0x08001624   0x00000024   Code   RO         1957    i.HAL_SD_GetCardInfo  stm32f4xx_hal_sd.o
    0x08001648   0x0000002c   Code   RO         1958    i.HAL_SD_GetCardState  stm32f4xx_hal_sd.o
    0x08001674   0x00000208   Code   RO         1962    i.HAL_SD_IRQHandler  stm32f4xx_hal_sd.o
    0x0800187c   0x00000036   Code   RO         1963    i.HAL_SD_Init       stm32f4xx_hal_sd.o
    0x080018b2   0x00000002   PAD
    0x080018b4   0x00000074   Code   RO         1964    i.HAL_SD_InitCard   stm32f4xx_hal_sd.o
    0x08001928   0x00000138   Code   RO         1092    i.HAL_SD_MspInit    sdio.o
    0x08001a60   0x00000002   Code   RO         1970    i.HAL_SD_RxCpltCallback  stm32f4xx_hal_sd.o
    0x08001a62   0x00000002   Code   RO         1971    i.HAL_SD_TxCpltCallback  stm32f4xx_hal_sd.o
    0x08001a64   0x000000bc   Code   RO         2184    i.HAL_SPI_Init      stm32f4xx_hal_spi.o
    0x08001b20   0x00000068   Code   RO         1134    i.HAL_SPI_MspInit   spi.o
    0x08001b88   0x000001e2   Code   RO         2193    i.HAL_SPI_TransmitReceive  stm32f4xx_hal_spi.o
    0x08001d6a   0x00000056   Code   RO         1562    i.HAL_SRAM_Init     stm32f4xx_hal_sram.o
    0x08001dc0   0x00000004   Code   RO         1045    i.HAL_SRAM_MspInit  fsmc.o
    0x08001dc4   0x00000002   Code   RO         3201    i.HAL_TIMEx_BreakCallback  stm32f4xx_hal_tim_ex.o
    0x08001dc6   0x00000002   Code   RO         3202    i.HAL_TIMEx_CommutCallback  stm32f4xx_hal_tim_ex.o
    0x08001dc8   0x0000005a   Code   RO         2497    i.HAL_TIM_Base_Init  stm32f4xx_hal_tim.o
    0x08001e22   0x00000002   Code   RO         2499    i.HAL_TIM_Base_MspInit  stm32f4xx_hal_tim.o
    0x08001e24   0x00000080   Code   RO         2502    i.HAL_TIM_Base_Start_IT  stm32f4xx_hal_tim.o
    0x08001ea4   0x00000002   Code   RO         2531    i.HAL_TIM_IC_CaptureCallback  stm32f4xx_hal_tim.o
    0x08001ea6   0x00000166   Code   RO         2545    i.HAL_TIM_IRQHandler  stm32f4xx_hal_tim.o
    0x0800200c   0x00000002   Code   RO         2548    i.HAL_TIM_OC_DelayElapsedCallback  stm32f4xx_hal_tim.o
    0x0800200e   0x00000002   Code   RO         2575    i.HAL_TIM_PWM_PulseFinishedCallback  stm32f4xx_hal_tim.o
    0x08002010   0x00000014   Code   RO          688    i.HAL_TIM_PeriodElapsedCallback  main.o
    0x08002024   0x00000002   Code   RO         2588    i.HAL_TIM_TriggerCallback  stm32f4xx_hal_tim.o
    0x08002026   0x00000062   Code   RO         3497    i.HAL_UART_Init     stm32f4xx_hal_uart.o
    0x08002088   0x0000006c   Code   RO         1188    i.HAL_UART_MspInit  usart.o
    0x080020f4   0x00000002   Code   RO         1239    i.HardFault_Handler  stm32f4xx_it.o
    0x080020f6   0x00000002   PAD
    0x080020f8   0x0000003c   Code   RO          846    i.MX_DMA_Init       dma.o
    0x08002134   0x0000001c   Code   RO          946    i.MX_FATFS_Init     fatfs.o
    0x08002150   0x00000028   Code   RO          984    i.MX_FREERTOS_Init  freertos.o
    0x08002178   0x000000e0   Code   RO         1046    i.MX_FSMC_Init      fsmc.o
    0x08002258   0x000000d0   Code   RO          822    i.MX_GPIO_Init      gpio.o
    0x08002328   0x00000040   Code   RO         1093    i.MX_SDIO_SD_Init   sdio.o
    0x08002368   0x00000048   Code   RO         1135    i.MX_SPI1_Init      spi.o
    0x080023b0   0x00000038   Code   RO         1189    i.MX_USART1_UART_Init  usart.o
    0x080023e8   0x00000002   Code   RO         1240    i.MemManage_Handler  stm32f4xx_it.o
    0x080023ea   0x00000002   Code   RO         1241    i.NMI_Handler       stm32f4xx_it.o
    0x080023ec   0x00000024   Code   RO         1678    i.SDIO_ConfigData   stm32f4xx_ll_sdmmc.o
    0x08002410   0x00000008   Code   RO         1682    i.SDIO_GetPowerState  stm32f4xx_ll_sdmmc.o
    0x08002418   0x00000006   Code   RO         1683    i.SDIO_GetResponse  stm32f4xx_ll_sdmmc.o
    0x0800241e   0x00000002   PAD
    0x08002420   0x0000000c   Code   RO         1242    i.SDIO_IRQHandler   stm32f4xx_it.o
    0x0800242c   0x00000024   Code   RO         1684    i.SDIO_Init         stm32f4xx_ll_sdmmc.o
    0x08002450   0x00000010   Code   RO         1686    i.SDIO_PowerState_ON  stm32f4xx_ll_sdmmc.o
    0x08002460   0x00000006   Code   RO         1687    i.SDIO_ReadFIFO     stm32f4xx_ll_sdmmc.o
    0x08002466   0x00000020   Code   RO         1688    i.SDIO_SendCommand  stm32f4xx_ll_sdmmc.o
    0x08002486   0x0000000a   Code   RO         1690    i.SDIO_WriteFIFO    stm32f4xx_ll_sdmmc.o
    0x08002490   0x00000032   Code   RO         1691    i.SDMMC_CmdAppCommand  stm32f4xx_ll_sdmmc.o
    0x080024c2   0x00000002   PAD
    0x080024c4   0x00000034   Code   RO         1692    i.SDMMC_CmdAppOperCommand  stm32f4xx_ll_sdmmc.o
    0x080024f8   0x00000032   Code   RO         1693    i.SDMMC_CmdBlockLength  stm32f4xx_ll_sdmmc.o
    0x0800252a   0x00000032   Code   RO         1694    i.SDMMC_CmdBusWidth  stm32f4xx_ll_sdmmc.o
    0x0800255c   0x00000050   Code   RO         1698    i.SDMMC_CmdGoIdleState  stm32f4xx_ll_sdmmc.o
    0x080025ac   0x00000074   Code   RO         1700    i.SDMMC_CmdOperCond  stm32f4xx_ll_sdmmc.o
    0x08002620   0x00000032   Code   RO         1705    i.SDMMC_CmdSelDesel  stm32f4xx_ll_sdmmc.o
    0x08002652   0x0000002c   Code   RO         1706    i.SDMMC_CmdSendCID  stm32f4xx_ll_sdmmc.o
    0x0800267e   0x0000002c   Code   RO         1707    i.SDMMC_CmdSendCSD  stm32f4xx_ll_sdmmc.o
    0x080026aa   0x00000030   Code   RO         1709    i.SDMMC_CmdSendSCR  stm32f4xx_ll_sdmmc.o
    0x080026da   0x00000032   Code   RO         1710    i.SDMMC_CmdSendStatus  stm32f4xx_ll_sdmmc.o
    0x0800270c   0x00000030   Code   RO         1711    i.SDMMC_CmdSetRelAdd  stm32f4xx_ll_sdmmc.o
    0x0800273c   0x00000034   Code   RO         1713    i.SDMMC_CmdStopTransfer  stm32f4xx_ll_sdmmc.o
    0x08002770   0x00000120   Code   RO         1717    i.SDMMC_GetCmdResp1  stm32f4xx_ll_sdmmc.o
    0x08002890   0x00000050   Code   RO         1718    i.SDMMC_GetCmdResp2  stm32f4xx_ll_sdmmc.o
    0x080028e0   0x00000044   Code   RO         1719    i.SDMMC_GetCmdResp3  stm32f4xx_ll_sdmmc.o
    0x08002924   0x00000088   Code   RO         1720    i.SDMMC_GetCmdResp6  stm32f4xx_ll_sdmmc.o
    0x080029ac   0x00000044   Code   RO         1977    i.SD_DMARxAbort     stm32f4xx_hal_sd.o
    0x080029f0   0x00000044   Code   RO         1979    i.SD_DMATxAbort     stm32f4xx_hal_sd.o
    0x08002a34   0x000000da   Code   RO         1980    i.SD_FindSCR        stm32f4xx_hal_sd.o
    0x08002b0e   0x000000ee   Code   RO         1981    i.SD_InitCard       stm32f4xx_hal_sd.o
    0x08002bfc   0x000000b4   Code   RO         1982    i.SD_PowerON        stm32f4xx_hal_sd.o
    0x08002cb0   0x00000058   Code   RO         2222    i.SPI_EndRxTxTransaction  stm32f4xx_hal_spi.o
    0x08002d08   0x000000b8   Code   RO         2227    i.SPI_WaitFlagStateUntilTimeout  stm32f4xx_hal_spi.o
    0x08002dc0   0x0000018c   Code   RO          985    i.StartDefaultTask  freertos.o
    0x08002f4c   0x0000002c   Code   RO         6152    i.SysTick_Handler   port.o
    0x08002f78   0x00000088   Code   RO          689    i.SystemClock_Config  main.o
    0x08003000   0x00000010   Code   RO         4958    i.SystemInit        system_stm32f4xx.o
    0x08003010   0x0000000c   Code   RO         1243    i.TIM1_UP_TIM10_IRQHandler  stm32f4xx_it.o
    0x0800301c   0x000000c8   Code   RO         2590    i.TIM_Base_SetConfig  stm32f4xx_hal_tim.o
    0x080030e4   0x0000010c   Code   RO         3523    i.UART_SetConfig    stm32f4xx_hal_uart.o
    0x080031f0   0x0000001a   Code   RO          870    i.USER_initialize   user_diskio.o
    0x0800320a   0x00000028   Code   RO          871    i.USER_ioctl        user_diskio.o
    0x08003232   0x0000002c   Code   RO          872    i.USER_read         user_diskio.o
    0x0800325e   0x00000004   Code   RO          873    i.USER_status       user_diskio.o
    0x08003262   0x0000002c   Code   RO          874    i.USER_write        user_diskio.o
    0x0800328e   0x00000002   Code   RO         1244    i.UsageFault_Handler  stm32f4xx_it.o
    0x08003290   0x00000020   Code   RO         7104    i.__0printf$8       mc_w.l(printf8.o)
    0x080032b0   0x00000028   Code   RO         7106    i.__0sprintf$8      mc_w.l(printf8.o)
    0x080032d8   0x00000020   Code   RO         4582    i.__NVIC_SetPriority  stm32f4xx_hal_cortex.o
    0x080032f8   0x0000000e   Code   RO         7232    i.__scatterload_copy  mc_w.l(handlers.o)
    0x08003306   0x00000002   Code   RO         7233    i.__scatterload_null  mc_w.l(handlers.o)
    0x08003308   0x0000000e   Code   RO         7234    i.__scatterload_zeroinit  mc_w.l(handlers.o)
    0x08003316   0x00000002   PAD
    0x08003318   0x00000410   Code   RO         7111    i._printf_core      mc_w.l(printf8.o)
    0x08003728   0x00000024   Code   RO         7112    i._printf_post_padding  mc_w.l(printf8.o)
    0x0800374c   0x0000002e   Code   RO         7113    i._printf_pre_padding  mc_w.l(printf8.o)
    0x0800377a   0x0000000a   Code   RO         7115    i._sputc            mc_w.l(printf8.o)
    0x08003784   0x0000000c   Code   RO           14    i.delay_init        delay.o
    0x08003790   0x0000000a   Code   RO           15    i.delay_ms          delay.o
    0x0800379a   0x00000002   PAD
    0x0800379c   0x00000034   Code   RO           16    i.delay_us          delay.o
    0x080037d0   0x00000010   Code   RO         1190    i.fputc             usart.o
    0x080037e0   0x00000030   Code   RO          169    i.lcd_clear         lcd.o
    0x08003810   0x000000ec   Code   RO          171    i.lcd_display_dir   lcd.o
    0x080038fc   0x00000016   Code   RO          177    i.lcd_draw_point    lcd.o
    0x08003912   0x0000022e   Code   RO          179    i.lcd_ex_ili9341_reginit  lcd.o
    0x08003b40   0x00000342   Code   RO          180    i.lcd_ex_ili9806_reginit  lcd.o
    0x08003e82   0x00000ef4   Code   RO          181    i.lcd_ex_nt35310_reginit  lcd.o
    0x08004d76   0x00000efa   Code   RO          182    i.lcd_ex_nt35510_reginit  lcd.o
    0x08005c70   0x00000170   Code   RO          183    i.lcd_ex_ssd1963_reginit  lcd.o
    0x08005de0   0x000001aa   Code   RO          184    i.lcd_ex_st7789_reginit  lcd.o
    0x08005f8a   0x000001c8   Code   RO          185    i.lcd_ex_st7796_reginit  lcd.o
    0x08006152   0x00000002   PAD
    0x08006154   0x000002b0   Code   RO          189    i.lcd_init          lcd.o
    0x08006404   0x0000001a   Code   RO          191    i.lcd_rd_data       lcd.o
    0x0800641e   0x00000002   PAD
    0x08006420   0x00000184   Code   RO          193    i.lcd_scan_dir      lcd.o
    0x080065a4   0x000000f4   Code   RO          195    i.lcd_set_cursor    lcd.o
    0x08006698   0x000000dc   Code   RO          197    i.lcd_show_char     lcd.o
    0x08006774   0x00000056   Code   RO          199    i.lcd_show_string   lcd.o
    0x080067ca   0x00000002   PAD
    0x080067cc   0x00000050   Code   RO          201    i.lcd_ssd_backlight_set  lcd.o
    0x0800681c   0x00000018   Code   RO          202    i.lcd_wr_data       lcd.o
    0x08006834   0x00000018   Code   RO          203    i.lcd_wr_regno      lcd.o
    0x0800684c   0x00000014   Code   RO          204    i.lcd_write_ram_prepare  lcd.o
    0x08006860   0x0000000c   Code   RO          205    i.lcd_write_reg     lcd.o
    0x0800686c   0x0000009c   Code   RO          691    i.main              main.o
    0x08006908   0x0000000c   Code   RO         5723    i.makeFreeRtosPriority  cmsis_os.o
    0x08006914   0x0000002c   Code   RO          439    i.my_mem_init       mymalloc.o
    0x08006940   0x00000030   Code   RO          441    i.my_mem_occupy     mymalloc.o
    0x08006970   0x0000003c   Code   RO          442    i.my_mem_perused    mymalloc.o
    0x080069ac   0x0000000e   Code   RO          443    i.my_mem_set        mymalloc.o
    0x080069ba   0x00000002   PAD
    0x080069bc   0x00000040   Code   RO          589    i.norflash_erase_sector  norflash.o
    0x080069fc   0x00000068   Code   RO          590    i.norflash_init     norflash.o
    0x08006a64   0x00000050   Code   RO          591    i.norflash_read     norflash.o
    0x08006ab4   0x0000004c   Code   RO          592    i.norflash_read_id  norflash.o
    0x08006b00   0x00000048   Code   RO          593    i.norflash_read_sr  norflash.o
    0x08006b48   0x00000034   Code   RO          594    i.norflash_send_address  norflash.o
    0x08006b7c   0x0000000e   Code   RO          595    i.norflash_wait_busy  norflash.o
    0x08006b8a   0x00000002   PAD
    0x08006b8c   0x0000009c   Code   RO          596    i.norflash_write    norflash.o
    0x08006c28   0x0000002c   Code   RO          597    i.norflash_write_enable  norflash.o
    0x08006c54   0x00000080   Code   RO          598    i.norflash_write_nocheck  norflash.o
    0x08006cd4   0x0000004c   Code   RO          599    i.norflash_write_sr  norflash.o
    0x08006d20   0x0000000e   Code   RO         5725    i.osDelay           cmsis_os.o
    0x08006d2e   0x0000000a   Code   RO         5728    i.osKernelStart     cmsis_os.o
    0x08006d38   0x0000002e   Code   RO         5762    i.osThreadCreate    cmsis_os.o
    0x08006d66   0x00000002   PAD
    0x08006d68   0x00000070   Code   RO         5411    i.prvAddCurrentTaskToDelayedList  tasks.o
    0x08006dd8   0x000000d0   Code   RO         5412    i.prvAddNewTaskToReadyList  tasks.o
    0x08006ea8   0x00000014   Code   RO         5413    i.prvDeleteTCB      tasks.o
    0x08006ebc   0x00000060   Code   RO         5414    i.prvIdleTask       tasks.o
    0x08006f1c   0x00000098   Code   RO         5415    i.prvInitialiseNewTask  tasks.o
    0x08006fb4   0x0000004c   Code   RO         6090    i.prvInsertBlockIntoFreeList  heap_5.o
    0x08007000   0x00000020   Code   RO         5416    i.prvResetNextTaskUnblockTime  tasks.o
    0x08007020   0x00000028   Code   RO         6153    i.prvTaskExitError  port.o
    0x08007048   0x000000b0   Code   RO         6091    i.pvPortMalloc      heap_5.o
    0x080070f8   0x0000002c   Code   RO         6154    i.pxPortInitialiseStack  port.o
    0x08007124   0x00000080   Code   RO         1382    i.sd_init           sdio_sdcard.o
    0x080071a4   0x00000020   Code   RO         1136    i.spi1_read_write_byte  spi.o
    0x080071c4   0x00000034   Code   RO         1137    i.spi1_set_speed    spi.o
    0x080071f8   0x00000164   Code   RO          522    i.sram_init         sram.o
    0x0800735c   0x00000026   Code   RO         5084    i.uxListRemove      list.o
    0x08007382   0x00000016   Code   RO         5085    i.vListInitialise   list.o
    0x08007398   0x00000006   Code   RO         5086    i.vListInitialiseItem  list.o
    0x0800739e   0x00000030   Code   RO         5087    i.vListInsert       list.o
    0x080073ce   0x00000018   Code   RO         5088    i.vListInsertEnd    list.o
    0x080073e6   0x00000002   PAD
    0x080073e8   0x000000b8   Code   RO         6092    i.vPortDefineHeapRegions  heap_5.o
    0x080074a0   0x00000040   Code   RO         6156    i.vPortEnterCritical  port.o
    0x080074e0   0x00000028   Code   RO         6157    i.vPortExitCritical  port.o
    0x08007508   0x00000064   Code   RO         6093    i.vPortFree         heap_5.o
    0x0800756c   0x00000024   Code   RO         6158    i.vPortSetupTimerInterrupt  port.o
    0x08007590   0x0000004c   Code   RO         5425    i.vTaskDelay        tasks.o
    0x080075dc   0x00000068   Code   RO         5438    i.vTaskStartScheduler  tasks.o
    0x08007644   0x00000010   Code   RO         5440    i.vTaskSuspendAll   tasks.o
    0x08007654   0x0000005c   Code   RO         5441    i.vTaskSwitchContext  tasks.o
    0x080076b0   0x000000f4   Code   RO         6160    i.xPortStartScheduler  port.o
    0x080077a4   0x00000056   Code   RO         5444    i.xTaskCreate       tasks.o
    0x080077fa   0x00000002   PAD
    0x080077fc   0x000000cc   Code   RO         5451    i.xTaskIncrementTick  tasks.o
    0x080078c8   0x000000c4   Code   RO         5457    i.xTaskResumeAll    tasks.o
    0x0800798c   0x00002f80   Data   RO          207    .constdata          lcd.o
    0x0800a90c   0x00000024   Data   RO          453    .constdata          mymalloc.o
    0x0800a930   0x00000024   Data   RO          989    .constdata          freertos.o
    0x0800a954   0x00000008   Data   RO         4299    .constdata          stm32f4xx_hal_dma.o
    0x0800a95c   0x00000010   Data   RO         4959    .constdata          system_stm32f4xx.o
    0x0800a96c   0x00000008   Data   RO         4960    .constdata          system_stm32f4xx.o
    0x0800a974   0x0000000c   Data   RO          990    .conststring        freertos.o
    0x0800a980   0x00000020   Data   RO         7230    Region$$Table       anon$$obj.o


    Execution Region RW_IRAM1 (Base: 0x20000000, Size: 0x0001c258, Max: 0x00020000, ABSOLUTE)

    Base Addr    Size         Type   Attr      Idx    E Section Name        Object

    0x20000000   0x00000004   Data   RW           17    .data               delay.o
    0x20000004   0x00000004   Data   RW          209    .data               lcd.o
    0x20000008   0x00000024   Data   RW          454    .data               mymalloc.o
    0x2000002c   0x00000002   Data   RW          601    .data               norflash.o
    0x2000002e   0x00000018   Data   RW          695    .data               main.o
    0x20000046   0x00000001   Data   RW          696    .data               main.o
    0x20000047   0x00000001   PAD
    0x20000048   0x00000014   Data   RW          697    .data               main.o
    0x2000005c   0x00000014   Data   RW          875    .data               user_diskio.o
    0x20000070   0x00000005   Data   RW          950    .data               fatfs.o
    0x20000075   0x00000003   PAD
    0x20000078   0x00000008   Data   RW          991    .data               freertos.o
    0x20000080   0x00000008   Data   RW         1048    .data               fsmc.o
    0x20000088   0x0000000c   Data   RW         4726    .data               stm32f4xx_hal.o
    0x20000094   0x00000004   Data   RW         4961    .data               system_stm32f4xx.o
    0x20000098   0x0000003c   Data   RW         5460    .data               tasks.o
    0x200000d4   0x00000020   Data   RW         6097    .data               heap_5.o
    0x200000f4   0x0000000c   Data   RW         6161    .data               port.o
    0x20000100   0x00000004   Data   RW         7206    .data               mc_w.l(stdout.o)
    0x20000104   0x0000000e   Zero   RW          206    .bss                lcd.o
    0x20000112   0x0000002e   PAD
    0x20000140   0x00019000   Zero   RW          451    .bss                mymalloc.o
    0x20019140   0x00001900   Zero   RW          452    .bss                mymalloc.o
    0x2001aa40   0x00001000   Zero   RW          600    .bss                norflash.o
    0x2001ba40   0x00000014   Zero   RW          692    .bss                main.o
    0x2001ba54   0x0000000c   Zero   RW          693    .bss                main.o
    0x2001ba60   0x00000010   Zero   RW          987    .bss                freertos.o
    0x2001ba70   0x00000020   Zero   RW          988    .bss                freertos.o
    0x2001ba90   0x000000a0   Zero   RW         1047    .bss                fsmc.o
    0x2001bb30   0x00000144   Zero   RW         1094    .bss                sdio.o
    0x2001bc74   0x00000058   Zero   RW         1138    .bss                spi.o
    0x2001bccc   0x00000044   Zero   RW         1191    .bss                usart.o
    0x2001bd10   0x00000048   Zero   RW         1344    .bss                stm32f4xx_hal_timebase_tim.o
    0x2001bd58   0x000000f0   Zero   RW         5459    .bss                tasks.o
    0x2001be48   0x00000010   Zero   RW         6749    .bss                ff_gen_drv.o
    0x2001be58   0x00000400   Zero   RW            1    STACK               startup_stm32f407xx.o



  Load Region LR$$.ARM.__AT_0x10000000 (Base: 0x10000000, Size: 0x00000000, Max: 0x0000f000, ABSOLUTE)

    Execution Region ER$$.ARM.__AT_0x10000000 (Base: 0x10000000, Size: 0x0000f000, Max: 0x0000f000, ABSOLUTE, UNINIT)

    Base Addr    Size         Type   Attr      Idx    E Section Name        Object

    0x10000000   0x0000f000   Zero   RW          447    .ARM.__AT_0x10000000  mymalloc.o



  Load Region LR$$.ARM.__AT_0x1000F000 (Base: 0x1000f000, Size: 0x00000000, Max: 0x00000f00, ABSOLUTE)

    Execution Region ER$$.ARM.__AT_0x1000F000 (Base: 0x1000f000, Size: 0x00000f00, Max: 0x00000f00, ABSOLUTE, UNINIT)

    Base Addr    Size         Type   Attr      Idx    E Section Name        Object

    0x1000f000   0x00000f00   Zero   RW          448    .ARM.__AT_0x1000F000  mymalloc.o



  Load Region LR$$.ARM.__AT_0x68000000 (Base: 0x68000000, Size: 0x00000000, Max: 0x000f0c00, ABSOLUTE)

    Execution Region ER$$.ARM.__AT_0x68000000 (Base: 0x68000000, Size: 0x000f0c00, Max: 0x000f0c00, ABSOLUTE, UNINIT)

    Base Addr    Size         Type   Attr      Idx    E Section Name        Object

    0x68000000   0x000f0c00   Zero   RW          449    .ARM.__AT_0x68000000  mymalloc.o



  Load Region LR$$.ARM.__AT_0x680F0C00 (Base: 0x680f0c00, Size: 0x00000000, Max: 0x0000f0c0, ABSOLUTE)

    Execution Region ER$$.ARM.__AT_0x680F0C00 (Base: 0x680f0c00, Size: 0x0000f0c0, Max: 0x0000f0c0, ABSOLUTE, UNINIT)

    Base Addr    Size         Type   Attr      Idx    E Section Name        Object

    0x680f0c00   0x0000f0c0   Zero   RW          450    .ARM.__AT_0x680F0C00  mymalloc.o


==============================================================================

Image component sizes


      Code (inc. data)   RO Data    RW Data    ZI Data      Debug   Object Name

        82          0          0          0          0      13057   cmsis_os.o
        80         10          0          4          0     735123   delay.o
        60          4          0          0          0        794   dma.o
         0          0          0          0          0       6212   event_groups.o
        28         10          0          5          0       1074   fatfs.o
        70          4          0          0         16       1679   ff_gen_drv.o
       436        182         48          8         48       2457   freertos.o
       392         34          0          8        160       2394   fsmc.o
       208          8          0          0          0       1115   gpio.o
       536         22          0         32          0       8140   heap_5.o
     12422         94      12160          4         14      23805   lcd.o
       138          0          0          0          0       3642   list.o
       314         56          0         45         32      27391   main.o
       166         28         36         36    1221824       4467   mymalloc.o
       866         52          0          2       4096       7824   norflash.o
       702         72          0         12          0      11168   port.o
       376         34          0          0        324       1967   sdio.o
       128         70          0          0          0        598   sdio_sdcard.o
       260         28          0          0         88       2817   spi.o
       356         30          0          0          0       2679   sram.o
        36          8        392          0       1024        852   startup_stm32f407xx.o
        80         14          0         12          0       8170   stm32f4xx_hal.o
       158         14          0          0          0      33238   stm32f4xx_hal_cortex.o
       788         16          8          0          0       4819   stm32f4xx_hal_dma.o
       502         44          0          0          0       2236   stm32f4xx_hal_gpio.o
        56          4          0          0          0        870   stm32f4xx_hal_msp.o
      1408         82          0          0          0       6009   stm32f4xx_hal_rcc.o
      2238         32          0          0          0      14149   stm32f4xx_hal_sd.o
       942         12          0          0          0       4993   stm32f4xx_hal_spi.o
        86          0          0          0          0       1248   stm32f4xx_hal_sram.o
       786         72          0          0          0       7508   stm32f4xx_hal_tim.o
         4          0          0          0          0       1645   stm32f4xx_hal_tim_ex.o
       116         16          0          0         72       1443   stm32f4xx_hal_timebase_tim.o
       366         10          0          0          0       2036   stm32f4xx_hal_uart.o
        60         24          0          0          0       4754   stm32f4xx_it.o
       216         12          0          0          0       2767   stm32f4xx_ll_fsmc.o
      1456         46          0          0          0      20363   stm32f4xx_ll_sdmmc.o
        16          4         24          4          0       1155   system_stm32f4xx.o
      1394        112          0         60        240      18130   tasks.o
       180         26          0          0         68       2258   usart.o
       158          0          0         20          0       9868   user_diskio.o

    ----------------------------------------------------------------------
     28708       1286      12700        256    1228052    1006914   Object Totals
         0          0         32          0          0          0   (incl. Generated)
        42          0          0          4         46          0   (incl. Padding)

    ----------------------------------------------------------------------

      Code (inc. data)   RO Data    RW Data    ZI Data      Debug   Library Member Name

         0          0          0          0          0          0   entry.o
         0          0          0          0          0          0   entry10a.o
         0          0          0          0          0          0   entry11a.o
         8          4          0          0          0          0   entry2.o
         4          0          0          0          0          0   entry5.o
         0          0          0          0          0          0   entry7b.o
         0          0          0          0          0          0   entry8b.o
         8          4          0          0          0          0   entry9a.o
        30          0          0          0          0          0   handlers.o
        36          8          0          0          0         68   init.o
         0          0          0          0          0          0   iusefp.o
        30          0          0          0          0         68   llshl.o
        32          0          0          0          0         68   llushr.o
        36          0          0          0          0         68   memcpya.o
        36          0          0          0          0        108   memseta.o
      1204         60          0          0          0        504   printf8.o
         0          0          0          4          0          0   stdout.o
        98          0          0          0          0         92   uldiv.o
       186          0          0          0          0        176   depilogue.o
        50          0          0          0          0         76   dfixui.o
        26          0          0          0          0         76   dfltui.o
       228          0          0          0          0         96   dmul.o

    ----------------------------------------------------------------------
      2016         76          0          4          0       1400   Library Totals
         4          0          0          0          0          0   (incl. Padding)

    ----------------------------------------------------------------------

      Code (inc. data)   RO Data    RW Data    ZI Data      Debug   Library Name

      1522         76          0          4          0        976   mc_w.l
       490          0          0          0          0        424   mf_w.l

    ----------------------------------------------------------------------
      2016         76          0          4          0       1400   Library Totals

    ----------------------------------------------------------------------

==============================================================================


      Code (inc. data)   RO Data    RW Data    ZI Data      Debug   

     30724       1362      12700        260    1228052     988690   Grand Totals
     30724       1362      12700        260    1228052     988690   ELF Image Totals
     30724       1362      12700        260          0          0   ROM Totals

==============================================================================

    Total RO  Size (Code + RO Data)                43424 (  42.41kB)
    Total RW  Size (RW Data + ZI Data)           1228312 (1199.52kB)
    Total ROM Size (Code + RO Data + RW Data)      43684 (  42.66kB)

==============================================================================

