<html>
<body>
<pre>
<h1>礦ision Build Log</h1>
<h2>Tool Versions:</h2>
IDE-Version: μVision V5.23.0.0
Copyright (C) 2017 ARM Ltd and ARM Germany GmbH. All rights reserved.
License Information: yang yuan, duobao, LIC=8VRJ7-EW0AZ-FW62N-YBJTM-X8RHG-DJF7M
 
Tool Versions:
Toolchain:       MDK-ARM Plus  Version: 5.23
Toolchain Path:  C:\Keil_v5\ARM\ARMCC\Bin
C Compiler:      Armcc.exe V5.06 update 4 (build 422)
Assembler:       Armasm.exe V5.06 update 4 (build 422)
Linker/Locator:  ArmLink.exe V5.06 update 4 (build 422)
Library Manager: ArmAr.exe V5.06 update 4 (build 422)
Hex Converter:   FromElf.exe V5.06 update 4 (build 422)
CPU DLL:         SARMCM3.DLL V5.23
Dialog DLL:      DCM.DLL V1.15.0.0
Target DLL:      STLink\ST-LINKIII-KEIL_SWO.dll V2.0.18.0
Dialog DLL:      TCM.DLL V1.27.0.0
 
<h2>Project:</h2>
F:\正点原子\code\STM32F407ZGT6\1.arm\48.GBK_SHOW\MDK-ARM\GBK_SHOW.uvprojx
Project File Date:  10/08/2024

<h2>Output:</h2>
*** Using Compiler 'V5.06 update 4 (build 422)', folder: 'C:\Keil_v5\ARM\ARMCC\Bin'
Rebuild target 'GBK_SHOW'
assembling startup_stm32f407xx.s...
compiling norflash.c...
compiling sdio.c...
compiling spi.c...
compiling delay.c...
compiling mymalloc.c...
compiling dma.c...
compiling gpio.c...
compiling sdio_sdcard.c...
compiling usart.c...
compiling fonts.c...
compiling sram.c...
compiling main.c...
compiling text.c...
compiling lcd.c...
compiling fsmc.c...
compiling stm32f4xx_it.c...
compiling stm32f4xx_hal_tim_ex.c...
compiling stm32f4xx_hal_sram.c...
compiling stm32f4xx_hal_flash.c...
compiling stm32f4xx_hal_rcc_ex.c...
compiling stm32f4xx_hal_flash_ex.c...
compiling stm32f4xx_hal_flash_ramfunc.c...
compiling stm32f4xx_hal_msp.c...
compiling stm32f4xx_ll_fsmc.c...
compiling stm32f4xx_hal_uart.c...
compiling stm32f4xx_ll_sdmmc.c...
compiling stm32f4xx_hal_tim.c...
compiling stm32f4xx_hal_spi.c...
compiling stm32f4xx_hal_rcc.c...
compiling stm32f4xx_hal_sd.c...
compiling ff.c...
compiling stm32f4xx_hal_cortex.c...
compiling stm32f4xx_hal_exti.c...
compiling stm32f4xx_hal_pwr_ex.c...
compiling stm32f4xx_hal_pwr.c...
compiling fattester.c...
compiling ffunicode.c...
compiling diskio.c...
compiling stm32f4xx_hal_dma_ex.c...
compiling stm32f4xx_hal.c...
compiling stm32f4xx_hal_dma.c...
compiling system_stm32f4xx.c...
compiling ffsystem.c...
compiling exfuns.c...
compiling stm32f4xx_hal_gpio.c...
linking...
Program Size: Code=48768 RO-data=13640 RW-data=672 ZI-data=1228720  
FromELF: creating hex file...
"GBK_SHOW\GBK_SHOW.axf" - 0 Error(s), 0 Warning(s).

<h2>Collection of Component include folders:</h2>
  .\RTE\_GBK_SHOW
  C:\Keil_v5\ARM\PACK\Keil\STM32F4xx_DFP\2.12.0\Drivers\CMSIS\Device\ST\STM32F4xx\Include

<h2>Collection of Component Files used:</h2>
Build Time Elapsed:  00:00:13
</pre>
</body>
</html>
