Component: ARM Compiler 5.06 update 4 (build 422) Tool: armlink [4d35d2]

==============================================================================

Section Cross References

    startup_stm32f407xx.o(RESET) refers to startup_stm32f407xx.o(STACK) for __initial_sp
    startup_stm32f407xx.o(RESET) refers to startup_stm32f407xx.o(.text) for Reset_Handler
    startup_stm32f407xx.o(RESET) refers to stm32f4xx_it.o(i.NMI_Handler) for NMI_Handler
    startup_stm32f407xx.o(RESET) refers to stm32f4xx_it.o(i.HardFault_Handler) for HardFault_Handler
    startup_stm32f407xx.o(RESET) refers to stm32f4xx_it.o(i.MemManage_Handler) for MemManage_Handler
    startup_stm32f407xx.o(RESET) refers to stm32f4xx_it.o(i.BusFault_Handler) for BusFault_Handler
    startup_stm32f407xx.o(RESET) refers to stm32f4xx_it.o(i.UsageFault_Handler) for UsageFault_Handler
    startup_stm32f407xx.o(RESET) refers to port.o(.emb_text) for SVC_Handler
    startup_stm32f407xx.o(RESET) refers to stm32f4xx_it.o(i.DebugMon_Handler) for DebugMon_Handler
    startup_stm32f407xx.o(RESET) refers to port.o(i.SysTick_Handler) for SysTick_Handler
    startup_stm32f407xx.o(RESET) refers to stm32f4xx_it.o(i.TIM1_UP_TIM10_IRQHandler) for TIM1_UP_TIM10_IRQHandler
    startup_stm32f407xx.o(RESET) refers to stm32f4xx_it.o(i.SDIO_IRQHandler) for SDIO_IRQHandler
    startup_stm32f407xx.o(RESET) refers to stm32f4xx_it.o(i.DMA2_Stream3_IRQHandler) for DMA2_Stream3_IRQHandler
    startup_stm32f407xx.o(RESET) refers to stm32f4xx_it.o(i.DMA2_Stream6_IRQHandler) for DMA2_Stream6_IRQHandler
    startup_stm32f407xx.o(.text) refers to system_stm32f4xx.o(i.SystemInit) for SystemInit
    startup_stm32f407xx.o(.text) refers to entry.o(.ARM.Collect$$$$00000000) for __main
    delay.o(i.HAL_Delay) refers to delay.o(i.delay_ms) for delay_ms
    delay.o(i.delay_init) refers to delay.o(.data) for .data
    delay.o(i.delay_ms) refers to delay.o(i.delay_us) for delay_us
    delay.o(i.delay_us) refers to delay.o(.data) for .data
    lcd.o(i.lcd_clear) refers to lcd.o(i.lcd_set_cursor) for lcd_set_cursor
    lcd.o(i.lcd_clear) refers to lcd.o(i.lcd_write_ram_prepare) for lcd_write_ram_prepare
    lcd.o(i.lcd_clear) refers to lcd.o(.bss) for .bss
    lcd.o(i.lcd_color_fill) refers to lcd.o(i.lcd_set_cursor) for lcd_set_cursor
    lcd.o(i.lcd_color_fill) refers to lcd.o(i.lcd_write_ram_prepare) for lcd_write_ram_prepare
    lcd.o(i.lcd_display_dir) refers to lcd.o(i.lcd_scan_dir) for lcd_scan_dir
    lcd.o(i.lcd_display_dir) refers to lcd.o(.bss) for .bss
    lcd.o(i.lcd_display_off) refers to lcd.o(i.lcd_wr_regno) for lcd_wr_regno
    lcd.o(i.lcd_display_off) refers to lcd.o(.bss) for .bss
    lcd.o(i.lcd_display_on) refers to lcd.o(i.lcd_wr_regno) for lcd_wr_regno
    lcd.o(i.lcd_display_on) refers to lcd.o(.bss) for .bss
    lcd.o(i.lcd_draw_circle) refers to lcd.o(i.lcd_draw_point) for lcd_draw_point
    lcd.o(i.lcd_draw_hline) refers to lcd.o(i.lcd_fill) for lcd_fill
    lcd.o(i.lcd_draw_hline) refers to lcd.o(.bss) for .bss
    lcd.o(i.lcd_draw_line) refers to lcd.o(i.lcd_draw_point) for lcd_draw_point
    lcd.o(i.lcd_draw_point) refers to lcd.o(i.lcd_set_cursor) for lcd_set_cursor
    lcd.o(i.lcd_draw_point) refers to lcd.o(i.lcd_write_ram_prepare) for lcd_write_ram_prepare
    lcd.o(i.lcd_draw_rectangle) refers to lcd.o(i.lcd_draw_line) for lcd_draw_line
    lcd.o(i.lcd_ex_ili9341_reginit) refers to lcd.o(i.lcd_wr_regno) for lcd_wr_regno
    lcd.o(i.lcd_ex_ili9341_reginit) refers to lcd.o(i.lcd_wr_data) for lcd_wr_data
    lcd.o(i.lcd_ex_ili9341_reginit) refers to delay.o(i.delay_ms) for delay_ms
    lcd.o(i.lcd_ex_ili9806_reginit) refers to lcd.o(i.lcd_wr_regno) for lcd_wr_regno
    lcd.o(i.lcd_ex_ili9806_reginit) refers to lcd.o(i.lcd_wr_data) for lcd_wr_data
    lcd.o(i.lcd_ex_ili9806_reginit) refers to delay.o(i.delay_ms) for delay_ms
    lcd.o(i.lcd_ex_nt35310_reginit) refers to lcd.o(i.lcd_wr_regno) for lcd_wr_regno
    lcd.o(i.lcd_ex_nt35310_reginit) refers to lcd.o(i.lcd_wr_data) for lcd_wr_data
    lcd.o(i.lcd_ex_nt35310_reginit) refers to delay.o(i.delay_ms) for delay_ms
    lcd.o(i.lcd_ex_nt35510_reginit) refers to lcd.o(i.lcd_write_reg) for lcd_write_reg
    lcd.o(i.lcd_ex_nt35510_reginit) refers to lcd.o(i.lcd_wr_regno) for lcd_wr_regno
    lcd.o(i.lcd_ex_nt35510_reginit) refers to delay.o(i.delay_ms) for delay_ms
    lcd.o(i.lcd_ex_ssd1963_reginit) refers to lcd.o(i.lcd_wr_regno) for lcd_wr_regno
    lcd.o(i.lcd_ex_ssd1963_reginit) refers to lcd.o(i.lcd_wr_data) for lcd_wr_data
    lcd.o(i.lcd_ex_ssd1963_reginit) refers to delay.o(i.delay_ms) for delay_ms
    lcd.o(i.lcd_ex_st7789_reginit) refers to lcd.o(i.lcd_wr_regno) for lcd_wr_regno
    lcd.o(i.lcd_ex_st7789_reginit) refers to delay.o(i.delay_ms) for delay_ms
    lcd.o(i.lcd_ex_st7789_reginit) refers to lcd.o(i.lcd_wr_data) for lcd_wr_data
    lcd.o(i.lcd_ex_st7796_reginit) refers to lcd.o(i.lcd_wr_regno) for lcd_wr_regno
[...]
    _printf_lld                              0x00000000   Number         0  stubs.o ABSOLUTE
    _printf_lli                              0x00000000   Number         0  stubs.o ABSOLUTE
    _printf_llo                              0x00000000   Number         0  stubs.o ABSOLUTE
    _printf_llu                              0x00000000   Number         0  stubs.o ABSOLUTE
    _printf_llx                              0x00000000   Number         0  stubs.o ABSOLUTE
    _printf_longlong_dec                     0x00000000   Number         0  stubs.o ABSOLUTE
    _printf_longlong_hex                     0x00000000   Number         0  stubs.o ABSOLUTE
    _printf_longlong_oct                     0x00000000   Number         0  stubs.o ABSOLUTE
    _printf_ls                               0x00000000   Number         0  stubs.o ABSOLUTE
    _printf_mbtowc                           0x00000000   Number         0  stubs.o ABSOLUTE
    _printf_n                                0x00000000   Number         0  stubs.o ABSOLUTE
    _printf_o                                0x00000000   Number         0  stubs.o ABSOLUTE
    _printf_p                                0x00000000   Number         0  stubs.o ABSOLUTE
    _printf_percent                          0x00000000   Number         0  stubs.o ABSOLUTE
    _printf_pre_padding                      0x00000000   Number         0  stubs.o ABSOLUTE
    _printf_return_value                     0x00000000   Number         0  stubs.o ABSOLUTE
    _printf_s                                0x00000000   Number         0  stubs.o ABSOLUTE
    _printf_sizespec                         0x00000000   Number         0  stubs.o ABSOLUTE
    _printf_str                              0x00000000   Number         0  stubs.o ABSOLUTE
    _printf_truncate_signed                  0x00000000   Number         0  stubs.o ABSOLUTE
    _printf_truncate_unsigned                0x00000000   Number         0  stubs.o ABSOLUTE
    _printf_u                                0x00000000   Number         0  stubs.o ABSOLUTE
    _printf_wc                               0x00000000   Number         0  stubs.o ABSOLUTE
    _printf_wctomb                           0x00000000   Number         0  stubs.o ABSOLUTE
    _printf_widthprec                        0x00000000   Number         0  stubs.o ABSOLUTE
    _printf_x                                0x00000000   Number         0  stubs.o ABSOLUTE
    __cpp_initialize__aeabi_                  - Undefined Weak Reference
    __cxa_finalize                            - Undefined Weak Reference
    __decompress                              - Undefined Weak Reference
    _clock_init                               - Undefined Weak Reference
    _microlib_exit                            - Undefined Weak Reference
    __Vectors_Size                           0x00000188   Number         0  startup_stm32f407xx.o ABSOLUTE
    __Vectors                                0x08000000   Data           4  startup_stm32f407xx.o(RESET)
    __Vectors_End                            0x08000188   Data           0  startup_stm32f407xx.o(RESET)
    __main                                   0x08000189   Thumb Code     0  entry.o(.ARM.Collect$$$$00000000)
    _main_stk                                0x08000189   Thumb Code     0  entry2.o(.ARM.Collect$$$$00000001)
    _main_scatterload                        0x0800018d   Thumb Code     0  entry5.o(.ARM.Collect$$$$00000004)
    __main_after_scatterload                 0x08000191   Thumb Code     0  entry5.o(.ARM.Collect$$$$00000004)
    _main_clock                              0x08000191   Thumb Code     0  entry7b.o(.ARM.Collect$$$$00000008)
    _main_cpp_init                           0x08000191   Thumb Code     0  entry8b.o(.ARM.Collect$$$$0000000A)
    _main_init                               0x08000191   Thumb Code     0  entry9a.o(.ARM.Collect$$$$0000000B)
    __rt_final_cpp                           0x08000199   Thumb Code     0  entry10a.o(.ARM.Collect$$$$0000000D)
    __rt_final_exit                          0x08000199   Thumb Code     0  entry11a.o(.ARM.Collect$$$$0000000F)
    SVC_Handler                              0x0800019d   Thumb Code    28  port.o(.emb_text)
    __asm___6_port_c_39a90d8d__prvStartFirstTask 0x080001bd   Thumb Code    36  port.o(.emb_text)
    __asm___6_port_c_39a90d8d__prvEnableVFP  0x080001e5   Thumb Code    16  port.o(.emb_text)
    PendSV_Handler                           0x080001f9   Thumb Code    88  port.o(.emb_text)
    vPortGetIPSR                             0x08000255   Thumb Code     6  port.o(.emb_text)
    Reset_Handler                            0x0800025d   Thumb Code     8  startup_stm32f407xx.o(.text)
    ADC_IRQHandler                           0x08000277   Thumb Code     0  startup_stm32f407xx.o(.text)
    CAN1_RX0_IRQHandler                      0x08000277   Thumb Code     0  startup_stm32f407xx.o(.text)
    CAN1_RX1_IRQHandler                      0x08000277   Thumb Code     0  startup_stm32f407xx.o(.text)
    CAN1_SCE_IRQHandler                      0x08000277   Thumb Code     0  startup_stm32f407xx.o(.text)
    CAN1_TX_IRQHandler                       0x08000277   Thumb Code     0  startup_stm32f407xx.o(.text)
    CAN2_RX0_IRQHandler                      0x08000277   Thumb Code     0  startup_stm32f407xx.o(.text)
    CAN2_RX1_IRQHandler                      0x08000277   Thumb Code     0  startup_stm32f407xx.o(.text)
    CAN2_SCE_IRQHandler                      0x08000277   Thumb Code     0  startup_stm32f407xx.o(.text)
    CAN2_TX_IRQHandler                       0x08000277   Thumb Code     0  startup_stm32f407xx.o(.text)
    DCMI_IRQHandler                          0x08000277   Thumb Code     0  startup_stm32f407xx.o(.text)
    DMA1_Stream0_IRQHandler                  0x08000277   Thumb Code     0  startup_stm32f407xx.o(.text)
    DMA1_Stream1_IRQHandler                  0x08000277   Thumb Code     0  startup_stm32f407xx.o(.text)
    DMA1_Stream2_IRQHandler                  0x08000277   Thumb Code     0  startup_stm32f407xx.o(.text)
    DMA1_Stream3_IRQHandler                  0x08000277   Thumb Code     0  startup_stm32f407xx.o(.text)
    DMA1_Stream4_IRQHandler                  0x08000277   Thumb Code     0  startup_stm32f407xx.o(.text)
    DMA1_Stream5_IRQHandler                  0x08000277   Thumb Code     0  startup_stm32f407xx.o(.text)
    DMA1_Stream6_IRQHandler                  0x08000277   Thumb Code     0  startup_stm32f407xx.o(.text)
    DMA1_Stream7_IRQHandler                  0x08000277   Thumb Code     0  startup_stm32f407xx.o(.text)
    DMA2_Stream0_IRQHandler                  0x08000277   Thumb Code     0  startup_stm32f407xx.o(.text)
    DMA2_Stream1_IRQHandler                  0x08000277   Thumb Code     0  startup_stm32f407xx.o(.text)
    DMA2_Stream2_IRQHandler                  0x08000277   Thumb Code     0  startup_stm32f407xx.o(.text)
    DMA2_Stream4_IRQHandler                  0x08000277   Thumb Code     0  startup_stm32f407xx.o(.text)
    DMA2_Stream5_IRQHandler                  0x08000277   Thumb Code     0  startup_stm32f407xx.o(.text)
    DMA2_Stream7_IRQHandler                  0x08000277   Thumb Code     0  startup_stm32f407xx.o(.text)
    ETH_IRQHandler                           0x08000277   Thumb Code     0  startup_stm32f407xx.o(.text)
    ETH_WKUP_IRQHandler                      0x08000277   Thumb Code     0  startup_stm32f407xx.o(.text)
    EXTI0_IRQHandler                         0x08000277   Thumb Code     0  startup_stm32f407xx.o(.text)
    EXTI15_10_IRQHandler                     0x08000277   Thumb Code     0  startup_stm32f407xx.o(.text)
    EXTI1_IRQHandler                         0x08000277   Thumb Code     0  startup_stm32f407xx.o(.text)
    EXTI2_IRQHandler                         0x08000277   Thumb Code     0  startup_stm32f407xx.o(.text)
    EXTI3_IRQHandler                         0x08000277   Thumb Code     0  startup_stm32f407xx.o(.text)
    EXTI4_IRQHandler                         0x08000277   Thumb Code     0  startup_stm32f407xx.o(.text)
    EXTI9_5_IRQHandler                       0x08000277   Thumb Code     0  startup_stm32f407xx.o(.text)
    FLASH_IRQHandler                         0x08000277   Thumb Code     0  startup_stm32f407xx.o(.text)
    FMC_IRQHandler                           0x08000277   Thumb Code     0  startup_stm32f407xx.o(.text)
    FPU_IRQHandler                           0x08000277   Thumb Code     0  startup_stm32f407xx.o(.text)
    HASH_RNG_IRQHandler                      0x08000277   Thumb Code     0  startup_stm32f407xx.o(.text)
    I2C1_ER_IRQHandler                       0x08000277   Thumb Code     0  startup_stm32f407xx.o(.text)
    I2C1_EV_IRQHandler                       0x08000277   Thumb Code     0  startup_stm32f407xx.o(.text)
    I2C2_ER_IRQHandler                       0x08000277   Thumb Code     0  startup_stm32f407xx.o(.text)
    I2C2_EV_IRQHandler                       0x08000277   Thumb Code     0  startup_stm32f407xx.o(.text)
    I2C3_ER_IRQHandler                       0x08000277   Thumb Code     0  startup_stm32f407xx.o(.text)
    I2C3_EV_IRQHandler                       0x08000277   Thumb Code     0  startup_stm32f407xx.o(.text)
    OTG_FS_IRQHandler                        0x08000277   Thumb Code     0  startup_stm32f407xx.o(.text)
    OTG_FS_WKUP_IRQHandler                   0x08000277   Thumb Code     0  startup_stm32f407xx.o(.text)
    OTG_HS_EP1_IN_IRQHandler                 0x08000277   Thumb Code     0  startup_stm32f407xx.o(.text)
    OTG_HS_EP1_OUT_IRQHandler                0x08000277   Thumb Code     0  startup_stm32f407xx.o(.text)
    OTG_HS_IRQHandler                        0x08000277   Thumb Code     0  startup_stm32f407xx.o(.text)
    OTG_HS_WKUP_IRQHandler                   0x08000277   Thumb Code     0  startup_stm32f407xx.o(.text)
    PVD_IRQHandler                           0x08000277   Thumb Code     0  startup_stm32f407xx.o(.text)
    RCC_IRQHandler                           0x08000277   Thumb Code     0  startup_stm32f407xx.o(.text)
    RTC_Alarm_IRQHandler                     0x08000277   Thumb Code     0  startup_stm32f407xx.o(.text)
    RTC_WKUP_IRQHandler                      0x08000277   Thumb Code     0  startup_stm32f407xx.o(.text)
    SPI1_IRQHandler                          0x08000277   Thumb Code     0  startup_stm32f407xx.o(.text)
    SPI2_IRQHandler                          0x08000277   Thumb Code     0  startup_stm32f407xx.o(.text)
    SPI3_IRQHandler                          0x08000277   Thumb Code     0  startup_stm32f407xx.o(.text)
    TAMP_STAMP_IRQHandler                    0x08000277   Thumb Code     0  startup_stm32f407xx.o(.text)
    TIM1_BRK_TIM9_IRQHandler                 0x08000277   Thumb Code     0  startup_stm32f407xx.o(.text)
    TIM1_CC_IRQHandler                       0x08000277   Thumb Code     0  startup_stm32f407xx.o(.text)
    TIM1_TRG_COM_TIM11_IRQHandler            0x08000277   Thumb Code     0  startup_stm32f407xx.o(.text)
    TIM2_IRQHandler                          0x08000277   Thumb Code     0  startup_stm32f407xx.o(.text)
    TIM3_IRQHandler                          0x08000277   Thumb Code     0  startup_stm32f407xx.o(.text)
    TIM4_IRQHandler                          0x08000277   Thumb Code     0  startup_stm32f407xx.o(.text)
    TIM5_IRQHandler                          0x08000277   Thumb Code     0  startup_stm32f407xx.o(.text)
    TIM6_DAC_IRQHandler                      0x08000277   Thumb Code     0  startup_stm32f407xx.o(.text)
    TIM7_IRQHandler                          0x08000277   Thumb Code     0  startup_stm32f407xx.o(.text)
    TIM8_BRK_TIM12_IRQHandler                0x08000277   Thumb Code     0  startup_stm32f407xx.o(.text)
    TIM8_CC_IRQHandler                       0x08000277   Thumb Code     0  startup_stm32f407xx.o(.text)
    TIM8_TRG_COM_TIM14_IRQHandler            0x08000277   Thumb Code     0  startup_stm32f407xx.o(.text)
    TIM8_UP_TIM13_IRQHandler                 0x08000277   Thumb Code     0  startup_stm32f407xx.o(.text)
    UART4_IRQHandler                         0x08000277   Thumb Code     0  startup_stm32f407xx.o(.text)
    UART5_IRQHandler                         0x08000277   Thumb Code     0  startup_stm32f407xx.o(.text)
    USART1_IRQHandler                        0x08000277   Thumb Code     0  startup_stm32f407xx.o(.text)
    USART2_IRQHandler                        0x08000277   Thumb Code     0  startup_stm32f407xx.o(.text)
    USART3_IRQHandler                        0x08000277   Thumb Code     0  startup_stm32f407xx.o(.text)
    USART6_IRQHandler                        0x08000277   Thumb Code     0  startup_stm32f407xx.o(.text)
    WWDG_IRQHandler                          0x08000277   Thumb Code     0  startup_stm32f407xx.o(.text)
    __aeabi_uldivmod                         0x08000281   Thumb Code    98  uldiv.o(.text)
    __aeabi_memcpy                           0x080002e3   Thumb Code    36  memcpya.o(.text)
    __aeabi_memcpy4                          0x080002e3   Thumb Code     0  memcpya.o(.text)
    __aeabi_memcpy8                          0x080002e3   Thumb Code     0  memcpya.o(.text)
    __aeabi_memset                           0x08000307   Thumb Code    14  memseta.o(.text)
    __aeabi_memset4                          0x08000307   Thumb Code     0  memseta.o(.text)
    __aeabi_memset8                          0x08000307   Thumb Code     0  memseta.o(.text)
    __aeabi_memclr                           0x08000315   Thumb Code     4  memseta.o(.text)
    __aeabi_memclr4                          0x08000315   Thumb Code     0  memseta.o(.text)
    __aeabi_memclr8                          0x08000315   Thumb Code     0  memseta.o(.text)
    memset                                   0x08000319   Thumb Code    18  memseta.o(.text)
    __aeabi_dmul                             0x0800032b   Thumb Code   228  dmul.o(.text)
    __aeabi_ui2d                             0x0800040f   Thumb Code    26  dfltui.o(.text)
    __aeabi_d2uiz                            0x08000429   Thumb Code    50  dfixui.o(.text)
    __aeabi_llsl                             0x0800045b   Thumb Code    30  llshl.o(.text)
    _ll_shift_l                              0x0800045b   Thumb Code     0  llshl.o(.text)
    __aeabi_llsr                             0x08000479   Thumb Code    32  llushr.o(.text)
    _ll_ushift_r                             0x08000479   Thumb Code     0  llushr.o(.text)
    __I$use$fp                               0x08000499   Thumb Code     0  iusefp.o(.text)
    _double_round                            0x08000499   Thumb Code    30  depilogue.o(.text)
    _double_epilogue                         0x080004b7   Thumb Code   156  depilogue.o(.text)
    __scatterload                            0x08000555   Thumb Code    28  init.o(.text)
    __scatterload_rt2                        0x08000555   Thumb Code     0  init.o(.text)
    BSP_SD_AbortCallback                     0x08000579   Thumb Code     2  bsp_driver_sd.o(i.BSP_SD_AbortCallback)
    BSP_SD_GetCardInfo                       0x0800057d   Thumb Code     8  bsp_driver_sd.o(i.BSP_SD_GetCardInfo)
    BSP_SD_GetCardState                      0x08000589   Thumb Code    20  bsp_driver_sd.o(i.BSP_SD_GetCardState)
    BSP_SD_Init                              0x080005a1   Thumb Code    48  bsp_driver_sd.o(i.BSP_SD_Init)
    BSP_SD_ReadBlocks_DMA                    0x080005d5   Thumb Code    24  bsp_driver_sd.o(i.BSP_SD_ReadBlocks_DMA)
    BSP_SD_ReadCpltCallback                  0x080005f1   Thumb Code    14  sd_diskio.o(i.BSP_SD_ReadCpltCallback)
    BSP_SD_WriteBlocks_DMA                   0x08000605   Thumb Code    24  bsp_driver_sd.o(i.BSP_SD_WriteBlocks_DMA)
    BSP_SD_WriteCpltCallback                 0x08000621   Thumb Code    14  sd_diskio.o(i.BSP_SD_WriteCpltCallback)
    BusFault_Handler                         0x08000635   Thumb Code     2  stm32f4xx_it.o(i.BusFault_Handler)
    DMA2_Stream3_IRQHandler                  0x08000639   Thumb Code     6  stm32f4xx_it.o(i.DMA2_Stream3_IRQHandler)
    DMA2_Stream6_IRQHandler                  0x08000645   Thumb Code     6  stm32f4xx_it.o(i.DMA2_Stream6_IRQHandler)
    DebugMon_Handler                         0x080006f5   Thumb Code     2  stm32f4xx_it.o(i.DebugMon_Handler)
    Error_Handler                            0x080006f7   Thumb Code     2  main.o(i.Error_Handler)
    FATFS_LinkDriver                         0x080006f9   Thumb Code     6  ff_gen_drv.o(i.FATFS_LinkDriver)
    FATFS_LinkDriverEx                       0x08000701   Thumb Code    60  ff_gen_drv.o(i.FATFS_LinkDriverEx)
    FSMC_NORSRAM_Extended_Timing_Init        0x08000741   Thumb Code    60  stm32f4xx_ll_fsmc.o(i.FSMC_NORSRAM_Extended_Timing_Init)
    FSMC_NORSRAM_Init                        0x08000781   Thumb Code    80  stm32f4xx_ll_fsmc.o(i.FSMC_NORSRAM_Init)
    FSMC_NORSRAM_Timing_Init                 0x080007d5   Thumb Code    64  stm32f4xx_ll_fsmc.o(i.FSMC_NORSRAM_Timing_Init)
    HAL_DMA_Abort_IT                         0x08000819   Thumb Code    36  stm32f4xx_hal_dma.o(i.HAL_DMA_Abort_IT)
    HAL_DMA_GetError                         0x0800083d   Thumb Code     4  stm32f4xx_hal_dma.o(i.HAL_DMA_GetError)
    HAL_DMA_IRQHandler                       0x08000841   Thumb Code   412  stm32f4xx_hal_dma.o(i.HAL_DMA_IRQHandler)
    HAL_DMA_Init                             0x080009e1   Thumb Code   206  stm32f4xx_hal_dma.o(i.HAL_DMA_Init)
    HAL_DMA_Start_IT                         0x08000ab5   Thumb Code   110  stm32f4xx_hal_dma.o(i.HAL_DMA_Start_IT)
    HAL_Delay                                0x08000b23   Thumb Code     6  delay.o(i.HAL_Delay)
    HAL_GPIO_Init                            0x08000bcd   Thumb Code   448  stm32f4xx_hal_gpio.o(i.HAL_GPIO_Init)
    HAL_GPIO_WritePin                        0x08000db9   Thumb Code    10  stm32f4xx_hal_gpio.o(i.HAL_GPIO_WritePin)
    HAL_GetTick                              0x08000dc5   Thumb Code     6  stm32f4xx_hal.o(i.HAL_GetTick)
    HAL_IncTick                              0x08000dd1   Thumb Code    12  stm32f4xx_hal.o(i.HAL_IncTick)
    HAL_Init                                 0x08000de1   Thumb Code    48  stm32f4xx_hal.o(i.HAL_Init)
    HAL_InitTick                             0x08000e15   Thumb Code   100  stm32f4xx_hal_timebase_tim.o(i.HAL_InitTick)
    HAL_MspInit                              0x08000e89   Thumb Code    52  stm32f4xx_hal_msp.o(i.HAL_MspInit)
    HAL_NVIC_EnableIRQ                       0x08000ec1   Thumb Code    26  stm32f4xx_hal_cortex.o(i.HAL_NVIC_EnableIRQ)
    HAL_NVIC_SetPriority                     0x08000edd   Thumb Code    60  stm32f4xx_hal_cortex.o(i.HAL_NVIC_SetPriority)
    HAL_NVIC_SetPriorityGrouping             0x08000f1d   Thumb Code    26  stm32f4xx_hal_cortex.o(i.HAL_NVIC_SetPriorityGrouping)
    HAL_RCC_ClockConfig                      0x08000f41   Thumb Code   288  stm32f4xx_hal_rcc.o(i.HAL_RCC_ClockConfig)
    HAL_RCC_GetClockConfig                   0x08001075   Thumb Code    54  stm32f4xx_hal_rcc.o(i.HAL_RCC_GetClockConfig)
    HAL_RCC_GetPCLK1Freq                     0x080010b5   Thumb Code    20  stm32f4xx_hal_rcc.o(i.HAL_RCC_GetPCLK1Freq)
    HAL_RCC_GetPCLK2Freq                     0x080010d5   Thumb Code    20  stm32f4xx_hal_rcc.o(i.HAL_RCC_GetPCLK2Freq)
    HAL_RCC_GetSysClockFreq                  0x080010f5   Thumb Code    88  stm32f4xx_hal_rcc.o(i.HAL_RCC_GetSysClockFreq)
    HAL_RCC_OscConfig                        0x08001155   Thumb Code   856  stm32f4xx_hal_rcc.o(i.HAL_RCC_OscConfig)
    HAL_SD_AbortCallback                     0x080014c1   Thumb Code     8  bsp_driver_sd.o(i.HAL_SD_AbortCallback)
    HAL_SD_ConfigWideBusOperation            0x080014c9   Thumb Code   276  stm32f4xx_hal_sd.o(i.HAL_SD_ConfigWideBusOperation)
    HAL_SD_ErrorCallback                     0x080015e1   Thumb Code     2  stm32f4xx_hal_sd.o(i.HAL_SD_ErrorCallback)
    HAL_SD_GetCardCSD                        0x080015e5   Thumb Code   402  stm32f4xx_hal_sd.o(i.HAL_SD_GetCardCSD)
    HAL_SD_GetCardInfo                       0x0800177d   Thumb Code    36  stm32f4xx_hal_sd.o(i.HAL_SD_GetCardInfo)
    HAL_SD_GetCardState                      0x080017a1   Thumb Code    44  stm32f4xx_hal_sd.o(i.HAL_SD_GetCardState)
    HAL_SD_IRQHandler                        0x080017cd   Thumb Code   512  stm32f4xx_hal_sd.o(i.HAL_SD_IRQHandler)
    HAL_SD_Init                              0x080019d5   Thumb Code    54  stm32f4xx_hal_sd.o(i.HAL_SD_Init)
    HAL_SD_InitCard                          0x08001a0d   Thumb Code   108  stm32f4xx_hal_sd.o(i.HAL_SD_InitCard)
    HAL_SD_MspInit                           0x08001a81   Thumb Code   286  sdio.o(i.HAL_SD_MspInit)
    HAL_SD_ReadBlocks_DMA                    0x08001bb9   Thumb Code   276  stm32f4xx_hal_sd.o(i.HAL_SD_ReadBlocks_DMA)
    HAL_SD_RxCpltCallback                    0x08001cdd   Thumb Code     8  bsp_driver_sd.o(i.HAL_SD_RxCpltCallback)
    HAL_SD_TxCpltCallback                    0x08001ce5   Thumb Code     8  bsp_driver_sd.o(i.HAL_SD_TxCpltCallback)
    HAL_SD_WriteBlocks_DMA                   0x08001ced   Thumb Code   270  stm32f4xx_hal_sd.o(i.HAL_SD_WriteBlocks_DMA)
    HAL_SPI_Init                             0x08001e0d   Thumb Code   188  stm32f4xx_hal_spi.o(i.HAL_SPI_Init)
    HAL_SPI_MspInit                          0x08001ec9   Thumb Code    92  spi.o(i.HAL_SPI_MspInit)
    HAL_SPI_TransmitReceive                  0x08001f31   Thumb Code   482  stm32f4xx_hal_spi.o(i.HAL_SPI_TransmitReceive)
    HAL_SRAM_Init                            0x08002113   Thumb Code    86  stm32f4xx_hal_sram.o(i.HAL_SRAM_Init)
    HAL_SRAM_MspInit                         0x08002169   Thumb Code     4  fsmc.o(i.HAL_SRAM_MspInit)
    HAL_TIMEx_BreakCallback                  0x0800216d   Thumb Code     2  stm32f4xx_hal_tim_ex.o(i.HAL_TIMEx_BreakCallback)
    HAL_TIMEx_CommutCallback                 0x0800216f   Thumb Code     2  stm32f4xx_hal_tim_ex.o(i.HAL_TIMEx_CommutCallback)
    HAL_TIM_Base_Init                        0x08002171   Thumb Code    90  stm32f4xx_hal_tim.o(i.HAL_TIM_Base_Init)
    HAL_TIM_Base_MspInit                     0x080021cb   Thumb Code     2  stm32f4xx_hal_tim.o(i.HAL_TIM_Base_MspInit)
    HAL_TIM_Base_Start_IT                    0x080021cd   Thumb Code   100  stm32f4xx_hal_tim.o(i.HAL_TIM_Base_Start_IT)
    HAL_TIM_IC_CaptureCallback               0x0800224d   Thumb Code     2  stm32f4xx_hal_tim.o(i.HAL_TIM_IC_CaptureCallback)
    HAL_TIM_IRQHandler                       0x0800224f   Thumb Code   358  stm32f4xx_hal_tim.o(i.HAL_TIM_IRQHandler)
    HAL_TIM_OC_DelayElapsedCallback          0x080023b5   Thumb Code     2  stm32f4xx_hal_tim.o(i.HAL_TIM_OC_DelayElapsedCallback)
    HAL_TIM_PWM_PulseFinishedCallback        0x080023b7   Thumb Code     2  stm32f4xx_hal_tim.o(i.HAL_TIM_PWM_PulseFinishedCallback)
    HAL_TIM_PeriodElapsedCallback            0x080023b9   Thumb Code    14  main.o(i.HAL_TIM_PeriodElapsedCallback)
    HAL_TIM_TriggerCallback                  0x080023cd   Thumb Code     2  stm32f4xx_hal_tim.o(i.HAL_TIM_TriggerCallback)
    HAL_UART_Init                            0x080023cf   Thumb Code    98  stm32f4xx_hal_uart.o(i.HAL_UART_Init)
    HAL_UART_MspInit                         0x08002431   Thumb Code    94  usart.o(i.HAL_UART_MspInit)
    HardFault_Handler                        0x0800249d   Thumb Code     2  stm32f4xx_it.o(i.HardFault_Handler)
    MX_DMA_Init                              0x080024a1   Thumb Code    56  dma.o(i.MX_DMA_Init)
    MX_FATFS_Init                            0x080024dd   Thumb Code    28  fatfs.o(i.MX_FATFS_Init)
    MX_FREERTOS_Init                         0x08002505   Thumb Code    30  freertos.o(i.MX_FREERTOS_Init)
    MX_FSMC_Init                             0x0800252d   Thumb Code   214  fsmc.o(i.MX_FSMC_Init)
    MX_GPIO_Init                             0x0800260d   Thumb Code   200  gpio.o(i.MX_GPIO_Init)
    MX_SDIO_SD_Init                          0x080026dd   Thumb Code    26  sdio.o(i.MX_SDIO_SD_Init)
    MX_SPI1_Init                             0x08002701   Thumb Code    64  spi.o(i.MX_SPI1_Init)
    MX_USART1_UART_Init                      0x08002749   Thumb Code    48  usart.o(i.MX_USART1_UART_Init)
    MemManage_Handler                        0x08002781   Thumb Code     2  stm32f4xx_it.o(i.MemManage_Handler)
    NMI_Handler                              0x08002783   Thumb Code     2  stm32f4xx_it.o(i.NMI_Handler)
    SDIO_ConfigData                          0x08002785   Thumb Code    36  stm32f4xx_ll_sdmmc.o(i.SDIO_ConfigData)
    SDIO_GetPowerState                       0x080027a9   Thumb Code     8  stm32f4xx_ll_sdmmc.o(i.SDIO_GetPowerState)
    SDIO_GetResponse                         0x080027b1   Thumb Code     6  stm32f4xx_ll_sdmmc.o(i.SDIO_GetResponse)
    SDIO_IRQHandler                          0x080027b9   Thumb Code     6  stm32f4xx_it.o(i.SDIO_IRQHandler)
    SDIO_Init                                0x080027c5   Thumb Code    36  stm32f4xx_ll_sdmmc.o(i.SDIO_Init)
    SDIO_PowerState_ON                       0x080027e9   Thumb Code    16  stm32f4xx_ll_sdmmc.o(i.SDIO_PowerState_ON)
    SDIO_ReadFIFO                            0x080027f9   Thumb Code     6  stm32f4xx_ll_sdmmc.o(i.SDIO_ReadFIFO)
    SDIO_SendCommand                         0x080027ff   Thumb Code    32  stm32f4xx_ll_sdmmc.o(i.SDIO_SendCommand)
    SDIO_WriteFIFO                           0x0800281f   Thumb Code    10  stm32f4xx_ll_sdmmc.o(i.SDIO_WriteFIFO)
    SDMMC_CmdAppCommand                      0x08002829   Thumb Code    50  stm32f4xx_ll_sdmmc.o(i.SDMMC_CmdAppCommand)
    SDMMC_CmdAppOperCommand                  0x0800285d   Thumb Code    48  stm32f4xx_ll_sdmmc.o(i.SDMMC_CmdAppOperCommand)
    SDMMC_CmdBlockLength                     0x08002891   Thumb Code    50  stm32f4xx_ll_sdmmc.o(i.SDMMC_CmdBlockLength)
    SDMMC_CmdBusWidth                        0x080028c3   Thumb Code    50  stm32f4xx_ll_sdmmc.o(i.SDMMC_CmdBusWidth)
    SDMMC_CmdGoIdleState                     0x080028f5   Thumb Code    74  stm32f4xx_ll_sdmmc.o(i.SDMMC_CmdGoIdleState)
    SDMMC_CmdOperCond                        0x08002945   Thumb Code   112  stm32f4xx_ll_sdmmc.o(i.SDMMC_CmdOperCond)
    SDMMC_CmdReadMultiBlock                  0x080029b9   Thumb Code    50  stm32f4xx_ll_sdmmc.o(i.SDMMC_CmdReadMultiBlock)
    SDMMC_CmdReadSingleBlock                 0x080029eb   Thumb Code    50  stm32f4xx_ll_sdmmc.o(i.SDMMC_CmdReadSingleBlock)
    SDMMC_CmdSelDesel                        0x08002a1d   Thumb Code    50  stm32f4xx_ll_sdmmc.o(i.SDMMC_CmdSelDesel)
    SDMMC_CmdSendCID                         0x08002a4f   Thumb Code    44  stm32f4xx_ll_sdmmc.o(i.SDMMC_CmdSendCID)
    SDMMC_CmdSendCSD                         0x08002a7b   Thumb Code    44  stm32f4xx_ll_sdmmc.o(i.SDMMC_CmdSendCSD)
    SDMMC_CmdSendSCR                         0x08002aa7   Thumb Code    48  stm32f4xx_ll_sdmmc.o(i.SDMMC_CmdSendSCR)
    SDMMC_CmdSendStatus                      0x08002ad7   Thumb Code    50  stm32f4xx_ll_sdmmc.o(i.SDMMC_CmdSendStatus)
    SDMMC_CmdSetRelAdd                       0x08002b09   Thumb Code    48  stm32f4xx_ll_sdmmc.o(i.SDMMC_CmdSetRelAdd)
    SDMMC_CmdStopTransfer                    0x08002b39   Thumb Code    46  stm32f4xx_ll_sdmmc.o(i.SDMMC_CmdStopTransfer)
    SDMMC_CmdWriteMultiBlock                 0x08002b6d   Thumb Code    50  stm32f4xx_ll_sdmmc.o(i.SDMMC_CmdWriteMultiBlock)
    SDMMC_CmdWriteSingleBlock                0x08002b9f   Thumb Code    50  stm32f4xx_ll_sdmmc.o(i.SDMMC_CmdWriteSingleBlock)
    SD_initialize                            0x08003209   Thumb Code    64  sd_diskio.o(i.SD_initialize)
    SD_ioctl                                 0x08003251   Thumb Code    76  sd_diskio.o(i.SD_ioctl)
    SD_read                                  0x080032a1   Thumb Code   152  sd_diskio.o(i.SD_read)
    SD_status                                0x08003341   Thumb Code     4  sd_diskio.o(i.SD_status)
    SD_write                                 0x08003345   Thumb Code   178  sd_diskio.o(i.SD_write)
    StartDefaultTask                         0x08003511   Thumb Code   242  freertos.o(i.StartDefaultTask)
    SysTick_Handler                          0x080036bd   Thumb Code    38  port.o(i.SysTick_Handler)
    SystemClock_Config                       0x080036e9   Thumb Code   126  main.o(i.SystemClock_Config)
    SystemInit                               0x08003771   Thumb Code    12  system_stm32f4xx.o(i.SystemInit)
    TIM1_UP_TIM10_IRQHandler                 0x08003781   Thumb Code     6  stm32f4xx_it.o(i.TIM1_UP_TIM10_IRQHandler)
    TIM_Base_SetConfig                       0x0800378d   Thumb Code   156  stm32f4xx_hal_tim.o(i.TIM_Base_SetConfig)
    USER_initialize                          0x08003961   Thumb Code    10  user_diskio.o(i.USER_initialize)
    USER_ioctl                               0x0800396b   Thumb Code    40  user_diskio.o(i.USER_ioctl)
    USER_read                                0x08003993   Thumb Code    44  user_diskio.o(i.USER_read)
    USER_status                              0x080039bf   Thumb Code     4  user_diskio.o(i.USER_status)
    USER_write                               0x080039c3   Thumb Code    44  user_diskio.o(i.USER_write)
    UsageFault_Handler                       0x080039ef   Thumb Code     2  stm32f4xx_it.o(i.UsageFault_Handler)
    __0printf$8                              0x080039f1   Thumb Code    22  printf8.o(i.__0printf$8)
    __1printf$8                              0x080039f1   Thumb Code     0  printf8.o(i.__0printf$8)
    __2printf                                0x080039f1   Thumb Code     0  printf8.o(i.__0printf$8)
    __0sprintf$8                             0x08003a11   Thumb Code    34  printf8.o(i.__0sprintf$8)
    __1sprintf$8                             0x08003a11   Thumb Code     0  printf8.o(i.__0sprintf$8)
    __2sprintf                               0x08003a11   Thumb Code     0  printf8.o(i.__0sprintf$8)
    __scatterload_copy                       0x08003a59   Thumb Code    14  handlers.o(i.__scatterload_copy)
    __scatterload_null                       0x08003a67   Thumb Code     2  handlers.o(i.__scatterload_null)
    __scatterload_zeroinit                   0x08003a69   Thumb Code    14  handlers.o(i.__scatterload_zeroinit)
    delay_init                               0x08004169   Thumb Code     6  delay.o(i.delay_init)
    delay_ms                                 0x08004175   Thumb Code    10  delay.o(i.delay_ms)
    delay_us                                 0x08004181   Thumb Code    48  delay.o(i.delay_us)
    disk_initialize                          0x08004491   Thumb Code    36  diskio.o(i.disk_initialize)
    disk_ioctl                               0x080044b9   Thumb Code    24  diskio.o(i.disk_ioctl)
    disk_read                                0x080044d5   Thumb Code    24  diskio.o(i.disk_read)
    disk_status                              0x080044f1   Thumb Code    18  diskio.o(i.disk_status)
    disk_write                               0x08004509   Thumb Code    24  diskio.o(i.disk_write)
    f_mkfs                                   0x08004525   Thumb Code  2724  ff.o(i.f_mkfs)
    f_mount                                  0x08004fe9   Thumb Code   118  ff.o(i.f_mount)
    f_setlabel                               0x08005065   Thumb Code   498  ff.o(i.f_setlabel)
    ff_convert                               0x0800525d   Thumb Code    68  cc936.o(i.ff_convert)
    ff_cre_syncobj                           0x080052a9   Thumb Code    26  syscall.o(i.ff_cre_syncobj)
    ff_del_syncobj                           0x080052c3   Thumb Code    10  syscall.o(i.ff_del_syncobj)
    ff_rel_grant                             0x080052cd   Thumb Code     4  syscall.o(i.ff_rel_grant)
    ff_req_grant                             0x080052d1   Thumb Code    20  syscall.o(i.ff_req_grant)
    ff_wtoupper                              0x080052e5   Thumb Code   120  cc936.o(i.ff_wtoupper)
    fmout_disks                              0x08005791   Thumb Code   340  freertos.o(i.fmout_disks)
    fputc                                    0x08005a3d   Thumb Code    12  usart.o(i.fputc)
    get_fattime                              0x08005b7b   Thumb Code     4  fatfs.o(i.get_fattime)
    init_disks                               0x08005bc9   Thumb Code   312  freertos.o(i.init_disks)
    lcd_clear                                0x08005dbd   Thumb Code    44  lcd.o(i.lcd_clear)
    lcd_display_dir                          0x08005ded   Thumb Code   230  lcd.o(i.lcd_display_dir)
    lcd_draw_point                           0x08005ed9   Thumb Code    22  lcd.o(i.lcd_draw_point)
    lcd_ex_ili9341_reginit                   0x08005eef   Thumb Code   558  lcd.o(i.lcd_ex_ili9341_reginit)
    lcd_ex_ili9806_reginit                   0x0800611d   Thumb Code   834  lcd.o(i.lcd_ex_ili9806_reginit)
    lcd_ex_nt35310_reginit                   0x0800645f   Thumb Code  3828  lcd.o(i.lcd_ex_nt35310_reginit)
    lcd_ex_nt35510_reginit                   0x08007353   Thumb Code  3834  lcd.o(i.lcd_ex_nt35510_reginit)
    lcd_ex_ssd1963_reginit                   0x0800824d   Thumb Code   368  lcd.o(i.lcd_ex_ssd1963_reginit)
    lcd_ex_st7789_reginit                    0x080083bd   Thumb Code   426  lcd.o(i.lcd_ex_st7789_reginit)
    lcd_ex_st7796_reginit                    0x08008567   Thumb Code   456  lcd.o(i.lcd_ex_st7796_reginit)
    lcd_init                                 0x08008731   Thumb Code   668  lcd.o(i.lcd_init)
    lcd_scan_dir                             0x08008a0d   Thumb Code   384  lcd.o(i.lcd_scan_dir)
    lcd_set_cursor                           0x08008b91   Thumb Code   238  lcd.o(i.lcd_set_cursor)
    lcd_show_char                            0x08008c85   Thumb Code   196  lcd.o(i.lcd_show_char)
    lcd_show_num                             0x08008d61   Thumb Code   114  lcd.o(i.lcd_show_num)
    lcd_show_string                          0x08008dd3   Thumb Code    86  lcd.o(i.lcd_show_string)
    lcd_ssd_backlight_set                    0x08008e29   Thumb Code    72  lcd.o(i.lcd_ssd_backlight_set)
    lcd_wr_data                              0x08008e79   Thumb Code    24  lcd.o(i.lcd_wr_data)
    lcd_wr_regno                             0x08008e91   Thumb Code    24  lcd.o(i.lcd_wr_regno)
    lcd_write_ram_prepare                    0x08008ea9   Thumb Code    14  lcd.o(i.lcd_write_ram_prepare)
    lcd_write_reg                            0x08008ebd   Thumb Code    12  lcd.o(i.lcd_write_reg)
    main                                     0x0800901d   Thumb Code   116  main.o(i.main)
    my_mem_init                              0x08009131   Thumb Code    36  mymalloc.o(i.my_mem_init)
    my_mem_occupy                            0x0800915d   Thumb Code    38  mymalloc.o(i.my_mem_occupy)
    my_mem_perused                           0x0800918d   Thumb Code    50  mymalloc.o(i.my_mem_perused)
    my_mem_set                               0x080091c9   Thumb Code    14  mymalloc.o(i.my_mem_set)
    norflash_erase_sector                    0x080091d9   Thumb Code    58  norflash.o(i.norflash_erase_sector)
    norflash_init                            0x08009219   Thumb Code    96  norflash.o(i.norflash_init)
    norflash_read                            0x08009281   Thumb Code    74  norflash.o(i.norflash_read)
    norflash_read_id                         0x080092d1   Thumb Code    72  norflash.o(i.norflash_read_id)
    norflash_read_sr                         0x0800931d   Thumb Code    68  norflash.o(i.norflash_read_sr)
    norflash_write                           0x080093a9   Thumb Code   152  norflash.o(i.norflash_write)
    norflash_write_enable                    0x08009445   Thumb Code    38  norflash.o(i.norflash_write_enable)
    norflash_write_sr                        0x080094f1   Thumb Code    70  norflash.o(i.norflash_write_sr)
    osDelay                                  0x0800953d   Thumb Code    14  cmsis_os.o(i.osDelay)
    osKernelRunning                          0x0800954b   Thumb Code    18  cmsis_os.o(i.osKernelRunning)
    osKernelStart                            0x0800955d   Thumb Code    10  cmsis_os.o(i.osKernelStart)
    osKernelSysTick                          0x08009567   Thumb Code    24  cmsis_os.o(i.osKernelSysTick)
    osMessageCreate                          0x0800957f   Thumb Code     8  cmsis_os.o(i.osMessageCreate)
    osMessageGet                             0x08009589   Thumb Code   144  cmsis_os.o(i.osMessageGet)
    osMessagePut                             0x0800961d   Thumb Code    86  cmsis_os.o(i.osMessagePut)
    osSemaphoreCreate                        0x08009679   Thumb Code    38  cmsis_os.o(i.osSemaphoreCreate)
    osSemaphoreDelete                        0x0800969f   Thumb Code    24  cmsis_os.o(i.osSemaphoreDelete)
    osSemaphoreRelease                       0x080096b9   Thumb Code    74  cmsis_os.o(i.osSemaphoreRelease)
    osSemaphoreWait                          0x08009709   Thumb Code    96  cmsis_os.o(i.osSemaphoreWait)
    osThreadCreate                           0x0800976d   Thumb Code    46  cmsis_os.o(i.osThreadCreate)
    pvPortMalloc                             0x08009d01   Thumb Code   170  heap_5.o(i.pvPortMalloc)
    pvTaskIncrementMutexHeldCount            0x08009db1   Thumb Code    18  tasks.o(i.pvTaskIncrementMutexHeldCount)
    pxPortInitialiseStack                    0x08009dc9   Thumb Code    40  port.o(i.pxPortInitialiseStack)
    spi1_read_write_byte                     0x08009df5   Thumb Code    28  spi.o(i.spi1_read_write_byte)
    spi1_set_speed                           0x08009e15   Thumb Code    48  spi.o(i.spi1_set_speed)
    sram_init                                0x08009e49   Thumb Code   326  sram.o(i.sram_init)
    uxListRemove                             0x0800a0d3   Thumb Code    38  list.o(i.uxListRemove)
    vListInitialise                          0x0800a0f9   Thumb Code    22  list.o(i.vListInitialise)
    vListInitialiseItem                      0x0800a10f   Thumb Code     6  list.o(i.vListInitialiseItem)
    vListInsert                              0x0800a115   Thumb Code    48  list.o(i.vListInsert)
    vListInsertEnd                           0x0800a145   Thumb Code    24  list.o(i.vListInsertEnd)
    vPortDefineHeapRegions                   0x0800a15d   Thumb Code   178  heap_5.o(i.vPortDefineHeapRegions)
    vPortEnterCritical                       0x0800a215   Thumb Code    54  port.o(i.vPortEnterCritical)
    vPortExitCritical                        0x0800a255   Thumb Code    34  port.o(i.vPortExitCritical)
    vPortFree                                0x0800a27d   Thumb Code    94  heap_5.o(i.vPortFree)
    vPortSetupTimerInterrupt                 0x0800a2e1   Thumb Code    32  port.o(i.vPortSetupTimerInterrupt)
    vPortValidateInterruptPriority           0x0800a305   Thumb Code    74  port.o(i.vPortValidateInterruptPriority)
    vQueueDelete                             0x0800a359   Thumb Code    36  queue.o(i.vQueueDelete)
    vQueueUnregisterQueue                    0x0800a37d   Thumb Code    36  queue.o(i.vQueueUnregisterQueue)
    vTaskDelay                               0x0800a3a5   Thumb Code    66  tasks.o(i.vTaskDelay)
    vTaskInternalSetTimeOutState             0x0800a3f1   Thumb Code    12  tasks.o(i.vTaskInternalSetTimeOutState)
    vTaskMissedYield                         0x0800a401   Thumb Code     8  tasks.o(i.vTaskMissedYield)
    vTaskPlaceOnEventList                    0x0800a40d   Thumb Code    44  tasks.o(i.vTaskPlaceOnEventList)
    vTaskPriorityDisinheritAfterTimeout      0x0800a43d   Thumb Code   152  tasks.o(i.vTaskPriorityDisinheritAfterTimeout)
    vTaskStartScheduler                      0x0800a4dd   Thumb Code    88  tasks.o(i.vTaskStartScheduler)
    vTaskSuspendAll                          0x0800a545   Thumb Code    10  tasks.o(i.vTaskSuspendAll)
    vTaskSwitchContext                       0x0800a555   Thumb Code    82  tasks.o(i.vTaskSwitchContext)
    xPortStartScheduler                      0x0800a5b1   Thumb Code   222  port.o(i.xPortStartScheduler)
    xQueueGenericCreate                      0x0800a6a5   Thumb Code    66  queue.o(i.xQueueGenericCreate)
    xQueueGenericReset                       0x0800a6e9   Thumb Code   132  queue.o(i.xQueueGenericReset)
    xQueueGenericSend                        0x0800a771   Thumb Code   346  queue.o(i.xQueueGenericSend)
    xQueueGenericSendFromISR                 0x0800a8d1   Thumb Code   190  queue.o(i.xQueueGenericSendFromISR)
    xQueueGiveFromISR                        0x0800a98f   Thumb Code   156  queue.o(i.xQueueGiveFromISR)
    xQueueReceive                            0x0800aa2d   Thumb Code   308  queue.o(i.xQueueReceive)
    xQueueReceiveFromISR                     0x0800ab65   Thumb Code   154  queue.o(i.xQueueReceiveFromISR)
    xQueueSemaphoreTake                      0x0800ac01   Thumb Code   372  queue.o(i.xQueueSemaphoreTake)
    xTaskCheckForTimeOut                     0x0800ad79   Thumb Code   112  tasks.o(i.xTaskCheckForTimeOut)
    xTaskCreate                              0x0800aded   Thumb Code    86  tasks.o(i.xTaskCreate)
    xTaskGetSchedulerState                   0x0800ae45   Thumb Code    22  tasks.o(i.xTaskGetSchedulerState)
    xTaskGetTickCount                        0x0800ae61   Thumb Code     6  tasks.o(i.xTaskGetTickCount)
    xTaskGetTickCountFromISR                 0x0800ae6d   Thumb Code    12  tasks.o(i.xTaskGetTickCountFromISR)
    xTaskIncrementTick                       0x0800ae7d   Thumb Code   194  tasks.o(i.xTaskIncrementTick)
    xTaskPriorityDisinherit                  0x0800af49   Thumb Code   144  tasks.o(i.xTaskPriorityDisinherit)
    xTaskPriorityInherit                     0x0800afe1   Thumb Code   130  tasks.o(i.xTaskPriorityInherit)
    xTaskRemoveFromEventList                 0x0800b06d   Thumb Code   108  tasks.o(i.xTaskRemoveFromEventList)
    xTaskResumeAll                           0x0800b0e1   Thumb Code   182  tasks.o(i.xTaskResumeAll)
    asc2_1206                                0x0800b1e8   Data        1140  lcd.o(.constdata)
    asc2_1608                                0x0800b65c   Data        1520  lcd.o(.constdata)
    asc2_2412                                0x0800bc4c   Data        3420  lcd.o(.constdata)
    asc2_3216                                0x0800c9a8   Data        6080  lcd.o(.constdata)
    memtblsize                               0x0800e168   Data          12  mymalloc.o(.constdata)
    memblksize                               0x0800e174   Data          12  mymalloc.o(.constdata)
    memsize                                  0x0800e180   Data          12  mymalloc.o(.constdata)
    SD_Driver                                0x0800e18c   Data          20  sd_diskio.o(.constdata)
    g_text_buf                               0x0800e1a8   Data          16  freertos.o(.constdata)
    AHBPrescTable                            0x0800e1d4   Data          16  system_stm32f4xx.o(.constdata)
    APBPrescTable                            0x0800e1e4   Data           8  system_stm32f4xx.o(.constdata)
    Region$$Table$$Base                      0x08038de8   Number         0  anon$$obj.o(Region$$Table)
    Region$$Table$$Limit                     0x08038e08   Number         0  anon$$obj.o(Region$$Table)
    g_back_color                             0x20000004   Data           4  lcd.o(.data)
    mallco_dev                               0x20000008   Data          36  mymalloc.o(.data)
    g_norflash_type                          0x2000002c   Data           2  norflash.o(.data)
    colors                                   0x2000002e   Data          24  main.o(.data)
    color_index                              0x20000046   Data           1  main.o(.data)
    memused                                  0x20000048   Data           2  main.o(.data)
    xHeapRegions                             0x2000004c   Data          16  main.o(.data)
    retSD                                    0x20000064   Data           1  fatfs.o(.data)
    retUSER                                  0x20000065   Data           1  fatfs.o(.data)
    SDPath                                   0x20000066   Data           4  fatfs.o(.data)
    USERPath                                 0x2000006a   Data           4  fatfs.o(.data)
    USER_Driver                              0x20000070   Data          20  user_diskio.o(.data)
    recv                                     0x20000084   Data           4  freertos.o(.data)
    xMountDisksTaskHandle                    0x20000088   Data           4  freertos.o(.data)
    defaultTaskHandle                        0x2000008c   Data           4  freertos.o(.data)
    uwTickFreq                               0x20000098   Data           1  stm32f4xx_hal.o(.data)
    uwTickPrio                               0x2000009c   Data           4  stm32f4xx_hal.o(.data)
    uwTick                                   0x200000a0   Data           4  stm32f4xx_hal.o(.data)
    SystemCoreClock                          0x200000a4   Data           4  system_stm32f4xx.o(.data)
    pxCurrentTCB                             0x200000a8   Data           4  tasks.o(.data)
    __stdout                                 0x2000011c   Data           4  stdout.o(.data)
    lcddev                                   0x20000120   Data          14  lcd.o(.bss)
    g_norflash_buf                           0x2001aa40   Data        4096  norflash.o(.bss)
    paddr                                    0x2001ba40   Data          20  main.o(.bss)
    lcd_id                                   0x2001ba54   Data          12  main.o(.bss)
    SDFatFS                                  0x2001bc60   Data         572  fatfs.o(.bss)
    USERFatFS                                0x2001be9c   Data         572  fatfs.o(.bss)
    datatemp                                 0x2001c0d8   Data          16  freertos.o(.bss)
    hsram1                                   0x2001c0e8   Data          80  fsmc.o(.bss)
    hsram2                                   0x2001c138   Data          80  fsmc.o(.bss)
    hsd                                      0x2001c188   Data         132  sdio.o(.bss)
    hdma_sdio_rx                             0x2001c20c   Data          96  sdio.o(.bss)
    hdma_sdio_tx                             0x2001c26c   Data          96  sdio.o(.bss)
    hspi1                                    0x2001c2cc   Data          88  spi.o(.bss)
    huart1                                   0x2001c324   Data          68  usart.o(.bss)
    htim1                                    0x2001c368   Data          72  stm32f4xx_hal_timebase_tim.o(.bss)
    xQueueRegistry                           0x2001c3b0   Data          64  queue.o(.bss)
    disk                                     0x2001c500   Data          16  ff_gen_drv.o(.bss)
    __initial_sp                             0x2001c910   Data           0  startup_stm32f407xx.o(STACK)



==============================================================================

Memory Map of the image

  Image Entry point : 0x08000189

  Load Region LR_IROM1 (Base: 0x08000000, Size: 0x00038f28, Max: 0x00100000, ABSOLUTE)

    Execution Region ER_IROM1 (Base: 0x08000000, Size: 0x00038e08, Max: 0x00100000, ABSOLUTE)

    Base Addr    Size         Type   Attr      Idx    E Section Name        Object

    0x08000000   0x00000188   Data   RO            3    RESET               startup_stm32f407xx.o
    0x08000188   0x00000000   Code   RO         7072  * .ARM.Collect$$$$00000000  mc_w.l(entry.o)
    0x08000188   0x00000004   Code   RO         7380    .ARM.Collect$$$$00000001  mc_w.l(entry2.o)
    0x0800018c   0x00000004   Code   RO         7383    .ARM.Collect$$$$00000004  mc_w.l(entry5.o)
    0x08000190   0x00000000   Code   RO         7385    .ARM.Collect$$$$00000008  mc_w.l(entry7b.o)
    0x08000190   0x00000000   Code   RO         7387    .ARM.Collect$$$$0000000A  mc_w.l(entry8b.o)
    0x08000190   0x00000008   Code   RO         7388    .ARM.Collect$$$$0000000B  mc_w.l(entry9a.o)
    0x08000198   0x00000000   Code   RO         7390    .ARM.Collect$$$$0000000D  mc_w.l(entry10a.o)
    0x08000198   0x00000000   Code   RO         7392    .ARM.Collect$$$$0000000F  mc_w.l(entry11a.o)
    0x08000198   0x00000004   Code   RO         7381    .ARM.Collect$$$$00002712  mc_w.l(entry2.o)
    0x0800019c   0x000000be   Code   RO         6339    .emb_text           port.o
    0x0800025a   0x00000002   PAD
    0x0800025c   0x00000024   Code   RO            4    .text               startup_stm32f407xx.o
    0x08000280   0x00000062   Code   RO         7075    .text               mc_w.l(uldiv.o)
    0x080002e2   0x00000024   Code   RO         7077    .text               mc_w.l(memcpya.o)
    0x08000306   0x00000024   Code   RO         7081    .text               mc_w.l(memseta.o)
    0x0800032a   0x000000e4   Code   RO         7374    .text               mf_w.l(dmul.o)
    0x0800040e   0x0000001a   Code   RO         7376    .text               mf_w.l(dfltui.o)
    0x08000428   0x00000032   Code   RO         7378    .text               mf_w.l(dfixui.o)
    0x0800045a   0x0000001e   Code   RO         7397    .text               mc_w.l(llshl.o)
    0x08000478   0x00000020   Code   RO         7399    .text               mc_w.l(llushr.o)
    0x08000498   0x00000000   Code   RO         7403    .text               mc_w.l(iusefp.o)
    0x08000498   0x000000ba   Code   RO         7404    .text               mf_w.l(depilogue.o)
    0x08000552   0x00000002   PAD
    0x08000554   0x00000024   Code   RO         7414    .text               mc_w.l(init.o)
    0x08000578   0x00000002   Code   RO          877    i.BSP_SD_AbortCallback  bsp_driver_sd.o
    0x0800057a   0x00000002   PAD
    0x0800057c   0x0000000c   Code   RO          883    i.BSP_SD_GetCardInfo  bsp_driver_sd.o
    0x08000588   0x00000018   Code   RO          884    i.BSP_SD_GetCardState  bsp_driver_sd.o
    0x080005a0   0x00000034   Code   RO          887    i.BSP_SD_Init       bsp_driver_sd.o
    0x080005d4   0x0000001c   Code   RO          890    i.BSP_SD_ReadBlocks_DMA  bsp_driver_sd.o
    0x080005f0   0x00000014   Code   RO         1021    i.BSP_SD_ReadCpltCallback  sd_diskio.o
    0x08000604   0x0000001c   Code   RO          893    i.BSP_SD_WriteBlocks_DMA  bsp_driver_sd.o
    0x08000620   0x00000014   Code   RO         1022    i.BSP_SD_WriteCpltCallback  sd_diskio.o
    0x08000634   0x00000002   Code   RO         1475    i.BusFault_Handler  stm32f4xx_it.o
    0x08000636   0x00000002   PAD
    0x08000638   0x0000000c   Code   RO         1476    i.DMA2_Stream3_IRQHandler  stm32f4xx_it.o
    0x08000644   0x0000000c   Code   RO         1477    i.DMA2_Stream6_IRQHandler  stm32f4xx_it.o
    0x08000650   0x00000028   Code   RO         4472    i.DMA_CalcBaseAndBitshift  stm32f4xx_hal_dma.o
    0x08000678   0x00000054   Code   RO         4473    i.DMA_CheckFifoParam  stm32f4xx_hal_dma.o
    0x080006cc   0x00000028   Code   RO         4474    i.DMA_SetConfig     stm32f4xx_hal_dma.o
    0x080006f4   0x00000002   Code   RO         1478    i.DebugMon_Handler  stm32f4xx_it.o
    0x080006f6   0x00000002   Code   RO          687    i.Error_Handler     main.o
    0x080006f8   0x00000006   Code   RO         6933    i.FATFS_LinkDriver  ff_gen_drv.o
    0x080006fe   0x00000002   PAD
    0x08000700   0x00000040   Code   RO         6934    i.FATFS_LinkDriverEx  ff_gen_drv.o
    0x08000740   0x00000040   Code   RO         1628    i.FSMC_NORSRAM_Extended_Timing_Init  stm32f4xx_ll_fsmc.o
    0x08000780   0x00000054   Code   RO         1629    i.FSMC_NORSRAM_Init  stm32f4xx_ll_fsmc.o
    0x080007d4   0x00000044   Code   RO         1630    i.FSMC_NORSRAM_Timing_Init  stm32f4xx_ll_fsmc.o
    0x08000818   0x00000024   Code   RO         4476    i.HAL_DMA_Abort_IT  stm32f4xx_hal_dma.o
    0x0800083c   0x00000004   Code   RO         4478    i.HAL_DMA_GetError  stm32f4xx_hal_dma.o
    0x08000840   0x000001a0   Code   RO         4480    i.HAL_DMA_IRQHandler  stm32f4xx_hal_dma.o
    0x080009e0   0x000000d4   Code   RO         4481    i.HAL_DMA_Init      stm32f4xx_hal_dma.o
    0x08000ab4   0x0000006e   Code   RO         4485    i.HAL_DMA_Start_IT  stm32f4xx_hal_dma.o
    0x08000b22   0x00000006   Code   RO           13    i.HAL_Delay         delay.o
    0x08000b28   0x000000a4   Code   RO         1283    i.HAL_FSMC_MspInit  fsmc.o
    0x08000bcc   0x000001ec   Code   RO         4368    i.HAL_GPIO_Init     stm32f4xx_hal_gpio.o
    0x08000db8   0x0000000a   Code   RO         4372    i.HAL_GPIO_WritePin  stm32f4xx_hal_gpio.o
    0x08000dc2   0x00000002   PAD
    0x08000dc4   0x0000000c   Code   RO         4900    i.HAL_GetTick       stm32f4xx_hal.o
    0x08000dd0   0x00000010   Code   RO         4906    i.HAL_IncTick       stm32f4xx_hal.o
    0x08000de0   0x00000034   Code   RO         4907    i.HAL_Init          stm32f4xx_hal.o
    0x08000e14   0x00000074   Code   RO         1581    i.HAL_InitTick      stm32f4xx_hal_timebase_tim.o
    0x08000e88   0x00000038   Code   RO         1557    i.HAL_MspInit       stm32f4xx_hal_msp.o
    0x08000ec0   0x0000001a   Code   RO         4757    i.HAL_NVIC_EnableIRQ  stm32f4xx_hal_cortex.o
    0x08000eda   0x00000002   PAD
    0x08000edc   0x00000040   Code   RO         4763    i.HAL_NVIC_SetPriority  stm32f4xx_hal_cortex.o
    0x08000f1c   0x00000024   Code   RO         4764    i.HAL_NVIC_SetPriorityGrouping  stm32f4xx_hal_cortex.o
    0x08000f40   0x00000134   Code   RO         4014    i.HAL_RCC_ClockConfig  stm32f4xx_hal_rcc.o
    0x08001074   0x00000040   Code   RO         4018    i.HAL_RCC_GetClockConfig  stm32f4xx_hal_rcc.o
    0x080010b4   0x00000020   Code   RO         4021    i.HAL_RCC_GetPCLK1Freq  stm32f4xx_hal_rcc.o
    0x080010d4   0x00000020   Code   RO         4022    i.HAL_RCC_GetPCLK2Freq  stm32f4xx_hal_rcc.o
    0x080010f4   0x00000060   Code   RO         4023    i.HAL_RCC_GetSysClockFreq  stm32f4xx_hal_rcc.o
    0x08001154   0x0000036c   Code   RO         4026    i.HAL_RCC_OscConfig  stm32f4xx_hal_rcc.o
    0x080014c0   0x00000008   Code   RO          895    i.HAL_SD_AbortCallback  bsp_driver_sd.o
    0x080014c8   0x00000118   Code   RO         2139    i.HAL_SD_ConfigWideBusOperation  stm32f4xx_hal_sd.o
    0x080015e0   0x00000002   Code   RO         2142    i.HAL_SD_ErrorCallback  stm32f4xx_hal_sd.o
    0x080015e2   0x00000002   PAD
    0x080015e4   0x00000198   Code   RO         2144    i.HAL_SD_GetCardCSD  stm32f4xx_hal_sd.o
    0x0800177c   0x00000024   Code   RO         2145    i.HAL_SD_GetCardInfo  stm32f4xx_hal_sd.o
    0x080017a0   0x0000002c   Code   RO         2146    i.HAL_SD_GetCardState  stm32f4xx_hal_sd.o
    0x080017cc   0x00000208   Code   RO         2150    i.HAL_SD_IRQHandler  stm32f4xx_hal_sd.o
    0x080019d4   0x00000036   Code   RO         2151    i.HAL_SD_Init       stm32f4xx_hal_sd.o
    0x08001a0a   0x00000002   PAD
    0x08001a0c   0x00000074   Code   RO         2152    i.HAL_SD_InitCard   stm32f4xx_hal_sd.o
    0x08001a80   0x00000138   Code   RO         1332    i.HAL_SD_MspInit    sdio.o
    0x08001bb8   0x00000124   Code   RO         2156    i.HAL_SD_ReadBlocks_DMA  stm32f4xx_hal_sd.o
    0x08001cdc   0x00000008   Code   RO          896    i.HAL_SD_RxCpltCallback  bsp_driver_sd.o
    0x08001ce4   0x00000008   Code   RO          897    i.HAL_SD_TxCpltCallback  bsp_driver_sd.o
    0x08001cec   0x00000120   Code   RO         2161    i.HAL_SD_WriteBlocks_DMA  stm32f4xx_hal_sd.o
    0x08001e0c   0x000000bc   Code   RO         2372    i.HAL_SPI_Init      stm32f4xx_hal_spi.o
    0x08001ec8   0x00000068   Code   RO         1374    i.HAL_SPI_MspInit   spi.o
    0x08001f30   0x000001e2   Code   RO         2381    i.HAL_SPI_TransmitReceive  stm32f4xx_hal_spi.o
    0x08002112   0x00000056   Code   RO         1750    i.HAL_SRAM_Init     stm32f4xx_hal_sram.o
    0x08002168   0x00000004   Code   RO         1285    i.HAL_SRAM_MspInit  fsmc.o
    0x0800216c   0x00000002   Code   RO         3389    i.HAL_TIMEx_BreakCallback  stm32f4xx_hal_tim_ex.o
    0x0800216e   0x00000002   Code   RO         3390    i.HAL_TIMEx_CommutCallback  stm32f4xx_hal_tim_ex.o
    0x08002170   0x0000005a   Code   RO         2685    i.HAL_TIM_Base_Init  stm32f4xx_hal_tim.o
    0x080021ca   0x00000002   Code   RO         2687    i.HAL_TIM_Base_MspInit  stm32f4xx_hal_tim.o
    0x080021cc   0x00000080   Code   RO         2690    i.HAL_TIM_Base_Start_IT  stm32f4xx_hal_tim.o
    0x0800224c   0x00000002   Code   RO         2719    i.HAL_TIM_IC_CaptureCallback  stm32f4xx_hal_tim.o
    0x0800224e   0x00000166   Code   RO         2733    i.HAL_TIM_IRQHandler  stm32f4xx_hal_tim.o
    0x080023b4   0x00000002   Code   RO         2736    i.HAL_TIM_OC_DelayElapsedCallback  stm32f4xx_hal_tim.o
    0x080023b6   0x00000002   Code   RO         2763    i.HAL_TIM_PWM_PulseFinishedCallback  stm32f4xx_hal_tim.o
    0x080023b8   0x00000014   Code   RO          688    i.HAL_TIM_PeriodElapsedCallback  main.o
    0x080023cc   0x00000002   Code   RO         2776    i.HAL_TIM_TriggerCallback  stm32f4xx_hal_tim.o
    0x080023ce   0x00000062   Code   RO         3685    i.HAL_UART_Init     stm32f4xx_hal_uart.o
    0x08002430   0x0000006c   Code   RO         1428    i.HAL_UART_MspInit  usart.o
    0x0800249c   0x00000002   Code   RO         1479    i.HardFault_Handler  stm32f4xx_it.o
    0x0800249e   0x00000002   PAD
    0x080024a0   0x0000003c   Code   RO          853    i.MX_DMA_Init       dma.o
    0x080024dc   0x00000028   Code   RO         1125    i.MX_FATFS_Init     fatfs.o
    0x08002504   0x00000028   Code   RO         1219    i.MX_FREERTOS_Init  freertos.o
    0x0800252c   0x000000e0   Code   RO         1286    i.MX_FSMC_Init      fsmc.o
    0x0800260c   0x000000d0   Code   RO          829    i.MX_GPIO_Init      gpio.o
    0x080026dc   0x00000024   Code   RO         1333    i.MX_SDIO_SD_Init   sdio.o
    0x08002700   0x00000048   Code   RO         1375    i.MX_SPI1_Init      spi.o
    0x08002748   0x00000038   Code   RO         1429    i.MX_USART1_UART_Init  usart.o
    0x08002780   0x00000002   Code   RO         1480    i.MemManage_Handler  stm32f4xx_it.o
    0x08002782   0x00000002   Code   RO         1481    i.NMI_Handler       stm32f4xx_it.o
    0x08002784   0x00000024   Code   RO         1866    i.SDIO_ConfigData   stm32f4xx_ll_sdmmc.o
    0x080027a8   0x00000008   Code   RO         1870    i.SDIO_GetPowerState  stm32f4xx_ll_sdmmc.o
    0x080027b0   0x00000006   Code   RO         1871    i.SDIO_GetResponse  stm32f4xx_ll_sdmmc.o
    0x080027b6   0x00000002   PAD
    0x080027b8   0x0000000c   Code   RO         1482    i.SDIO_IRQHandler   stm32f4xx_it.o
    0x080027c4   0x00000024   Code   RO         1872    i.SDIO_Init         stm32f4xx_ll_sdmmc.o
    0x080027e8   0x00000010   Code   RO         1874    i.SDIO_PowerState_ON  stm32f4xx_ll_sdmmc.o
    0x080027f8   0x00000006   Code   RO         1875    i.SDIO_ReadFIFO     stm32f4xx_ll_sdmmc.o
    0x080027fe   0x00000020   Code   RO         1876    i.SDIO_SendCommand  stm32f4xx_ll_sdmmc.o
    0x0800281e   0x0000000a   Code   RO         1878    i.SDIO_WriteFIFO    stm32f4xx_ll_sdmmc.o
    0x08002828   0x00000032   Code   RO         1879    i.SDMMC_CmdAppCommand  stm32f4xx_ll_sdmmc.o
    0x0800285a   0x00000002   PAD
    0x0800285c   0x00000034   Code   RO         1880    i.SDMMC_CmdAppOperCommand  stm32f4xx_ll_sdmmc.o
    0x08002890   0x00000032   Code   RO         1881    i.SDMMC_CmdBlockLength  stm32f4xx_ll_sdmmc.o
    0x080028c2   0x00000032   Code   RO         1882    i.SDMMC_CmdBusWidth  stm32f4xx_ll_sdmmc.o
    0x080028f4   0x00000050   Code   RO         1886    i.SDMMC_CmdGoIdleState  stm32f4xx_ll_sdmmc.o
    0x08002944   0x00000074   Code   RO         1888    i.SDMMC_CmdOperCond  stm32f4xx_ll_sdmmc.o
    0x080029b8   0x00000032   Code   RO         1889    i.SDMMC_CmdReadMultiBlock  stm32f4xx_ll_sdmmc.o
    0x080029ea   0x00000032   Code   RO         1890    i.SDMMC_CmdReadSingleBlock  stm32f4xx_ll_sdmmc.o
    0x08002a1c   0x00000032   Code   RO         1893    i.SDMMC_CmdSelDesel  stm32f4xx_ll_sdmmc.o
    0x08002a4e   0x0000002c   Code   RO         1894    i.SDMMC_CmdSendCID  stm32f4xx_ll_sdmmc.o
    0x08002a7a   0x0000002c   Code   RO         1895    i.SDMMC_CmdSendCSD  stm32f4xx_ll_sdmmc.o
    0x08002aa6   0x00000030   Code   RO         1897    i.SDMMC_CmdSendSCR  stm32f4xx_ll_sdmmc.o
    0x08002ad6   0x00000032   Code   RO         1898    i.SDMMC_CmdSendStatus  stm32f4xx_ll_sdmmc.o
    0x08002b08   0x00000030   Code   RO         1899    i.SDMMC_CmdSetRelAdd  stm32f4xx_ll_sdmmc.o
    0x08002b38   0x00000034   Code   RO         1901    i.SDMMC_CmdStopTransfer  stm32f4xx_ll_sdmmc.o
    0x08002b6c   0x00000032   Code   RO         1903    i.SDMMC_CmdWriteMultiBlock  stm32f4xx_ll_sdmmc.o
    0x08002b9e   0x00000032   Code   RO         1904    i.SDMMC_CmdWriteSingleBlock  stm32f4xx_ll_sdmmc.o
    0x08002bd0   0x00000120   Code   RO         1905    i.SDMMC_GetCmdResp1  stm32f4xx_ll_sdmmc.o
    0x08002cf0   0x00000050   Code   RO         1906    i.SDMMC_GetCmdResp2  stm32f4xx_ll_sdmmc.o
    0x08002d40   0x00000044   Code   RO         1907    i.SDMMC_GetCmdResp3  stm32f4xx_ll_sdmmc.o
    0x08002d84   0x00000088   Code   RO         1908    i.SDMMC_GetCmdResp6  stm32f4xx_ll_sdmmc.o
    0x08002e0c   0x00000020   Code   RO         1023    i.SD_CheckStatus    sd_diskio.o
    0x08002e2c   0x00000024   Code   RO         1024    i.SD_CheckStatusWithTimeout  sd_diskio.o
    0x08002e50   0x00000064   Code   RO         2163    i.SD_DMAError       stm32f4xx_hal_sd.o
    0x08002eb4   0x00000042   Code   RO         2164    i.SD_DMAReceiveCplt  stm32f4xx_hal_sd.o
    0x08002ef6   0x00000044   Code   RO         2165    i.SD_DMARxAbort     stm32f4xx_hal_sd.o
    0x08002f3a   0x0000000e   Code   RO         2166    i.SD_DMATransmitCplt  stm32f4xx_hal_sd.o
    0x08002f48   0x00000044   Code   RO         2167    i.SD_DMATxAbort     stm32f4xx_hal_sd.o
    0x08002f8c   0x000000da   Code   RO         2168    i.SD_FindSCR        stm32f4xx_hal_sd.o
    0x08003066   0x000000ee   Code   RO         2169    i.SD_InitCard       stm32f4xx_hal_sd.o
    0x08003154   0x000000b4   Code   RO         2170    i.SD_PowerON        stm32f4xx_hal_sd.o
    0x08003208   0x00000048   Code   RO         1025    i.SD_initialize     sd_diskio.o
    0x08003250   0x00000050   Code   RO         1026    i.SD_ioctl          sd_diskio.o
    0x080032a0   0x000000a0   Code   RO         1027    i.SD_read           sd_diskio.o
    0x08003340   0x00000004   Code   RO         1028    i.SD_status         sd_diskio.o
    0x08003344   0x000000bc   Code   RO         1029    i.SD_write          sd_diskio.o
    0x08003400   0x00000058   Code   RO         2410    i.SPI_EndRxTxTransaction  stm32f4xx_hal_spi.o
    0x08003458   0x000000b8   Code   RO         2415    i.SPI_WaitFlagStateUntilTimeout  stm32f4xx_hal_spi.o
    0x08003510   0x000001ac   Code   RO         1220    i.StartDefaultTask  freertos.o
    0x080036bc   0x0000002c   Code   RO         6340    i.SysTick_Handler   port.o
    0x080036e8   0x00000088   Code   RO          689    i.SystemClock_Config  main.o
    0x08003770   0x00000010   Code   RO         5146    i.SystemInit        system_stm32f4xx.o
    0x08003780   0x0000000c   Code   RO         1483    i.TIM1_UP_TIM10_IRQHandler  stm32f4xx_it.o
    0x0800378c   0x000000c8   Code   RO         2778    i.TIM_Base_SetConfig  stm32f4xx_hal_tim.o
    0x08003854   0x0000010c   Code   RO         3711    i.UART_SetConfig    stm32f4xx_hal_uart.o
    0x08003960   0x0000000a   Code   RO         1168    i.USER_initialize   user_diskio.o
    0x0800396a   0x00000028   Code   RO         1169    i.USER_ioctl        user_diskio.o
    0x08003992   0x0000002c   Code   RO         1170    i.USER_read         user_diskio.o
    0x080039be   0x00000004   Code   RO         1171    i.USER_status       user_diskio.o
    0x080039c2   0x0000002c   Code   RO         1172    i.USER_write        user_diskio.o
    0x080039ee   0x00000002   Code   RO         1484    i.UsageFault_Handler  stm32f4xx_it.o
    0x080039f0   0x00000020   Code   RO         7292    i.__0printf$8       mc_w.l(printf8.o)
    0x08003a10   0x00000028   Code   RO         7294    i.__0sprintf$8      mc_w.l(printf8.o)
    0x08003a38   0x00000020   Code   RO         4770    i.__NVIC_SetPriority  stm32f4xx_hal_cortex.o
    0x08003a58   0x0000000e   Code   RO         7420    i.__scatterload_copy  mc_w.l(handlers.o)
    0x08003a66   0x00000002   Code   RO         7421    i.__scatterload_null  mc_w.l(handlers.o)
    0x08003a68   0x0000000e   Code   RO         7422    i.__scatterload_zeroinit  mc_w.l(handlers.o)
    0x08003a76   0x00000002   PAD
    0x08003a78   0x00000410   Code   RO         7299    i._printf_core      mc_w.l(printf8.o)
    0x08003e88   0x00000024   Code   RO         7300    i._printf_post_padding  mc_w.l(printf8.o)
    0x08003eac   0x0000002e   Code   RO         7301    i._printf_pre_padding  mc_w.l(printf8.o)
    0x08003eda   0x0000000a   Code   RO         7303    i._sputc            mc_w.l(printf8.o)
    0x08003ee4   0x0000007c   Code   RO         6474    i.change_bitmap     ff.o
    0x08003f60   0x0000008c   Code   RO         6475    i.check_fs          ff.o
    0x08003fec   0x00000010   Code   RO         6476    i.chk_chr           ff.o
    0x08003ffc   0x00000020   Code   RO         6478    i.clear_lock        ff.o
    0x0800401c   0x00000018   Code   RO         6480    i.clust2sect        ff.o
    0x08004034   0x00000132   Code   RO         6482    i.create_chain      ff.o
    0x08004166   0x00000002   PAD
    0x08004168   0x0000000c   Code   RO           14    i.delay_init        delay.o
    0x08004174   0x0000000a   Code   RO           15    i.delay_ms          delay.o
    0x0800417e   0x00000002   PAD
    0x08004180   0x00000034   Code   RO           16    i.delay_us          delay.o
    0x080041b4   0x00000058   Code   RO         6486    i.dir_alloc         ff.o
    0x0800420c   0x00000108   Code   RO         6488    i.dir_next          ff.o
    0x08004314   0x000000e4   Code   RO         6489    i.dir_read          ff.o
    0x080043f8   0x00000096   Code   RO         6492    i.dir_sdi           ff.o
    0x0800448e   0x00000002   PAD
    0x08004490   0x00000028   Code   RO         6419    i.disk_initialize   diskio.o
    0x080044b8   0x0000001c   Code   RO         6420    i.disk_ioctl        diskio.o
    0x080044d4   0x0000001c   Code   RO         6421    i.disk_read         diskio.o
    0x080044f0   0x00000018   Code   RO         6422    i.disk_status       diskio.o
    0x08004508   0x0000001c   Code   RO         6423    i.disk_write        diskio.o
    0x08004524   0x00000ac4   Code   RO         6500    i.f_mkfs            ff.o
    0x08004fe8   0x0000007c   Code   RO         6501    i.f_mount           ff.o
    0x08005064   0x000001f8   Code   RO         6510    i.f_setlabel        ff.o
    0x0800525c   0x0000004c   Code   RO         7043    i.ff_convert        cc936.o
    0x080052a8   0x0000001a   Code   RO         6983    i.ff_cre_syncobj    syscall.o
    0x080052c2   0x0000000a   Code   RO         6984    i.ff_del_syncobj    syscall.o
    0x080052cc   0x00000004   Code   RO         6987    i.ff_rel_grant      syscall.o
    0x080052d0   0x00000014   Code   RO         6988    i.ff_req_grant      syscall.o
    0x080052e4   0x00000080   Code   RO         7044    i.ff_wtoupper       cc936.o
    0x08005364   0x00000032   Code   RO         6517    i.fill_last_frag    ff.o
    0x08005396   0x00000090   Code   RO         6518    i.find_bitmap       ff.o
    0x08005426   0x00000002   PAD
    0x08005428   0x00000368   Code   RO         6519    i.find_volume       ff.o
    0x08005790   0x000002ac   Code   RO         1221    i.fmout_disks       freertos.o
    0x08005a3c   0x00000010   Code   RO         1430    i.fputc             usart.o
    0x08005a4c   0x0000012e   Code   RO         6522    i.get_fat           ff.o
    0x08005b7a   0x00000004   Code   RO         1126    i.get_fattime       fatfs.o
    0x08005b7e   0x0000003c   Code   RO         6524    i.get_ldnumber      ff.o
    0x08005bba   0x0000000c   Code   RO         5909    i.inHandlerMode     cmsis_os.o
    0x08005bc6   0x00000002   PAD
    0x08005bc8   0x000001f4   Code   RO         1222    i.init_disks        freertos.o
    0x08005dbc   0x00000030   Code   RO          169    i.lcd_clear         lcd.o
    0x08005dec   0x000000ec   Code   RO          171    i.lcd_display_dir   lcd.o
    0x08005ed8   0x00000016   Code   RO          177    i.lcd_draw_point    lcd.o
    0x08005eee   0x0000022e   Code   RO          179    i.lcd_ex_ili9341_reginit  lcd.o
    0x0800611c   0x00000342   Code   RO          180    i.lcd_ex_ili9806_reginit  lcd.o
    0x0800645e   0x00000ef4   Code   RO          181    i.lcd_ex_nt35310_reginit  lcd.o
    0x08007352   0x00000efa   Code   RO          182    i.lcd_ex_nt35510_reginit  lcd.o
    0x0800824c   0x00000170   Code   RO          183    i.lcd_ex_ssd1963_reginit  lcd.o
    0x080083bc   0x000001aa   Code   RO          184    i.lcd_ex_st7789_reginit  lcd.o
    0x08008566   0x000001c8   Code   RO          185    i.lcd_ex_st7796_reginit  lcd.o
    0x0800872e   0x00000002   PAD
    0x08008730   0x000002b0   Code   RO          189    i.lcd_init          lcd.o
    0x080089e0   0x00000010   Code   RO          190    i.lcd_pow           lcd.o
    0x080089f0   0x0000001a   Code   RO          191    i.lcd_rd_data       lcd.o
    0x08008a0a   0x00000002   PAD
    0x08008a0c   0x00000184   Code   RO          193    i.lcd_scan_dir      lcd.o
    0x08008b90   0x000000f4   Code   RO          195    i.lcd_set_cursor    lcd.o
    0x08008c84   0x000000dc   Code   RO          197    i.lcd_show_char     lcd.o
    0x08008d60   0x00000072   Code   RO          198    i.lcd_show_num      lcd.o
    0x08008dd2   0x00000056   Code   RO          199    i.lcd_show_string   lcd.o
    0x08008e28   0x00000050   Code   RO          201    i.lcd_ssd_backlight_set  lcd.o
    0x08008e78   0x00000018   Code   RO          202    i.lcd_wr_data       lcd.o
    0x08008e90   0x00000018   Code   RO          203    i.lcd_wr_regno      lcd.o
    0x08008ea8   0x00000014   Code   RO          204    i.lcd_write_ram_prepare  lcd.o
    0x08008ebc   0x0000000c   Code   RO          205    i.lcd_write_reg     lcd.o
    0x08008ec8   0x00000016   Code   RO         6528    i.ld_dword          ff.o
    0x08008ede   0x00000056   Code   RO         6529    i.ld_qword          ff.o
    0x08008f34   0x0000000a   Code   RO         6530    i.ld_word           ff.o
    0x08008f3e   0x000000c8   Code   RO         6532    i.load_xdir         ff.o
    0x08009006   0x00000014   Code   RO         6533    i.lock_fs           ff.o
    0x0800901a   0x00000002   PAD
    0x0800901c   0x0000009c   Code   RO          691    i.main              main.o
    0x080090b8   0x0000000c   Code   RO         5911    i.makeFreeRtosPriority  cmsis_os.o
    0x080090c4   0x0000001a   Code   RO         6534    i.mem_cmp           ff.o
    0x080090de   0x00000012   Code   RO         6535    i.mem_cpy           ff.o
    0x080090f0   0x0000000e   Code   RO         6536    i.mem_set           ff.o
    0x080090fe   0x00000032   Code   RO         6537    i.move_window       ff.o
    0x08009130   0x0000002c   Code   RO          439    i.my_mem_init       mymalloc.o
    0x0800915c   0x00000030   Code   RO          441    i.my_mem_occupy     mymalloc.o
    0x0800918c   0x0000003c   Code   RO          442    i.my_mem_perused    mymalloc.o
    0x080091c8   0x0000000e   Code   RO          443    i.my_mem_set        mymalloc.o
    0x080091d6   0x00000002   PAD
    0x080091d8   0x00000040   Code   RO          589    i.norflash_erase_sector  norflash.o
    0x08009218   0x00000068   Code   RO          590    i.norflash_init     norflash.o
    0x08009280   0x00000050   Code   RO          591    i.norflash_read     norflash.o
    0x080092d0   0x0000004c   Code   RO          592    i.norflash_read_id  norflash.o
    0x0800931c   0x00000048   Code   RO          593    i.norflash_read_sr  norflash.o
    0x08009364   0x00000034   Code   RO          594    i.norflash_send_address  norflash.o
    0x08009398   0x0000000e   Code   RO          595    i.norflash_wait_busy  norflash.o
    0x080093a6   0x00000002   PAD
    0x080093a8   0x0000009c   Code   RO          596    i.norflash_write    norflash.o
    0x08009444   0x0000002c   Code   RO          597    i.norflash_write_enable  norflash.o
    0x08009470   0x00000080   Code   RO          598    i.norflash_write_nocheck  norflash.o
    0x080094f0   0x0000004c   Code   RO          599    i.norflash_write_sr  norflash.o
    0x0800953c   0x0000000e   Code   RO         5913    i.osDelay           cmsis_os.o
    0x0800954a   0x00000012   Code   RO         5915    i.osKernelRunning   cmsis_os.o
    0x0800955c   0x0000000a   Code   RO         5916    i.osKernelStart     cmsis_os.o
    0x08009566   0x00000018   Code   RO         5917    i.osKernelSysTick   cmsis_os.o
    0x0800957e   0x00000008   Code   RO         5925    i.osMessageCreate   cmsis_os.o
    0x08009586   0x00000002   PAD
    0x08009588   0x00000094   Code   RO         5927    i.osMessageGet      cmsis_os.o
    0x0800961c   0x0000005c   Code   RO         5929    i.osMessagePut      cmsis_os.o
    0x08009678   0x00000026   Code   RO         5942    i.osSemaphoreCreate  cmsis_os.o
    0x0800969e   0x00000018   Code   RO         5943    i.osSemaphoreDelete  cmsis_os.o
    0x080096b6   0x00000002   PAD
    0x080096b8   0x00000050   Code   RO         5945    i.osSemaphoreRelease  cmsis_os.o
    0x08009708   0x00000064   Code   RO         5946    i.osSemaphoreWait   cmsis_os.o
    0x0800976c   0x0000002e   Code   RO         5950    i.osThreadCreate    cmsis_os.o
    0x0800979a   0x00000002   PAD
    0x0800979c   0x00000074   Code   RO         6538    i.pick_lfn          ff.o
    0x08009810   0x00000070   Code   RO         5599    i.prvAddCurrentTaskToDelayedList  tasks.o
    0x08009880   0x000000d0   Code   RO         5600    i.prvAddNewTaskToReadyList  tasks.o
    0x08009950   0x00000026   Code   RO         5312    i.prvCopyDataFromQueue  queue.o
    0x08009976   0x0000006c   Code   RO         5313    i.prvCopyDataToQueue  queue.o
    0x080099e2   0x00000014   Code   RO         5601    i.prvDeleteTCB      tasks.o
    0x080099f6   0x00000002   PAD
    0x080099f8   0x00000060   Code   RO         5602    i.prvIdleTask       tasks.o
    0x08009a58   0x00000098   Code   RO         5603    i.prvInitialiseNewTask  tasks.o
    0x08009af0   0x0000004c   Code   RO         6278    i.prvInsertBlockIntoFreeList  heap_5.o
    0x08009b3c   0x0000001c   Code   RO         5314    i.prvIsQueueEmpty   queue.o
    0x08009b58   0x00000020   Code   RO         5604    i.prvResetNextTaskUnblockTime  tasks.o
    0x08009b78   0x00000028   Code   RO         6341    i.prvTaskExitError  port.o
    0x08009ba0   0x0000006a   Code   RO         5315    i.prvUnlockQueue    queue.o
    0x08009c0a   0x000000f6   Code   RO         6539    i.put_fat           ff.o
    0x08009d00   0x000000b0   Code   RO         6279    i.pvPortMalloc      heap_5.o
    0x08009db0   0x00000018   Code   RO         5606    i.pvTaskIncrementMutexHeldCount  tasks.o
    0x08009dc8   0x0000002c   Code   RO         6342    i.pxPortInitialiseStack  port.o
    0x08009df4   0x00000020   Code   RO         1376    i.spi1_read_write_byte  spi.o
    0x08009e14   0x00000034   Code   RO         1377    i.spi1_set_speed    spi.o
    0x08009e48   0x00000164   Code   RO          522    i.sram_init         sram.o
    0x08009fac   0x00000010   Code   RO         6544    i.st_dword          ff.o
    0x08009fbc   0x00000008   Code   RO         6546    i.st_word           ff.o
    0x08009fc4   0x0000001a   Code   RO         6548    i.sum_sfn           ff.o
    0x08009fde   0x00000002   PAD
    0x08009fe0   0x00000088   Code   RO         6549    i.sync_fs           ff.o
    0x0800a068   0x00000052   Code   RO         6550    i.sync_window       ff.o
    0x0800a0ba   0x00000018   Code   RO         6551    i.unlock_fs         ff.o
    0x0800a0d2   0x00000026   Code   RO         5272    i.uxListRemove      list.o
    0x0800a0f8   0x00000016   Code   RO         5273    i.vListInitialise   list.o
    0x0800a10e   0x00000006   Code   RO         5274    i.vListInitialiseItem  list.o
    0x0800a114   0x00000030   Code   RO         5275    i.vListInsert       list.o
    0x0800a144   0x00000018   Code   RO         5276    i.vListInsertEnd    list.o
    0x0800a15c   0x000000b8   Code   RO         6280    i.vPortDefineHeapRegions  heap_5.o
    0x0800a214   0x00000040   Code   RO         6344    i.vPortEnterCritical  port.o
    0x0800a254   0x00000028   Code   RO         6345    i.vPortExitCritical  port.o
    0x0800a27c   0x00000064   Code   RO         6281    i.vPortFree         heap_5.o
    0x0800a2e0   0x00000024   Code   RO         6346    i.vPortSetupTimerInterrupt  port.o
    0x0800a304   0x00000054   Code   RO         6347    i.vPortValidateInterruptPriority  port.o
    0x0800a358   0x00000024   Code   RO         5320    i.vQueueDelete      queue.o
    0x0800a37c   0x00000028   Code   RO         5321    i.vQueueUnregisterQueue  queue.o
    0x0800a3a4   0x0000004c   Code   RO         5613    i.vTaskDelay        tasks.o
    0x0800a3f0   0x00000010   Code   RO         5616    i.vTaskInternalSetTimeOutState  tasks.o
    0x0800a400   0x0000000c   Code   RO         5617    i.vTaskMissedYield  tasks.o
    0x0800a40c   0x00000030   Code   RO         5619    i.vTaskPlaceOnEventList  tasks.o
    0x0800a43c   0x000000a0   Code   RO         5621    i.vTaskPriorityDisinheritAfterTimeout  tasks.o
    0x0800a4dc   0x00000068   Code   RO         5626    i.vTaskStartScheduler  tasks.o
    0x0800a544   0x00000010   Code   RO         5628    i.vTaskSuspendAll   tasks.o
    0x0800a554   0x0000005c   Code   RO         5629    i.vTaskSwitchContext  tasks.o
    0x0800a5b0   0x000000f4   Code   RO         6348    i.xPortStartScheduler  port.o
    0x0800a6a4   0x00000042   Code   RO         5323    i.xQueueGenericCreate  queue.o
    0x0800a6e6   0x00000002   PAD
    0x0800a6e8   0x00000088   Code   RO         5324    i.xQueueGenericReset  queue.o
    0x0800a770   0x00000160   Code   RO         5325    i.xQueueGenericSend  queue.o
    0x0800a8d0   0x000000be   Code   RO         5326    i.xQueueGenericSendFromISR  queue.o
    0x0800a98e   0x0000009c   Code   RO         5327    i.xQueueGiveFromISR  queue.o
    0x0800aa2a   0x00000002   PAD
    0x0800aa2c   0x00000138   Code   RO         5332    i.xQueueReceive     queue.o
    0x0800ab64   0x0000009a   Code   RO         5333    i.xQueueReceiveFromISR  queue.o
    0x0800abfe   0x00000002   PAD
    0x0800ac00   0x00000178   Code   RO         5334    i.xQueueSemaphoreTake  queue.o
    0x0800ad78   0x00000074   Code   RO         5631    i.xTaskCheckForTimeOut  tasks.o
    0x0800adec   0x00000056   Code   RO         5632    i.xTaskCreate       tasks.o
    0x0800ae42   0x00000002   PAD
    0x0800ae44   0x0000001c   Code   RO         5636    i.xTaskGetSchedulerState  tasks.o
    0x0800ae60   0x0000000c   Code   RO         5637    i.xTaskGetTickCount  tasks.o
    0x0800ae6c   0x00000010   Code   RO         5638    i.xTaskGetTickCountFromISR  tasks.o
    0x0800ae7c   0x000000cc   Code   RO         5639    i.xTaskIncrementTick  tasks.o
    0x0800af48   0x00000098   Code   RO         5642    i.xTaskPriorityDisinherit  tasks.o
    0x0800afe0   0x0000008c   Code   RO         5643    i.xTaskPriorityInherit  tasks.o
    0x0800b06c   0x00000074   Code   RO         5644    i.xTaskRemoveFromEventList  tasks.o
    0x0800b0e0   0x000000c4   Code   RO         5645    i.xTaskResumeAll    tasks.o
    0x0800b1a4   0x00000034   Code   RO         6553    i.xdir_sum          ff.o
    0x0800b1d8   0x00000010   Code   RO         6555    i.xsum32            ff.o
    0x0800b1e8   0x00002f80   Data   RO          207    .constdata          lcd.o
    0x0800e168   0x00000024   Data   RO          453    .constdata          mymalloc.o
    0x0800e18c   0x00000014   Data   RO         1031    .constdata          sd_diskio.o
    0x0800e1a0   0x00000008   Data   RO         1032    .constdata          sd_diskio.o
    0x0800e1a8   0x00000024   Data   RO         1224    .constdata          freertos.o
    0x0800e1cc   0x00000008   Data   RO         4487    .constdata          stm32f4xx_hal_dma.o
    0x0800e1d4   0x00000010   Data   RO         5147    .constdata          system_stm32f4xx.o
    0x0800e1e4   0x00000008   Data   RO         5148    .constdata          system_stm32f4xx.o
    0x0800e1ec   0x0000003a   Data   RO         6557    .constdata          ff.o
    0x0800e226   0x0002abb6   Data   RO         7045    .constdata          cc936.o
    0x08038ddc   0x0000000c   Data   RO         1225    .conststring        freertos.o
    0x08038de8   0x00000020   Data   RO         7418    Region$$Table       anon$$obj.o


    Execution Region RW_IRAM1 (Base: 0x20000000, Size: 0x0001c910, Max: 0x00020000, ABSOLUTE)

    Base Addr    Size         Type   Attr      Idx    E Section Name        Object

    0x20000000   0x00000004   Data   RW           17    .data               delay.o
    0x20000004   0x00000004   Data   RW          209    .data               lcd.o
    0x20000008   0x00000024   Data   RW          454    .data               mymalloc.o
    0x2000002c   0x00000002   Data   RW          601    .data               norflash.o
    0x2000002e   0x00000018   Data   RW          695    .data               main.o
    0x20000046   0x00000001   Data   RW          696    .data               main.o
    0x20000047   0x00000001   PAD
    0x20000048   0x00000014   Data   RW          697    .data               main.o
    0x2000005c   0x00000008   Data   RW         1033    .data               sd_diskio.o
    0x20000064   0x0000000a   Data   RW         1131    .data               fatfs.o
    0x2000006e   0x00000002   PAD
    0x20000070   0x00000014   Data   RW         1173    .data               user_diskio.o
    0x20000084   0x0000000c   Data   RW         1226    .data               freertos.o
    0x20000090   0x00000008   Data   RW         1288    .data               fsmc.o
    0x20000098   0x0000000c   Data   RW         4914    .data               stm32f4xx_hal.o
    0x200000a4   0x00000004   Data   RW         5149    .data               system_stm32f4xx.o
    0x200000a8   0x0000003c   Data   RW         5648    .data               tasks.o
    0x200000e4   0x00000020   Data   RW         6285    .data               heap_5.o
    0x20000104   0x0000000c   Data   RW         6349    .data               port.o
    0x20000110   0x0000000c   Data   RW         6558    .data               ff.o
    0x2000011c   0x00000004   Data   RW         7394    .data               mc_w.l(stdout.o)
    0x20000120   0x0000000e   Zero   RW          206    .bss                lcd.o
    0x2000012e   0x00000012   PAD
    0x20000140   0x00019000   Zero   RW          451    .bss                mymalloc.o
    0x20019140   0x00001900   Zero   RW          452    .bss                mymalloc.o
    0x2001aa40   0x00001000   Zero   RW          600    .bss                norflash.o
    0x2001ba40   0x00000014   Zero   RW          692    .bss                main.o
    0x2001ba54   0x0000000c   Zero   RW          693    .bss                main.o
    0x2001ba60   0x00000200   Zero   RW         1030    .bss                sd_diskio.o
    0x2001bc60   0x0000023c   Zero   RW         1127    .bss                fatfs.o
    0x2001be9c   0x0000023c   Zero   RW         1129    .bss                fatfs.o
    0x2001c0d8   0x00000010   Zero   RW         1223    .bss                freertos.o
    0x2001c0e8   0x000000a0   Zero   RW         1287    .bss                fsmc.o
    0x2001c188   0x00000144   Zero   RW         1334    .bss                sdio.o
    0x2001c2cc   0x00000058   Zero   RW         1378    .bss                spi.o
    0x2001c324   0x00000044   Zero   RW         1431    .bss                usart.o
    0x2001c368   0x00000048   Zero   RW         1584    .bss                stm32f4xx_hal_timebase_tim.o
    0x2001c3b0   0x00000040   Zero   RW         5335    .bss                queue.o
    0x2001c3f0   0x000000f0   Zero   RW         5647    .bss                tasks.o
    0x2001c4e0   0x00000020   Zero   RW         6556    .bss                ff.o
    0x2001c500   0x00000010   Zero   RW         6937    .bss                ff_gen_drv.o
    0x2001c510   0x00000400   Zero   RW            1    STACK               startup_stm32f407xx.o



  Load Region LR$$.ARM.__AT_0x10000000 (Base: 0x10000000, Size: 0x00000000, Max: 0x0000f000, ABSOLUTE)

    Execution Region ER$$.ARM.__AT_0x10000000 (Base: 0x10000000, Size: 0x0000f000, Max: 0x0000f000, ABSOLUTE, UNINIT)

    Base Addr    Size         Type   Attr      Idx    E Section Name        Object

    0x10000000   0x0000f000   Zero   RW          447    .ARM.__AT_0x10000000  mymalloc.o



  Load Region LR$$.ARM.__AT_0x1000F000 (Base: 0x1000f000, Size: 0x00000000, Max: 0x00000f00, ABSOLUTE)

    Execution Region ER$$.ARM.__AT_0x1000F000 (Base: 0x1000f000, Size: 0x00000f00, Max: 0x00000f00, ABSOLUTE, UNINIT)

    Base Addr    Size         Type   Attr      Idx    E Section Name        Object

    0x1000f000   0x00000f00   Zero   RW          448    .ARM.__AT_0x1000F000  mymalloc.o



  Load Region LR$$.ARM.__AT_0x68000000 (Base: 0x68000000, Size: 0x00000000, Max: 0x000f0c00, ABSOLUTE)

    Execution Region ER$$.ARM.__AT_0x68000000 (Base: 0x68000000, Size: 0x000f0c00, Max: 0x000f0c00, ABSOLUTE, UNINIT)

    Base Addr    Size         Type   Attr      Idx    E Section Name        Object

    0x68000000   0x000f0c00   Zero   RW          449    .ARM.__AT_0x68000000  mymalloc.o



  Load Region LR$$.ARM.__AT_0x680F0C00 (Base: 0x680f0c00, Size: 0x00000000, Max: 0x0000f0c0, ABSOLUTE)

    Execution Region ER$$.ARM.__AT_0x680F0C00 (Base: 0x680f0c00, Size: 0x0000f0c0, Max: 0x0000f0c0, ABSOLUTE, UNINIT)

    Base Addr    Size         Type   Attr      Idx    E Section Name        Object

    0x680f0c00   0x0000f0c0   Zero   RW          450    .ARM.__AT_0x680F0C00  mymalloc.o


==============================================================================

Image component sizes


      Code (inc. data)   RO Data    RW Data    ZI Data      Debug   Object Name

       170         20          0          0          0       5552   bsp_driver_sd.o
       204         26     175030          0          0       2535   cc936.o
       626         20          0          0          0      25716   cmsis_os.o
        80         10          0          4          0     734983   delay.o
       148         22          0          0          0       3785   diskio.o
        60          4          0          0          0        778   dma.o
         0          0          0          0          0       9288   event_groups.o
        44         12          0         10       1144       4064   fatfs.o
      7352        162         58         12         32      39592   ff.o
        70          4          0          0         16       1659   ff_gen_drv.o
      1652        728         48         12         16       3848   freertos.o
       392         34          0          8        160       2358   fsmc.o
       208          8          0          0          0       1107   gpio.o
       536         22          0         32          0       8096   heap_5.o
     12552         94      12160          4         14      25116   lcd.o
       138          0          0          0          0       3598   list.o
       314         56          0         45         32      27255   main.o
       166         28         36         36    1221824       4411   mymalloc.o
       866         52          0          2       4096       7724   norflash.o
       786         82          0         12          0      11953   port.o
      2098         22          0          0         64      21067   queue.o
       612         48         28          8        512      10381   sd_diskio.o
       348         36          0          0        324       1859   sdio.o
       260         28          0          0         88       2777   spi.o
       356         30          0          0          0       2663   sram.o
        36          8        392          0       1024        844   startup_stm32f407xx.o
        80         14          0         12          0       8130   stm32f4xx_hal.o
       158         14          0          0          0      33202   stm32f4xx_hal_cortex.o
       942         16          8          0          0       7129   stm32f4xx_hal_dma.o
       502         44          0          0          0       2212   stm32f4xx_hal_gpio.o
        56          4          0          0          0        854   stm32f4xx_hal_msp.o
      1408         82          0          0          0       5957   stm32f4xx_hal_rcc.o
      2992         70          0          0          0      16775   stm32f4xx_hal_sd.o
       942         12          0          0          0       4957   stm32f4xx_hal_spi.o
        86          0          0          0          0       1232   stm32f4xx_hal_sram.o
       786         72          0          0          0       7444   stm32f4xx_hal_tim.o
         4          0          0          0          0       1625   stm32f4xx_hal_tim_ex.o
       116         16          0          0         72       1419   stm32f4xx_hal_timebase_tim.o
       366         10          0          0          0       2012   stm32f4xx_hal_uart.o
        60         24          0          0          0       4690   stm32f4xx_it.o
       216         12          0          0          0       2739   stm32f4xx_ll_fsmc.o
      1656         46          0          0          0      23287   stm32f4xx_ll_sdmmc.o
        60          0          0          0          0       3432   syscall.o
        16          4         24          4          0       1131   system_stm32f4xx.o
      2234        182          0         60        240      27558   tasks.o
       180         26          0          0         68       2218   usart.o
       142          0          0         20          0       3804   user_diskio.o

    ----------------------------------------------------------------------
     43136       2204     187816        284    1229744    1124816   Object Totals
         0          0         32          0          0          0   (incl. Generated)
        60          0          0          3         18          0   (incl. Padding)

    ----------------------------------------------------------------------

      Code (inc. data)   RO Data    RW Data    ZI Data      Debug   Library Member Name

         0          0          0          0          0          0   entry.o
         0          0          0          0          0          0   entry10a.o
         0          0          0          0          0          0   entry11a.o
         8          4          0          0          0          0   entry2.o
         4          0          0          0          0          0   entry5.o
         0          0          0          0          0          0   entry7b.o
         0          0          0          0          0          0   entry8b.o
         8          4          0          0          0          0   entry9a.o
        30          0          0          0          0          0   handlers.o
        36          8          0          0          0         68   init.o
         0          0          0          0          0          0   iusefp.o
        30          0          0          0          0         68   llshl.o
        32          0          0          0          0         68   llushr.o
        36          0          0          0          0         68   memcpya.o
        36          0          0          0          0        108   memseta.o
      1204         60          0          0          0        504   printf8.o
         0          0          0          4          0          0   stdout.o
        98          0          0          0          0         92   uldiv.o
       186          0          0          0          0        176   depilogue.o
        50          0          0          0          0         76   dfixui.o
        26          0          0          0          0         76   dfltui.o
       228          0          0          0          0         96   dmul.o

    ----------------------------------------------------------------------
      2016         76          0          4          0       1400   Library Totals
         4          0          0          0          0          0   (incl. Padding)

    ----------------------------------------------------------------------

      Code (inc. data)   RO Data    RW Data    ZI Data      Debug   Library Name

      1522         76          0          4          0        976   mc_w.l
       490          0          0          0          0        424   mf_w.l

    ----------------------------------------------------------------------
      2016         76          0          4          0       1400   Library Totals

    ----------------------------------------------------------------------

==============================================================================


      Code (inc. data)   RO Data    RW Data    ZI Data      Debug   

     45152       2280     187816        288    1229744    1094992   Grand Totals
     45152       2280     187816        288    1229744    1094992   ELF Image Totals
     45152       2280     187816        288          0          0   ROM Totals

==============================================================================

    Total RO  Size (Code + RO Data)               232968 ( 227.51kB)
    Total RW  Size (RW Data + ZI Data)           1230032 (1201.20kB)
    Total ROM Size (Code + RO Data + RW Data)     233256 ( 227.79kB)

==============================================================================

