<html>
<body>
<pre>
<h1>µVision Build Log</h1>
<h2>Tool Versions:</h2>
IDE-Version: ¦ÌVision V5.23.0.0
Copyright (C) 2017 ARM Ltd and ARM Germany GmbH. All rights reserved.
License Information: yang yuan, duobao, LIC=8VRJ7-EW0AZ-FW62N-YBJTM-X8RHG-DJF7M
 
Tool Versions:
Toolchain:       MDK-ARM Plus  Version: 5.23
Toolchain Path:  C:\Keil_v5\ARM\ARMCC\Bin
C Compiler:      Armcc.exe V5.06 update 4 (build 422)
Assembler:       Armasm.exe V5.06 update 4 (build 422)
Linker/Locator:  ArmLink.exe V5.06 update 4 (build 422)
Library Manager: ArmAr.exe V5.06 update 4 (build 422)
Hex Converter:   FromElf.exe V5.06 update 4 (build 422)
CPU DLL:         SARMCM3.DLL V5.23
Dialog DLL:      DCM.DLL V1.15.0.0
Target DLL:      STLink\ST-LINKIII-KEIL_SWO.dll V2.0.18.0
Dialog DLL:      TCM.DLL V1.27.0.0
 
<h2>Project:</h2>
C:\Users\Administrator\Desktop\StemWin_Port_FreeRTOS\MDK-ARM\StemWin_Port_FreeRTOS.uvprojx
Project File Date:  10/19/2024

<h2>Output:</h2>
*** Using Compiler 'V5.06 update 4 (build 422)', folder: 'C:\Keil_v5\ARM\ARMCC\Bin'
Build target 'StemWin_Port_FreeRTOS'
assembling startup_stm32f407xx.s...
compiling gt9xxx.c...
compiling delay.c...
compiling gpio.c...
compiling mymalloc.c...
compiling adc.c...
compiling sram.c...
compiling dht11.c...
compiling ft5206.c...
compiling ctiic.c...
compiling norflash.c...
compiling crc.c...
compiling touch.c...
compiling main.c...
compiling freertos.c...
compiling lcd.c...
compiling fsmc.c...
compiling stm32f4xx_hal_msp.c...
compiling spi.c...
compiling adc3.c...
compiling lsens.c...
compiling usart.c...
compiling i2c.c...
compiling stm32f4xx_hal_timebase_tim.c...
compiling lwip.c...
compiling ethernetif.c...
compiling stm32f4xx_it.c...
compiling stm32f4xx_hal_crc.c...
compiling stm32f4xx_hal_adc_ex.c...
compiling stm32f4xx_hal_adc.c...
compiling stm32f4xx_hal_eth.c...
compiling stm32f4xx_ll_fsmc.c...
compiling stm32f4xx_hal_sram.c...
compiling stm32f4xx_hal_i2c_ex.c...
compiling stm32f4xx_hal_rcc_ex.c...
compiling stm32f4xx_hal_rcc.c...
compiling stm32f4xx_hal_spi.c...
compiling stm32f4xx_hal_flash_ex.c...
compiling stm32f4xx_hal_flash_ramfunc.c...
compiling stm32f4xx_hal_gpio.c...
compiling stm32f4xx_hal_uart.c...
compiling stm32f4xx_hal_flash.c...
compiling stm32f4xx_hal_tim_ex.c...
compiling stm32f4xx_hal_dma_ex.c...
compiling stm32f4xx_hal_i2c.c...
compiling croutine.c...
compiling list.c...
compiling stm32f4xx_hal_tim.c...
compiling stm32f4xx_hal_pwr_ex.c...
compiling stm32f4xx_hal_dma.c...
compiling event_groups.c...
compiling queue.c...
compiling stream_buffer.c...
compiling stm32f4xx_hal_cortex.c...
compiling stm32f4xx_hal_pwr.c...
compiling stm32f4xx_hal.c...
compiling system_stm32f4xx.c...
compiling timers.c...
compiling stm32f4xx_hal_exti.c...
compiling tasks.c...
compiling heap_5.c...
compiling port.c...
compiling chap_ms.c...
compiling ccp.c...
compiling auth.c...
compiling demand.c...
compiling chap-md5.c...
compiling eui64.c...
compiling chap-new.c...
compiling eap.c...
compiling cmsis_os.c...
compiling fsm.c...
compiling ipv6cp.c...
compiling ipcp.c...
compiling lcp.c...
compiling magic.c...
compiling mppe.c...
compiling pppapi.c...
compiling pppcrypt.c...
compiling multilink.c...
compiling pppoe.c...
compiling pppos.c...
compiling pppol2tp.c...
compiling ppp.c...
compiling vj.c...
compiling utils.c...
compiling upap.c...
compiling ethernet.c...
compiling slipif.c...
compiling ecp.c...
compiling lowpan6.c...
compiling err.c...
compiling netifapi.c...
compiling netbuf.c...
compiling api_lib.c...
compiling if_api.c...
compiling netdb.c...
compiling altcp_alloc.c...
compiling tcpip.c...
compiling api_msg.c...
compiling altcp_tcp.c...
compiling altcp.c...
compiling dns.c...
compiling inet_chksum.c...
compiling def.c...
compiling sockets.c...
compiling init.c...
compiling ip.c...
compiling raw.c...
compiling memp.c...
compiling netif.c...
compiling mem.c...
compiling stats.c...
compiling pbuf.c...
compiling sys.c...
compiling autoip.c...
compiling udp.c...
compiling timeouts.c...
compiling tcp.c...
compiling tcp_out.c...
compiling dhcp.c...
compiling tcp_in.c...
compiling igmp.c...
compiling dhcp6.c...
compiling ip4.c...
compiling ip4_addr.c...
compiling icmp.c...
compiling etharp.c...
compiling ip4_frag.c...
compiling ethip6.c...
compiling icmp6.c...
compiling inet6.c...
compiling ip6_frag.c...
compiling GUI_X_OS.c...
compiling mld6.c...
compiling nd6.c...
compiling ip6.c...
compiling ip6_addr.c...
compiling sys_arch.c...
compiling GUIConf.c...
compiling LCDConf_FlexColor_Template.c...
compiling GUIDRV_Template.c...
compiling GUI_X_Touch_Analog.c...
compiling mqtt.c...
linking...
Program Size: Code=157980 RO-data=697884 RW-data=932 ZI-data=1237496  
"StemWin_Port_FreeRTOS\StemWin_Port_FreeRTOS.axf" - 0 Error(s), 0 Warning(s).

<h2>Collection of Component include folders:</h2>
  .\RTE\_StemWin_Port_FreeRTOS
  C:\Keil_v5\ARM\PACK\Keil\STM32F4xx_DFP\2.12.0\Drivers\CMSIS\Device\ST\STM32F4xx\Include

<h2>Collection of Component Files used:</h2>
Build Time Elapsed:  00:00:10
</pre>
</body>
</html>
